Loading ALL stocks from Lakehouse: /Users/amitkumar/Desktop/SectorTrackerApp/backend/data/daily_ohlcv.parquet...
Running Unified Expert Screener on 12092 stocks from Lakehouse...
A loop duration: 0.023s
AA loop duration: 1.566s
AAA loop duration: 2.604s
AAAA loop duration: 1.846s
AAAC loop duration: 2.075s
AAAU loop duration: 0.010s
AACB loop duration: 2.163s
AACBR loop duration: 0.008s
AACBU loop duration: 0.239s
AACG loop duration: 0.011s
AACIU loop duration: 0.009s
AACIW loop duration: 0.228s
AACOU loop duration: 0.900s
AADR loop duration: 0.013s
AAEQ loop duration: 1.930s
AAL loop duration: 0.284s
AALG loop duration: 0.277s
AAME loop duration: 0.014s
AAMI loop duration: 1.895s
AAOI loop duration: 0.011s
AAON loop duration: 2.322s
AAP loop duration: 0.011s
AAPB loop duration: 2.080s
AAPD loop duration: 0.013s
AAPG loop duration: 0.011s
AAPL loop duration: 2.598s
AAPR loop duration: 2.185s
AAPU loop duration: 1.424s
AAPW loop duration: 0.259s
AAPX loop duration: 0.949s
AAPY loop duration: 0.787s
AARD loop duration: 0.011s
AAT loop duration: 0.258s
AAUC loop duration: 0.012s
AAUM loop duration: 0.010s
AAUS loop duration: 0.863s
AAVM loop duration: 1.238s
AAXJ loop duration: 1.464s
AB loop duration: 0.007s
ABAT loop duration: 0.007s
ABBV loop duration: 0.007s
ABCB loop duration: 0.853s
ABCL loop duration: 0.241s
ABCS loop duration: 1.438s
ABEO loop duration: 0.007s
ABEQ loop duration: 0.491s
ABEV loop duration: 0.842s
ABFL loop duration: 1.499s
ABG loop duration: 0.008s
ABI loop duration: 0.559s
ABIG loop duration: 1.134s
ABLD loop duration: 0.528s
ABLG loop duration: 1.157s
ABLS loop duration: 0.008s
ABLV loop duration: 0.287s
ABLVW loop duration: 0.009s
ABM loop duration: 0.008s
ABNB loop duration: 0.007s
ABNG loop duration: 0.006s
ABNY loop duration: 0.007s
ABOS loop duration: 0.007s
ABOT loop duration: 0.528s
ABR loop duration: 0.013s
ABSI loop duration: 0.011s
ABT loop duration: 0.009s
ABTC loop duration: 0.009s
ABTS loop duration: 0.008s
ABUS loop duration: 0.011s
ABVC loop duration: 0.267s
ABVE loop duration: 0.012s
ABVEW loop duration: 0.010s
ABVX loop duration: 0.257s
ABX loop duration: 0.012s
ABXB loop duration: 0.259s
ABXL loop duration: 0.251s
ACA loop duration: 0.726s
ACAAU loop duration: 0.469s
ACAD loop duration: 0.006s
ACB loop duration: 0.007s
ACCL loop duration: 0.005s
ACCO loop duration: 0.252s
ACCS loop duration: 0.012s
ACDC loop duration: 0.009s
ACEI loop duration: 0.606s
ACEL loop duration: 0.011s
ACEP loop duration: 0.927s
ACES loop duration: 0.577s
ACET loop duration: 0.983s
ACFN loop duration: 0.008s
ACGL loop duration: 0.010s
Scanned 100/12092...
ACGLN loop duration: 0.009s
ACGLO loop duration: 0.008s
ACGR loop duration: 1.199s
ACH loop duration: 0.010s
ACHC loop duration: 0.008s
ACHR loop duration: 0.008s
ACHV loop duration: 0.008s
ACI loop duration: 0.007s
ACIC loop duration: 0.007s
ACII loop duration: 0.972s
ACIO loop duration: 1.139s
ACIU loop duration: 0.010s
ACIW loop duration: 0.009s
ACKY loop duration: 0.340s
ACLC loop duration: 1.213s
ACLO loop duration: 1.176s
ACLS loop duration: 0.408s
ACM loop duration: 0.008s
ACMR loop duration: 1.335s
ACN loop duration: 0.010s
ACNB loop duration: 1.419s
ACNT loop duration: 0.009s
ACOG loop duration: 0.009s
ACON loop duration: 0.008s
ACONW loop duration: 0.007s
ACP loop duration: 0.008s
ACR loop duration: 0.007s
ACRE loop duration: 0.006s
ACRS loop duration: 0.008s
ACRV loop duration: 0.007s
ACSG loop duration: 0.998s
ACSI loop duration: 1.190s
ACSV loop duration: 1.018s
ACT loop duration: 0.738s
ACTG loop duration: 0.011s
ACTU loop duration: 0.009s
ACU loop duration: 0.007s
ACV loop duration: 1.283s
ACVA loop duration: 0.009s
ACVF loop duration: 1.164s
ACVT loop duration: 1.007s
ACVU loop duration: 1.341s
ACWI loop duration: 1.335s
ACWV loop duration: 0.821s
ACWX loop duration: 1.176s
ACXP loop duration: 0.011s
AD loop duration: 0.007s
ADAC loop duration: 0.909s
ADACU loop duration: 0.384s
ADACW loop duration: 0.007s
ADAG loop duration: 0.008s
ADAM loop duration: 1.338s
ADAMG loop duration: 1.203s
ADAMH loop duration: 0.794s
ADAMI loop duration: 1.390s
ADAML loop duration: 1.050s
ADAMM loop duration: 1.295s
ADAMN loop duration: 1.285s
ADAMO loop duration: 0.981s
ADAMZ loop duration: 0.008s
ADBE loop duration: 0.008s
ADBG loop duration: 0.007s
ADC loop duration: 0.648s
ADCT loop duration: 0.011s
ADEA loop duration: 0.010s
ADFI loop duration: 0.259s
ADGM loop duration: 0.013s
ADI loop duration: 0.855s
ADIL loop duration: 0.266s
ADIV loop duration: 1.358s
ADM loop duration: 0.811s
ADMA loop duration: 0.010s
ADME loop duration: 1.184s
ADNT loop duration: 0.007s
ADP loop duration: 0.006s
ADPT loop duration: 0.006s
ADPV loop duration: 1.277s
ADSE loop duration: 0.008s
ADSEW loop duration: 0.007s
ADSK loop duration: 0.006s
ADT loop duration: 0.007s
ADTN loop duration: 0.722s
ADTX loop duration: 0.011s
ADUR loop duration: 0.256s
ADUS loop duration: 0.010s
ADV loop duration: 0.009s
ADVB loop duration: 0.008s
ADVE loop duration: 0.895s
ADX loop duration: 1.602s
ADXN loop duration: 0.012s
AEAQ loop duration: 0.848s
AEAQU loop duration: 0.997s
AEAQW loop duration: 0.891s
AEBI loop duration: 0.008s
AEC loop duration: 0.006s
AEE loop duration: 0.254s
Scanned 200/12092...
AEF loop duration: 1.432s
AEFC loop duration: 0.010s
AEG loop duration: 1.339s
AEHL loop duration: 0.252s
AEHR loop duration: 0.730s
AEI loop duration: 0.010s
AEIS loop duration: 0.008s
AEM loop duration: 0.008s
AEMD loop duration: 0.264s
AEMS loop duration: 1.328s
AENT loop duration: 0.007s
AENTW loop duration: 0.007s
AEO loop duration: 0.007s
AEON loop duration: 0.008s
AEP loop duration: 0.771s
AER loop duration: 0.545s
AERO loop duration: 0.008s
AERT loop duration: 0.310s
AERTW loop duration: 0.008s
AES loop duration: 0.007s
AESI loop duration: 0.007s
AESR loop duration: 0.412s
AETH loop duration: 0.009s
AEVA loop duration: 0.254s
AEXA loop duration: 0.011s
AEYE loop duration: 0.009s
AFB loop duration: 0.745s
AFBI loop duration: 1.237s
AFCG loop duration: 0.338s
AFG loop duration: 0.012s
AFGB loop duration: 0.011s
AFGC loop duration: 0.010s
AFGD loop duration: 0.007s
AFGE loop duration: 0.008s
AFIF loop duration: 0.714s
AFIX loop duration: 0.720s
AFJK loop duration: 0.008s
AFJKR loop duration: 0.007s
AFJKU loop duration: 0.007s
AFK loop duration: 0.008s
AFL loop duration: 0.802s
AFLG loop duration: 1.149s
AFMC loop duration: 1.455s
AFOS loop duration: 0.843s
AFRI loop duration: 0.008s
AFRIW loop duration: 0.007s
AFRM loop duration: 0.006s
AFRU loop duration: 0.006s
AFSC loop duration: 1.402s
AFSM loop duration: 1.246s
AFYA loop duration: 0.010s
AG loop duration: 0.009s
AGBK loop duration: 0.006s
AGCC loop duration: 0.007s
AGCO loop duration: 0.007s
AGD loop duration: 0.008s
AGEM loop duration: 1.153s
AGEN loop duration: 0.008s
AGG loop duration: 0.785s
AGGA loop duration: 0.907s
AGGH loop duration: 0.250s
AGGS loop duration: 0.603s
AGGY loop duration: 0.798s
AGI loop duration: 0.011s
AGIG loop duration: 0.009s
AGIO loop duration: 0.008s
AGIQ loop duration: 0.818s
AGIX loop duration: 1.298s
AGL loop duration: 2.102s
AGM loop duration: 0.010s
AGMB loop duration: 0.007s
AGMH loop duration: 0.318s
AGMI loop duration: 0.007s
AGNC loop duration: 0.007s
AGNCL loop duration: 1.259s
AGNCM loop duration: 1.006s
AGNCN loop duration: 1.121s
AGNCO loop duration: 2.534s
AGNCP loop duration: 2.197s
AGNCZ loop duration: 0.909s
AGNG loop duration: 0.009s
AGNT loop duration: 0.008s
AGO loop duration: 0.008s
AGOX loop duration: 1.153s
AGPU loop duration: 0.010s
AGQ loop duration: 0.009s
AGQI loop duration: 1.989s
AGRH loop duration: 2.665s
AGRO loop duration: 0.011s
AGRW loop duration: 2.111s
AGRZ loop duration: 0.008s
AGX loop duration: 0.008s
AGYS loop duration: 0.008s
AGZ loop duration: 2.235s
AGZD loop duration: 2.331s
AHCO loop duration: 0.006s
AHG loop duration: 0.007s
AHLT loop duration: 1.980s
AHMA loop duration: 0.008s
Scanned 300/12092...
AHR loop duration: 1.022s
AHRT loop duration: 0.013s
AHT loop duration: 0.010s
AHYB loop duration: 1.916s
AI loop duration: 0.010s
AIA loop duration: 1.986s
AIBD loop duration: 0.010s
AIBU loop duration: 2.489s
AIDX loop duration: 0.007s
AIEQ loop duration: 2.099s
AIFA loop duration: 0.010s
AIFC loop duration: 0.007s
AIFD loop duration: 2.112s
AIFF loop duration: 0.008s
AIFU loop duration: 0.259s
AIG loop duration: 0.010s
AIHS loop duration: 0.008s
AII loop duration: 0.007s
AIIA loop duration: 1.601s
AIIO loop duration: 0.257s
AIIOW loop duration: 0.330s
AIM loop duration: 0.012s
AIMD loop duration: 0.253s
AIMDW loop duration: 0.259s
AIMS loop duration: 1.674s
AIN loop duration: 0.012s
AINP loop duration: 1.196s
AINT loop duration: 1.911s
AIO loop duration: 2.679s
AIOO loop duration: 1.762s
AIOS loop duration: 0.289s
AIOT loop duration: 0.009s
AIP loop duration: 1.269s
AIPI loop duration: 0.012s
AIPO loop duration: 1.972s
AIQ loop duration: 2.045s
AIR loop duration: 0.010s
AIRE loop duration: 0.258s
AIRG loop duration: 0.271s
AIRI loop duration: 0.012s
AIRJ loop duration: 0.257s
AIRJW loop duration: 0.258s
AIRO loop duration: 0.009s
AIRR loop duration: 2.194s
AIRS loop duration: 0.251s
AIRT loop duration: 0.008s
AIRTP loop duration: 0.007s
AIS loop duration: 1.955s
AISP loop duration: 0.009s
AISPW loop duration: 0.008s
AIT loop duration: 2.189s
AIUP loop duration: 1.601s
AIV loop duration: 0.012s
AIVC loop duration: 2.215s
AIVI loop duration: 2.155s
AIVL loop duration: 2.025s
AIXC loop duration: 0.008s
AIXI loop duration: 0.250s
AIYY loop duration: 0.007s
AIZ loop duration: 1.255s
AIZN loop duration: 0.009s
AJAN loop duration: 1.754s
AJG loop duration: 0.010s
AJUL loop duration: 2.468s
AKA loop duration: 0.009s
AKAF loop duration: 1.667s
AKAM loop duration: 0.336s
AKBA loop duration: 0.010s
AKR loop duration: 0.255s
AKRE loop duration: 0.011s
AKTS loop duration: 0.009s
AKTX loop duration: 0.273s
ALAB loop duration: 1.657s
ALAI loop duration: 1.209s
ALAR loop duration: 0.007s
ALB loop duration: 0.006s
ALBG loop duration: 0.006s
ALBT loop duration: 0.006s
ALC loop duration: 0.006s
ALCO loop duration: 0.470s
ALDF loop duration: 1.097s
ALDFU loop duration: 0.007s
ALDFW loop duration: 0.006s
ALDX loop duration: 0.006s
ALEC loop duration: 0.006s
ALF loop duration: 0.993s
ALFUU loop duration: 1.425s
ALFUW loop duration: 0.045s
ALG loop duration: 0.009s
ALGM loop duration: 0.547s
ALGN loop duration: 0.008s
ALGS loop duration: 0.008s
ALGT loop duration: 0.048s
ALH loop duration: 0.519s
ALHC loop duration: 0.012s
ALIL loop duration: 0.837s
Scanned 400/12092...
ALIS loop duration: 0.902s
ALISR loop duration: 0.007s
ALISU loop duration: 0.007s
ALIT loop duration: 0.007s
ALK loop duration: 0.008s
ALKS loop duration: 0.470s
ALKT loop duration: 0.007s
ALL loop duration: 0.008s
ALLE loop duration: 0.006s
ALLO loop duration: 0.007s
ALLR loop duration: 0.043s
ALLT loop duration: 0.007s
ALLW loop duration: 0.813s
ALLY loop duration: 0.502s
ALM loop duration: 0.010s
ALMS loop duration: 0.008s
ALMU loop duration: 0.008s
ALNT loop duration: 0.039s
ALNY loop duration: 0.008s
ALOT loop duration: 0.042s
ALOVU loop duration: 0.526s
ALOY loop duration: 0.010s
ALP loop duration: 0.047s
ALPS loop duration: 0.008s
ALRG loop duration: 0.727s
ALRM loop duration: 0.007s
ALRS loop duration: 0.930s
ALSN loop duration: 0.010s
ALT loop duration: 0.009s
ALTG loop duration: 0.009s
ALTI loop duration: 0.008s
ALTL loop duration: 0.469s
ALTO loop duration: 0.010s
ALTY loop duration: 1.715s
ALUB loop duration: 1.040s
ALV loop duration: 0.985s
ALVO loop duration: 0.009s
ALVOW loop duration: 0.045s
ALX loop duration: 0.046s
ALXO loop duration: 0.044s
ALZN loop duration: 0.008s
AM loop duration: 0.007s
AMAL loop duration: 0.398s
AMAT loop duration: 0.950s
AMAX loop duration: 0.438s
AMBA loop duration: 0.442s
AMBO loop duration: 0.007s
AMBP loop duration: 0.008s
AMBQ loop duration: 0.556s
AMBR loop duration: 0.012s
AMC loop duration: 0.010s
AMCI loop duration: 0.009s
AMCR loop duration: 0.009s
AMCX loop duration: 0.043s
AMD loop duration: 1.215s
AMDD loop duration: 0.009s
AMDG loop duration: 0.499s
AMDL loop duration: 0.493s
AMDW loop duration: 1.024s
AMDY loop duration: 0.799s
AME loop duration: 0.522s
AMG loop duration: 0.688s
AMGN loop duration: 0.013s
AMH loop duration: 0.012s
AMID loop duration: 0.592s
AMIX loop duration: 0.008s
AMJB loop duration: 0.576s
AMKR loop duration: 0.494s
AMLP loop duration: 0.595s
AMLX loop duration: 0.010s
AMN loop duration: 0.046s
AMOD loop duration: 0.008s
AMODW loop duration: 0.007s
AMOM loop duration: 0.842s
AMP loop duration: 0.009s
AMPG loop duration: 0.038s
AMPGR loop duration: 0.042s
AMPGZ loop duration: 0.042s
AMPH loop duration: 0.010s
AMPL loop duration: 0.009s
AMPX loop duration: 0.008s
AMPY loop duration: 0.007s
AMR loop duration: 0.007s
AMRC loop duration: 0.038s
AMRN loop duration: 0.008s
AMRX loop duration: 0.007s
AMRZ loop duration: 0.007s
AMS loop duration: 0.008s
AMSC loop duration: 0.008s
AMSF loop duration: 0.007s
AMST loop duration: 0.044s
Scanned 500/12092...
AMT loop duration: 0.008s
AMTB loop duration: 0.007s
AMTD loop duration: 0.006s
AMTM loop duration: 0.006s
AMTX loop duration: 0.007s
AMUB loop duration: 0.497s
AMUN loop duration: 0.935s
AMUU loop duration: 0.385s
AMWD loop duration: 0.007s
AMWL loop duration: 0.043s
AMX loop duration: 0.514s
AMYY loop duration: 0.007s
AMZA loop duration: 0.584s
AMZD loop duration: 0.010s
AMZE loop duration: 0.047s
AMZN loop duration: 0.796s
AMZP loop duration: 0.045s
AMZU loop duration: 0.042s
AMZW loop duration: 0.007s
AMZY loop duration: 0.007s
AMZZ loop duration: 0.566s
AN loop duration: 0.008s
ANAB loop duration: 0.007s
ANDE loop duration: 0.008s
ANDG loop duration: 0.294s
ANEL loop duration: 0.010s
ANET loop duration: 0.010s
ANEW loop duration: 0.306s
ANF loop duration: 0.009s
ANGH loop duration: 0.008s
ANGHW loop duration: 0.008s
ANGI loop duration: 0.007s
ANGL loop duration: 0.393s
ANGO loop duration: 0.008s
ANGX loop duration: 0.006s
ANIK loop duration: 0.007s
ANIP loop duration: 0.007s
ANIX loop duration: 0.007s
ANL loop duration: 0.007s
ANNA loop duration: 0.007s
ANNAW loop duration: 0.007s
ANNX loop duration: 0.006s
ANPA loop duration: 0.006s
ANRO loop duration: 0.006s
ANSC loop duration: 0.604s
ANSCU loop duration: 0.278s
ANSCW loop duration: 0.007s
ANTA loop duration: 0.008s
ANTX loop duration: 0.008s
ANV loop duration: 0.514s
ANVS loop duration: 0.011s
ANY loop duration: 0.048s
AOA loop duration: 0.684s
AOCT loop duration: 0.488s
AOD loop duration: 0.437s
AOHY loop duration: 0.604s
AOK loop duration: 0.655s
AOM loop duration: 0.698s
AOMD loop duration: 0.274s
AOMN loop duration: 0.334s
AOMR loop duration: 0.007s
AON loop duration: 0.007s
AOR loop duration: 0.764s
AORT loop duration: 0.007s
AOS loop duration: 0.006s
AOSL loop duration: 0.635s
AOTG loop duration: 0.602s
AOTS loop duration: 0.231s
AOUT loop duration: 0.009s
AP loop duration: 0.008s
APA loop duration: 0.007s
APAC loop duration: 0.475s
APACR loop duration: 0.007s
APACU loop duration: 0.006s
APAM loop duration: 0.007s
APC loop duration: 0.322s
APCB loop duration: 0.306s
APD loop duration: 0.007s
APEI loop duration: 0.007s
APG loop duration: 0.007s
APGE loop duration: 0.006s
APH loop duration: 0.007s
APHU loop duration: 0.005s
API loop duration: 0.006s
APIE loop duration: 0.613s
APLD loop duration: 0.581s
APLE loop duration: 0.401s
APLM loop duration: 0.007s
APLMW loop duration: 0.006s
APLU loop duration: 0.260s
APLX loop duration: 0.058s
APLY loop duration: 0.008s
APLZ loop duration: 0.006s
APM loop duration: 0.007s
APMU loop duration: 0.477s
APO loop duration: 0.010s
APOC loop duration: 0.608s
APOG loop duration: 0.008s
Scanned 600/12092...
APOS loop duration: 0.319s
APP loop duration: 0.042s
APPF loop duration: 0.009s
APPN loop duration: 0.008s
APPS loop duration: 0.043s
APPX loop duration: 0.046s
APRB loop duration: 0.558s
APRE loop duration: 0.010s
APRH loop duration: 0.579s
APRJ loop duration: 0.600s
APRP loop duration: 0.511s
APRT loop duration: 0.581s
APRW loop duration: 0.529s
APRZ loop duration: 0.609s
APT loop duration: 0.048s
APTV loop duration: 0.008s
APUE loop duration: 0.704s
APUS loop duration: 0.008s
APVO loop duration: 0.007s
APWC loop duration: 0.007s
APXM loop duration: 0.542s
APXT loop duration: 0.501s
APXTU loop duration: 0.535s
APXTW loop duration: 0.008s
APYX loop duration: 0.009s
AQB loop duration: 0.008s
AQEC loop duration: 0.234s
AQLT loop duration: 0.581s
AQMS loop duration: 0.007s
AQN loop duration: 0.007s
AQNB loop duration: 0.614s
AQST loop duration: 0.007s
AQWA loop duration: 0.394s
AR loop duration: 0.008s
ARAI loop duration: 0.008s
ARAY loop duration: 0.007s
ARB loop duration: 0.643s
ARBB loop duration: 0.008s
ARBE loop duration: 0.052s
ARBEW loop duration: 0.048s
ARBK loop duration: 0.009s
ARCB loop duration: 1.045s
ARCC loop duration: 0.009s
ARCIU loop duration: 0.259s
ARCM loop duration: 0.576s
ARCO loop duration: 0.010s
ARCT loop duration: 0.008s
ARCX loop duration: 0.042s
ARDC loop duration: 0.009s
ARDT loop duration: 0.008s
ARDX loop duration: 0.008s
ARE loop duration: 0.043s
AREC loop duration: 0.007s
AREN loop duration: 0.007s
ARES loop duration: 0.006s
ARGT loop duration: 0.006s
ARGX loop duration: 0.006s
ARHS loop duration: 0.006s
ARI loop duration: 0.355s
ARIS loop duration: 0.009s
ARKB loop duration: 0.009s
ARKD loop duration: 0.008s
ARKF loop duration: 0.008s
ARKG loop duration: 0.007s
ARKK loop duration: 0.010s
ARKO loop duration: 0.609s
ARKQ loop duration: 0.598s
ARKR loop duration: 0.009s
ARKT loop duration: 0.008s
ARKW loop duration: 0.008s
ARKX loop duration: 0.848s
ARL loop duration: 0.010s
ARLO loop duration: 0.007s
ARLP loop duration: 0.006s
ARLU loop duration: 0.542s
ARM loop duration: 0.045s
ARMG loop duration: 0.046s
ARMH loop duration: 0.306s
ARMK loop duration: 0.671s
ARMP loop duration: 0.011s
ARMW loop duration: 0.043s
ARMY loop duration: 0.008s
AROC loop duration: 0.428s
AROW loop duration: 0.815s
ARP loop duration: 0.768s
ARQ loop duration: 0.008s
ARQQ loop duration: 0.044s
ARQQW loop duration: 0.008s
ARQT loop duration: 0.007s
ARR loop duration: 0.007s
ARRY loop duration: 0.007s
ARTCU loop duration: 0.477s
Scanned 700/12092...
ARTL loop duration: 0.007s
ARTNA loop duration: 0.007s
ARTV loop duration: 0.006s
ARTW loop duration: 0.006s
ARTY loop duration: 0.571s
ARVN loop duration: 0.006s
ARVR loop duration: 0.566s
ARW loop duration: 0.346s
ARWG loop duration: 0.507s
ARWR loop duration: 0.641s
ARX loop duration: 0.042s
AS loop duration: 0.009s
ASA loop duration: 0.007s
ASAN loop duration: 0.007s
ASB loop duration: 0.367s
ASBA loop duration: 0.302s
ASBP loop duration: 0.045s
ASBPW loop duration: 0.007s
ASC loop duration: 0.007s
ASCE loop duration: 0.458s
ASCI loop duration: 0.769s
ASEA loop duration: 0.410s
ASG loop duration: 0.007s
ASGI loop duration: 0.289s
ASGM loop duration: 0.498s
ASH loop duration: 0.009s
ASHR loop duration: 0.358s
ASHS loop duration: 0.330s
ASIA loop duration: 0.619s
ASIC loop duration: 0.010s
ASIX loop duration: 0.008s
ASLE loop duration: 0.008s
ASLV loop duration: 0.506s
ASM loop duration: 0.011s
ASMB loop duration: 0.009s
ASMF loop duration: 0.307s
ASMG loop duration: 0.447s
ASMH loop duration: 0.337s
ASML loop duration: 0.438s
ASMU loop duration: 0.440s
ASND loop duration: 0.362s
ASO loop duration: 0.008s
ASPC loop duration: 0.007s
ASPCR loop duration: 0.007s
ASPCU loop duration: 0.044s
ASPI loop duration: 0.043s
ASPN loop duration: 0.042s
ASPS loop duration: 0.008s
ASPSW loop duration: 0.007s
ASPSZ loop duration: 0.007s
ASR loop duration: 0.007s
ASRT loop duration: 0.566s
ASRV loop duration: 0.008s
ASST loop duration: 0.518s
ASTC loop duration: 0.274s
ASTE loop duration: 0.007s
ASTH loop duration: 0.043s
ASTI loop duration: 0.041s
ASTL loop duration: 0.008s
ASTLW loop duration: 0.007s
ASTN loop duration: 0.006s
ASTS loop duration: 0.338s
ASTX loop duration: 0.037s
ASUR loop duration: 0.007s
ASX loop duration: 0.709s
ASYS loop duration: 0.320s
ATAI loop duration: 0.007s
ATAT loop duration: 0.007s
ATCH loop duration: 0.007s
ATCL loop duration: 0.582s
ATCX loop duration: 0.006s
ATEC loop duration: 0.007s
ATEN loop duration: 0.577s
ATER loop duration: 0.008s
ATEX loop duration: 0.746s
ATFV loop duration: 0.704s
ATGL loop duration: 0.008s
ATHE loop duration: 0.008s
ATHM loop duration: 0.007s
ATHR loop duration: 0.007s
ATHS loop duration: 0.310s
ATI loop duration: 0.386s
ATII loop duration: 0.258s
ATIIU loop duration: 0.009s
ATIIW loop duration: 0.046s
ATKR loop duration: 0.047s
ATLC loop duration: 0.577s
ATLCL loop duration: 0.754s
ATLCP loop duration: 0.309s
ATLCZ loop duration: 0.573s
ATLN loop duration: 0.010s
ATLO loop duration: 0.335s
ATLX loop duration: 0.008s
ATMP loop duration: 0.425s
ATMU loop duration: 0.006s
ATNI loop duration: 0.007s
Scanned 800/12092...
ATNM loop duration: 0.006s
ATO loop duration: 0.377s
ATOM loop duration: 0.044s
ATOS loop duration: 0.008s
ATPC loop duration: 0.046s
ATR loop duration: 0.008s
ATRA loop duration: 0.040s
ATRC loop duration: 0.007s
ATRO loop duration: 0.314s
ATS loop duration: 0.536s
ATTR loop duration: 0.535s
ATYR loop duration: 0.008s
AU loop duration: 0.007s
AUAU loop duration: 0.005s
AUB loop duration: 0.007s
AUBN loop duration: 0.007s
AUC loop duration: 0.007s
AUDC loop duration: 0.007s
AUGM loop duration: 0.520s
AUGO loop duration: 0.010s
AUGP loop duration: 0.577s
AUGT loop duration: 0.655s
AUGU loop duration: 0.551s
AUGW loop duration: 0.734s
AUGZ loop duration: 0.606s
AUID loop duration: 0.008s
AUMI loop duration: 0.008s
AUNA loop duration: 0.008s
AUPH loop duration: 0.248s
AUR loop duration: 0.040s
AURA loop duration: 0.009s
AURE loop duration: 0.007s
AUROW loop duration: 0.045s
AUSF loop duration: 0.057s
AUSM loop duration: 0.471s
AUST loop duration: 0.009s
AUTL loop duration: 0.008s
AUUD loop duration: 0.008s
AVA loop duration: 0.383s
AVAH loop duration: 0.008s
AVAL loop duration: 0.008s
AVAV loop duration: 0.007s
AVB loop duration: 0.007s
AVBC loop duration: 0.006s
AVBH loop duration: 0.484s
AVBP loop duration: 0.008s
AVD loop duration: 0.008s
AVDE loop duration: 0.644s
AVDS loop duration: 0.665s
AVDV loop duration: 0.552s
AVEE loop duration: 0.663s
AVEM loop duration: 0.600s
AVES loop duration: 0.644s
AVGB loop duration: 0.584s
AVGE loop duration: 0.605s
AVGO loop duration: 0.046s
AVGU loop duration: 0.244s
AVGV loop duration: 0.595s
AVGW loop duration: 0.008s
AVGX loop duration: 0.009s
AVIE loop duration: 0.683s
AVIG loop duration: 0.399s
AVIR loop duration: 0.007s
AVIV loop duration: 0.642s
AVK loop duration: 0.723s
AVL loop duration: 0.007s
AVLC loop duration: 0.592s
AVLV loop duration: 0.710s
AVMA loop duration: 0.587s
AVMC loop duration: 0.676s
AVMU loop duration: 0.332s
AVMV loop duration: 0.597s
AVNM loop duration: 0.580s
AVNS loop duration: 0.671s
AVNT loop duration: 0.010s
AVNV loop duration: 0.533s
AVNW loop duration: 0.008s
AVO loop duration: 0.007s
AVPT loop duration: 0.012s
AVR loop duration: 0.046s
AVRE loop duration: 0.548s
AVRY loop duration: 0.287s
AVS loop duration: 0.009s
AVSC loop duration: 0.546s
AVSD loop duration: 0.626s
AVSE loop duration: 0.575s
AVSF loop duration: 0.809s
AVSU loop duration: 0.796s
AVT loop duration: 0.371s
AVTM loop duration: 0.496s
AVTR loop duration: 0.009s
AVTX loop duration: 0.008s
AVUQ loop duration: 0.545s
AVUS loop duration: 0.647s
AVUV loop duration: 0.645s
Scanned 900/12092...
AVX loop duration: 0.008s
AVXC loop duration: 0.524s
AVXL loop duration: 0.007s
AVXX loop duration: 0.006s
AVY loop duration: 0.006s
AWAY loop duration: 0.006s
AWF loop duration: 0.382s
AWI loop duration: 0.008s
AWK loop duration: 0.007s
AWP loop duration: 0.331s
AWR loop duration: 0.047s
AWRE loop duration: 0.008s
AWX loop duration: 0.008s
AX loop duration: 0.007s
AXG loop duration: 0.007s
AXGN loop duration: 0.007s
AXIA loop duration: 0.006s
AXIL loop duration: 0.007s
AXIN loop duration: 0.219s
AXINR loop duration: 0.043s
AXINU loop duration: 0.492s
AXON loop duration: 0.008s
AXP loop duration: 0.007s
AXPG loop duration: 0.006s
AXR loop duration: 0.044s
AXS loop duration: 0.007s
AXSM loop duration: 0.595s
AXTA loop duration: 0.008s
AXTI loop duration: 0.040s
AYI loop duration: 0.008s
AYTU loop duration: 0.007s
AZ loop duration: 0.007s
AZI loop duration: 0.007s
AZN loop duration: 0.005s
AZO loop duration: 0.006s
AZTA loop duration: 0.006s
AZTD loop duration: 0.391s
AZTR loop duration: 0.007s
AZYY loop duration: 0.007s
AZZ loop duration: 0.371s
B loop duration: 0.007s
BA loop duration: 0.006s
BAB loop duration: 0.091s
BABA loop duration: 0.007s
BABO loop duration: 0.007s
BABU loop duration: 0.005s
BABW loop duration: 0.006s
BABX loop duration: 0.006s
BAC loop duration: 0.006s
BACC loop duration: 0.488s
BACCR loop duration: 0.006s
BACCU loop duration: 0.006s
BAER loop duration: 0.006s
BAERW loop duration: 0.007s
BAFE loop duration: 0.588s
BAFN loop duration: 0.009s
BAGY loop duration: 0.008s
BAH loop duration: 0.008s
BAI loop duration: 0.530s
BAIG loop duration: 0.325s
BAK loop duration: 0.045s
BALI loop duration: 0.582s
BALL loop duration: 0.007s
BALQ loop duration: 0.519s
BALT loop duration: 0.526s
BALY loop duration: 0.009s
BAM loop duration: 0.008s
BAMA loop duration: 0.605s
BAMB loop duration: 0.045s
BAMD loop duration: 0.320s
BAMG loop duration: 0.712s
BAMO loop duration: 0.593s
BAMU loop duration: 0.261s
BAMV loop duration: 0.612s
BAMY loop duration: 0.545s
BANC loop duration: 0.009s
BAND loop duration: 0.514s
BANF loop duration: 0.008s
BANFP loop duration: 0.041s
BANR loop duration: 0.008s
BANX loop duration: 0.007s
BANXR loop duration: 0.005s
BAOS loop duration: 0.006s
BAP loop duration: 0.006s
BAPR loop duration: 0.617s
BAR loop duration: 0.006s
BARK loop duration: 0.006s
BASG loop duration: 0.266s
BASV loop duration: 0.459s
BATL loop duration: 0.008s
BATRA loop duration: 0.439s
BATRK loop duration: 0.352s
BATT loop duration: 0.414s
BAUG loop duration: 0.647s
BAX loop duration: 0.008s
Scanned 1000/12092...
BAYA loop duration: 0.009s
BAYAR loop duration: 0.008s
BAYAU loop duration: 0.488s
BB loop duration: 0.589s
BBAG loop duration: 0.523s
BBAI loop duration: 0.007s
BBAR loop duration: 0.046s
BBAX loop duration: 0.376s
BBB loop duration: 0.308s
BBBI loop duration: 0.297s
BBBL loop duration: 0.009s
BBBS loop duration: 0.610s
BBBY loop duration: 0.046s
BBC loop duration: 0.371s
BBCA loop duration: 0.704s
BBCB loop duration: 0.044s
BBCP loop duration: 0.042s
BBCQ loop duration: 0.225s
BBCQU loop duration: 0.226s
BBCQW loop duration: 0.329s
BBD loop duration: 0.009s
BBDC loop duration: 0.009s
BBDO loop duration: 0.007s
BBEM loop duration: 0.580s
BBEU loop duration: 0.794s
BBGI loop duration: 0.009s
BBH loop duration: 0.411s
BBHL loop duration: 0.516s
BBHM loop duration: 0.267s
BBHY loop duration: 0.337s
BBIB loop duration: 0.318s
BBIN loop duration: 0.582s
BBIO loop duration: 0.007s
BBJP loop duration: 0.323s
BBLB loop duration: 0.009s
BBLG loop duration: 0.008s
BBLGW loop duration: 0.007s
BBLU loop duration: 0.645s
BBMC loop duration: 0.648s
BBN loop duration: 0.008s
BBNX loop duration: 0.007s
BBOT loop duration: 0.007s
BBP loop duration: 0.283s
BBRE loop duration: 0.695s
BBSB loop duration: 0.598s
BBSC loop duration: 0.611s
BBSI loop duration: 0.008s
BBT loop duration: 0.008s
BBUC loop duration: 0.007s
BBUS loop duration: 0.515s
BBVA loop duration: 0.008s
BBW loop duration: 0.007s
BBWI loop duration: 0.007s
BBY loop duration: 0.007s
BBYY loop duration: 0.006s
BC loop duration: 0.007s
BCAB loop duration: 0.006s
BCAL loop duration: 0.264s
BCAR loop duration: 0.219s
BCARU loop duration: 0.216s
BCARW loop duration: 0.042s
BCAT loop duration: 0.325s
BCAX loop duration: 0.008s
BCBP loop duration: 0.044s
BCC loop duration: 0.008s
BCCC loop duration: 0.006s
BCD loop duration: 0.297s
BCDA loop duration: 0.008s
BCDF loop duration: 0.047s
BCE loop duration: 0.009s
BCFN loop duration: 0.006s
BCG loop duration: 0.007s
BCGD loop duration: 1.522s
BCGWW loop duration: 0.007s
BCH loop duration: 0.007s
BCHI loop duration: 0.599s
BCHP loop duration: 0.326s
BCI loop duration: 0.410s
BCIC loop duration: 0.006s
BCIL loop duration: 0.298s
BCKT loop duration: 0.007s
BCLO loop duration: 0.567s
BCML loop duration: 0.293s
BCO loop duration: 0.009s
BCOR loop duration: 0.008s
BCPC loop duration: 0.008s
BCPL loop duration: 0.007s
BCRX loop duration: 0.007s
BCS loop duration: 0.007s
BCSF loop duration: 0.007s
BCSM loop duration: 0.265s
BCSS loop duration: 0.592s
BCTK loop duration: 0.497s
BCTX loop duration: 0.010s
BCTXL loop duration: 0.007s
BCTXZ loop duration: 0.009s
Scanned 1100/12092...
BCUS loop duration: 0.705s
BCV loop duration: 0.672s
BCX loop duration: 0.008s
BCYC loop duration: 0.008s
BDBT loop duration: 0.369s
BDC loop duration: 0.008s
BDCI loop duration: 0.504s
BDCIU loop duration: 0.285s
BDCIW loop duration: 0.007s
BDCX loop duration: 0.007s
BDCZ loop duration: 0.007s
BDEC loop duration: 0.563s
BDGS loop duration: 0.552s
BDIV loop duration: 0.596s
BDJ loop duration: 0.432s
BDL loop duration: 0.320s
BDMD loop duration: 0.008s
BDMDW loop duration: 0.007s
BDN loop duration: 0.007s
BDRX loop duration: 0.007s
BDRY loop duration: 0.485s
BDSX loop duration: 0.047s
BDTX loop duration: 0.009s
BDVG loop duration: 0.553s
BDVL loop duration: 0.544s
BDX loop duration: 0.008s
BDYN loop duration: 0.528s
BE loop duration: 0.313s
BEAG loop duration: 0.047s
BEAGR loop duration: 0.009s
BEAGU loop duration: 0.262s
BEAM loop duration: 0.007s
BEAT loop duration: 0.007s
BEATW loop duration: 0.007s
BEBE loop duration: 0.619s
BEDY loop duration: 0.506s
BEDZ loop duration: 0.608s
BEEM loop duration: 0.007s
BEEP loop duration: 0.007s
BEEX loop duration: 0.587s
BEEZ loop duration: 0.419s
BEG loop duration: 0.007s
BEGS loop duration: 0.008s
BEKE loop duration: 0.007s
BELFA loop duration: 0.333s
BELFB loop duration: 0.380s
BELT loop duration: 0.315s
BEMB loop duration: 0.427s
BEN loop duration: 0.356s
BENF loop duration: 0.008s
BENFW loop duration: 0.007s
BENJ loop duration: 0.527s
BEP loop duration: 0.881s
BEPC loop duration: 0.009s
BEPH loop duration: 0.008s
BEPI loop duration: 0.007s
BEPJ loop duration: 0.387s
BERZ loop duration: 0.007s
BESF loop duration: 0.262s
BESS loop duration: 0.043s
BETA loop duration: 0.007s
BETE loop duration: 0.007s
BETH loop duration: 0.006s
BETR loop duration: 0.007s
BETRW loop duration: 0.006s
BETZ loop duration: 0.007s
BEX loop duration: 0.006s
BEZ loop duration: 0.005s
BFAM loop duration: 0.006s
BFAP loop duration: 0.006s
BFC loop duration: 0.382s
BFEB loop duration: 0.586s
BFH loop duration: 0.409s
BFIX loop duration: 0.271s
BFJA loop duration: 0.222s
BFJL loop duration: 0.008s
BFLB loop duration: 0.466s
BFLY loop duration: 0.008s
BFOC loop duration: 0.006s
BFOR loop duration: 0.600s
BFRG loop duration: 0.010s
BFRGW loop duration: 0.009s
BFRI loop duration: 0.008s
BFRIW loop duration: 0.007s
BFRZ loop duration: 0.286s
BFS loop duration: 0.044s
BFST loop duration: 0.290s
BG loop duration: 0.361s
BGB loop duration: 0.009s
BGC loop duration: 0.007s
BGDE loop duration: 0.042s
BGDV loop duration: 0.508s
BGH loop duration: 0.007s
BGI loop duration: 0.007s
BGIG loop duration: 0.617s
BGIN loop duration: 0.008s
Scanned 1200/12092...
BGL loop duration: 0.008s
BGLC loop duration: 0.008s
BGLD loop duration: 0.008s
BGLWW loop duration: 0.007s
BGM loop duration: 0.007s
BGMS loop duration: 0.006s
BGR loop duration: 0.006s
BGRN loop duration: 0.374s
BGRO loop duration: 0.594s
BGS loop duration: 0.009s
BGSF loop duration: 0.008s
BGSI loop duration: 0.007s
BGT loop duration: 0.008s
BGX loop duration: 0.008s
BGY loop duration: 0.443s
BH loop duration: 0.008s
BHB loop duration: 0.329s
BHC loop duration: 0.009s
BHE loop duration: 0.341s
BHF loop duration: 0.281s
BHFAL loop duration: 0.007s
BHFAM loop duration: 0.007s
BHFAN loop duration: 0.007s
BHFAO loop duration: 0.006s
BHFAP loop duration: 0.006s
BHK loop duration: 0.006s
BHM loop duration: 0.006s
BHP loop duration: 0.361s
BHR loop duration: 0.009s
BHRB loop duration: 0.008s
BHST loop duration: 0.007s
BHV loop duration: 0.041s
BHVN loop duration: 0.042s
BHYB loop duration: 0.566s
BIAF loop duration: 0.007s
BIAFW loop duration: 0.007s
BIB loop duration: 0.007s
BIBL loop duration: 0.630s
BIDD loop duration: 0.574s
BIDG loop duration: 0.008s
BIDU loop duration: 0.008s
BIGY loop duration: 0.611s
BIIB loop duration: 0.043s
BIII loop duration: 0.436s
BIL loop duration: 0.628s
BILD loop duration: 0.425s
BILI loop duration: 0.009s
BILL loop duration: 0.008s
BILS loop duration: 0.551s
BILT loop duration: 0.457s
BILZ loop duration: 0.551s
BINC loop duration: 0.356s
BINI loop duration: 0.007s
BINT loop duration: 0.618s
BINV loop duration: 0.299s
BIO loop duration: 0.008s
BIOA loop duration: 0.008s
BIOX loop duration: 0.007s
BIP loop duration: 0.383s
BIPC loop duration: 0.007s
BIPH loop duration: 0.008s
BIPI loop duration: 0.008s
BIPJ loop duration: 0.306s
BIRD loop duration: 0.008s
BIRK loop duration: 0.007s
BIS loop duration: 0.007s
BIT loop duration: 0.007s
BITB loop duration: 0.007s
BITC loop duration: 0.007s
BITI loop duration: 0.006s
BITK loop duration: 0.005s
BITO loop duration: 0.006s
BITQ loop duration: 0.310s
BITS loop duration: 0.007s
BITU loop duration: 0.007s
BITW loop duration: 0.005s
BITX loop duration: 0.006s
BITY loop duration: 0.006s
BIV loop duration: 0.372s
BIVI loop duration: 0.007s
BIVIW loop duration: 0.006s
BIXI loop duration: 0.438s
BIXIU loop duration: 0.007s
BIXIW loop duration: 0.043s
BIYA loop duration: 0.008s
BIZD loop duration: 0.007s
BJ loop duration: 0.007s
BJAN loop duration: 0.747s
BJDX loop duration: 0.009s
BJRI loop duration: 0.607s
BJUL loop duration: 0.537s
BJUN loop duration: 0.742s
BKAG loop duration: 0.396s
BKCG loop duration: 0.540s
Scanned 1300/12092...
BKCH loop duration: 0.039s
BKCI loop duration: 0.496s
BKD loop duration: 0.015s
BKDV loop duration: 0.502s
BKE loop duration: 0.007s
BKEM loop duration: 0.576s
BKF loop duration: 0.007s
BKFI loop duration: 0.261s
BKGI loop duration: 0.809s
BKH loop duration: 0.482s
BKHA loop duration: 0.514s
BKHAR loop duration: 0.007s
BKHAU loop duration: 0.007s
BKHY loop duration: 0.455s
BKIE loop duration: 0.664s
BKKT loop duration: 0.045s
BKLC loop duration: 0.699s
BKLN loop duration: 0.427s
BKMC loop duration: 0.546s
BKMI loop duration: 0.007s
BKMS loop duration: 0.507s
BKNG loop duration: 0.008s
BKR loop duration: 0.007s
BKSE loop duration: 0.682s
BKSY loop duration: 0.520s
BKT loop duration: 0.007s
BKTI loop duration: 0.007s
BKU loop duration: 0.007s
BKUI loop duration: 0.621s
BKV loop duration: 0.009s
BL loop duration: 0.008s
BLBD loop duration: 0.083s
BLCN loop duration: 0.008s
BLCO loop duration: 0.007s
BLCR loop duration: 0.758s
BLCV loop duration: 0.569s
BLD loop duration: 0.008s
BLDG loop duration: 0.322s
BLDP loop duration: 0.704s
BLDR loop duration: 0.008s
BLDX loop duration: 0.006s
BLES loop duration: 0.563s
BLFS loop duration: 0.045s
BLGR loop duration: 0.517s
BLIN loop duration: 0.052s
BLIV loop duration: 0.007s
BLK loop duration: 0.007s
BLKB loop duration: 0.006s
BLLN loop duration: 0.040s
BLMN loop duration: 0.044s
BLND loop duration: 0.007s
BLNE loop duration: 0.007s
BLNK loop duration: 0.007s
BLOK loop duration: 0.006s
BLOX loop duration: 0.006s
BLRK loop duration: 0.451s
BLRKU loop duration: 0.561s
BLRKW loop duration: 0.005s
BLRX loop duration: 0.006s
BLSG loop duration: 0.005s
BLSH loop duration: 0.005s
BLST loop duration: 0.516s
BLTD loop duration: 0.225s
BLTE loop duration: 0.008s
BLUC loop duration: 0.609s
BLUI loop duration: 0.586s
BLUW loop duration: 0.515s
BLUWU loop duration: 0.240s
BLUWW loop duration: 0.007s
BLUX loop duration: 0.575s
BLV loop duration: 0.009s
BLW loop duration: 0.008s
BLX loop duration: 0.711s
BLZE loop duration: 0.049s
BLZR loop duration: 0.670s
BLZRU loop duration: 0.536s
BLZRW loop duration: 0.006s
BMA loop duration: 0.007s
BMAR loop duration: 0.562s
BMAY loop duration: 0.568s
BMBL loop duration: 0.009s
BME loop duration: 0.279s
BMEA loop duration: 0.008s
BMED loop duration: 0.007s
BMEZ loop duration: 0.007s
BMGL loop duration: 0.007s
BMHL loop duration: 0.544s
BMI loop duration: 0.009s
BMM loop duration: 0.006s
BMN loop duration: 0.353s
BMNG loop duration: 0.039s
BMNR loop duration: 0.007s
BMNU loop duration: 0.006s
BMNZ loop duration: 0.007s
BMO loop duration: 0.678s
BMOP loop duration: 0.216s
BMR loop duration: 0.009s
BMRA loop duration: 0.008s
BMRC loop duration: 0.376s
Scanned 1400/12092...
BMRN loop duration: 0.007s
BMVP loop duration: 0.335s
BMY loop duration: 0.007s
BN loop duration: 0.008s
BNAI loop duration: 0.007s
BNAIW loop duration: 0.008s
BNBX loop duration: 0.008s
BNC loop duration: 0.007s
BNCWW loop duration: 0.006s
BND loop duration: 0.331s
BNDC loop duration: 0.305s
BNDD loop duration: 0.305s
BNDI loop duration: 0.311s
BNDP loop duration: 0.286s
BNDS loop duration: 0.045s
BNDW loop duration: 0.047s
BNDX loop duration: 0.043s
BNDY loop duration: 0.311s
BNED loop duration: 0.009s
BNGE loop duration: 0.008s
BNGO loop duration: 0.007s
BNH loop duration: 0.007s
BNJ loop duration: 0.007s
BNKD loop duration: 0.006s
BNKK loop duration: 0.006s
BNKU loop duration: 0.006s
BNL loop duration: 0.670s
BNO loop duration: 0.008s
BNOV loop duration: 0.577s
BNR loop duration: 0.011s
BNRG loop duration: 0.009s
BNS loop duration: 0.686s
BNT loop duration: 0.008s
BNTC loop duration: 0.007s
BNTX loop duration: 0.007s
BNY loop duration: 0.720s
BNZI loop duration: 0.045s
BNZIW loop duration: 0.009s
BOAT loop duration: 0.276s
BOBP loop duration: 0.583s
BOBS loop duration: 0.046s
BOC loop duration: 0.008s
BOCT loop duration: 0.526s
BODI loop duration: 0.008s
BOE loop duration: 0.616s
BOEG loop duration: 0.009s
BOEU loop duration: 0.009s
BOF loop duration: 0.009s
BOH loop duration: 0.406s
BOIL loop duration: 0.009s
BOKF loop duration: 0.424s
BOLD loop duration: 0.009s
BOLT loop duration: 0.007s
BON loop duration: 0.007s
BOND loop duration: 0.355s
BOOM loop duration: 0.007s
BOOT loop duration: 0.006s
BORR loop duration: 0.006s
BOSC loop duration: 0.007s
BOTJ loop duration: 0.041s
BOTT loop duration: 0.007s
BOTZ loop duration: 0.369s
BOUT loop duration: 0.585s
BOW loop duration: 0.007s
BOWN loop duration: 0.008s
BOX loop duration: 0.007s
BOXA loop duration: 0.299s
BOXL loop duration: 0.008s
BOXX loop duration: 0.535s
BP loop duration: 0.008s
BPAC loop duration: 0.274s
BPACR loop duration: 0.005s
BPACU loop duration: 0.257s
BPAY loop duration: 0.007s
BPH loop duration: 0.006s
BPI loop duration: 0.007s
BPOP loop duration: 0.730s
BPOPM loop duration: 0.435s
BPRE loop duration: 0.007s
BPRN loop duration: 0.300s
BPRO loop duration: 0.007s
BPYPM loop duration: 0.465s
BPYPN loop duration: 0.047s
BPYPO loop duration: 0.044s
BPYPP loop duration: 0.007s
BQ loop duration: 0.006s
BR loop duration: 0.006s
BRAG loop duration: 0.006s
BRAI loop duration: 0.043s
BRAZ loop duration: 0.007s
BRBI loop duration: 0.006s
BRBR loop duration: 0.007s
BRBS loop duration: 0.006s
BRC loop duration: 0.007s
BRCB loop duration: 0.006s
BRCC loop duration: 0.049s
BRCE loop duration: 0.733s
Scanned 1500/12092...
BREM loop duration: 0.580s
BRES loop duration: 0.497s
BRF loop duration: 0.007s
BRFH loop duration: 0.007s
BRHY loop duration: 0.361s
BRIA loop duration: 0.008s
BRID loop duration: 0.008s
BRIE loop duration: 0.524s
BRIF loop duration: 0.702s
BRKC loop duration: 0.007s
BRKHU loop duration: 0.008s
BRKR loop duration: 0.039s
BRKRP loop duration: 0.042s
BRKU loop duration: 0.007s
BRKW loop duration: 0.007s
BRLN loop duration: 0.303s
BRLS loop duration: 0.008s
BRLSW loop duration: 0.007s
BRLT loop duration: 0.007s
BRN loop duration: 0.006s
BRNS loop duration: 0.007s
BRNY loop duration: 0.688s
BRO loop duration: 0.008s
BROS loop duration: 0.008s
BRR loop duration: 0.007s
BRRR loop duration: 0.008s
BRRWW loop duration: 0.007s
BRSL loop duration: 0.008s
BRSP loop duration: 0.007s
BRT loop duration: 0.008s
BRTR loop duration: 0.331s
BRTX loop duration: 0.042s
BRUN loop duration: 0.561s
BRUNW loop duration: 0.376s
BRW loop duration: 0.008s
BRX loop duration: 0.372s
BRZE loop duration: 0.007s
BRZU loop duration: 0.006s
BSAA loop duration: 0.007s
BSAAR loop duration: 0.006s
BSAAU loop duration: 0.007s
BSAC loop duration: 0.006s
BSBK loop duration: 0.007s
BSBR loop duration: 0.006s
BSCQ loop duration: 0.290s
BSCR loop duration: 0.346s
BSCS loop duration: 0.684s
BSCT loop duration: 0.570s
BSCU loop duration: 0.423s
BSCV loop duration: 0.330s
BSCW loop duration: 0.573s
BSCX loop duration: 0.121s
BSCY loop duration: 0.047s
BSCZ loop duration: 0.007s
BSEP loop duration: 0.632s
BSET loop duration: 0.008s
BSJQ loop duration: 0.043s
BSJR loop duration: 0.413s
BSJS loop duration: 0.626s
BSJT loop duration: 0.346s
BSJU loop duration: 0.287s
BSJV loop duration: 0.382s
BSJW loop duration: 0.332s
BSJX loop duration: 0.308s
BSL loop duration: 0.008s
BSM loop duration: 0.007s
BSMC loop duration: 0.593s
BSMQ loop duration: 0.276s
BSMR loop duration: 0.307s
BSMS loop duration: 0.336s
BSMT loop duration: 0.320s
BSMU loop duration: 0.407s
BSMV loop duration: 0.046s
BSMW loop duration: 0.044s
BSMY loop duration: 0.041s
BSMZ loop duration: 0.007s
BSOL loop duration: 0.006s
BSR loop duration: 0.042s
BSRR loop duration: 0.898s
BSSX loop duration: 0.044s
BST loop duration: 0.683s
BSTP loop duration: 0.591s
BSTZ loop duration: 0.689s
BSV loop duration: 0.699s
BSVN loop duration: 0.008s
BSVO loop duration: 0.540s
BSX loop duration: 0.009s
BSY loop duration: 0.008s
BTAI loop duration: 0.135s
BTAL loop duration: 0.008s
BTBD loop duration: 0.008s
BTBDW loop duration: 0.007s
BTBT loop duration: 0.083s
BTC loop duration: 0.009s
BTCC loop duration: 0.009s
BTCI loop duration: 0.008s
Scanned 1600/12092...
BTCL loop duration: 0.008s
BTCO loop duration: 0.008s
BTCS loop duration: 0.007s
BTCT loop duration: 0.006s
BTCW loop duration: 0.006s
BTCZ loop duration: 0.006s
BTDR loop duration: 0.043s
BTE loop duration: 0.007s
BTF loop duration: 0.006s
BTG loop duration: 0.007s
BTGD loop duration: 0.007s
BTGO loop duration: 0.005s
BTI loop duration: 0.446s
BTMD loop duration: 0.009s
BTO loop duration: 0.308s
BTOC loop duration: 0.007s
BTOG loop duration: 0.007s
BTOT loop duration: 0.237s
BTQ loop duration: 0.045s
BTR loop duration: 0.551s
BTRN loop duration: 0.008s
BTSG loop duration: 0.582s
BTSGU loop duration: 0.499s
BTT loop duration: 0.552s
BTTC loop duration: 0.009s
BTU loop duration: 0.009s
BTX loop duration: 0.658s
BTYB loop duration: 0.289s
BTZ loop duration: 0.008s
BU loop duration: 0.007s
BUCK loop duration: 0.043s
BUD loop duration: 0.890s
BUDA loop duration: 0.006s
BUFB loop duration: 0.545s
BUFC loop duration: 0.547s
BUFD loop duration: 0.654s
BUFF loop duration: 0.627s
BUFG loop duration: 0.614s
BUFH loop duration: 0.496s
BUFI loop duration: 0.511s
BUFM loop duration: 0.710s
BUFP loop duration: 0.612s
BUFQ loop duration: 0.540s
BUFR loop duration: 0.672s
BUFS loop duration: 0.617s
BUFT loop duration: 0.609s
BUFX loop duration: 0.481s
BUFY loop duration: 0.572s
BUFZ loop duration: 0.658s
BUG loop duration: 0.007s
BUI loop duration: 0.266s
BUL loop duration: 0.586s
BULD loop duration: 0.638s
BULG loop duration: 0.009s
BULL loop duration: 0.009s
BULLW loop duration: 0.008s
BULX loop duration: 0.006s
BULZ loop duration: 0.046s
BUR loop duration: 0.009s
BURL loop duration: 0.009s
BURU loop duration: 0.008s
BUSA loop duration: 0.509s
BUSE loop duration: 0.335s
BUSEP loop duration: 0.009s
BUUU loop duration: 0.008s
BUXX loop duration: 0.525s
BUYO loop duration: 0.492s
BUYW loop duration: 0.674s
BUYZ loop duration: 0.008s
BUZZ loop duration: 0.627s
BV loop duration: 0.007s
BVAL loop duration: 0.618s
BVC loop duration: 0.010s
BVFL loop duration: 0.293s
BVN loop duration: 0.008s
BVS loop duration: 0.007s
BW loop duration: 0.045s
BWA loop duration: 0.972s
BWAY loop duration: 0.008s
BWB loop duration: 0.299s
BWBBP loop duration: 0.008s
BWEN loop duration: 0.047s
BWET loop duration: 0.007s
BWFG loop duration: 0.755s
BWG loop duration: 0.009s
BWIN loop duration: 0.007s
BWLP loop duration: 0.296s
BWMN loop duration: 0.007s
BWMX loop duration: 0.007s
BWNB loop duration: 0.593s
BWOW loop duration: 0.008s
BWTG loop duration: 0.561s
BWX loop duration: 0.373s
BWXT loop duration: 0.008s
BWZ loop duration: 0.542s
BX loop duration: 0.008s
Scanned 1700/12092...
BXC loop duration: 0.008s
BXMT loop duration: 0.007s
BXP loop duration: 0.008s
BXSL loop duration: 0.007s
BY loop duration: 0.660s
BYAH loop duration: 0.009s
BYD loop duration: 0.345s
BYFC loop duration: 0.009s
BYLD loop duration: 0.315s
BYND loop duration: 0.008s
BYRE loop duration: 0.614s
BYRN loop duration: 0.009s
BYSI loop duration: 0.008s
BZ loop duration: 0.007s
BZAI loop duration: 0.007s
BZAIW loop duration: 0.007s
BZFD loop duration: 0.037s
BZFDW loop duration: 0.044s
BZH loop duration: 0.007s
BZQ loop duration: 0.006s
BZUN loop duration: 0.007s
C loop duration: 0.363s
CAAA loop duration: 0.044s
CAAP loop duration: 0.007s
CAAS loop duration: 0.007s
CABA loop duration: 0.042s
CABO loop duration: 0.007s
CABR loop duration: 0.006s
CABZ loop duration: 0.529s
CAC loop duration: 0.457s
CACC loop duration: 0.039s
CACI loop duration: 0.007s
CADL loop duration: 0.043s
CAE loop duration: 0.007s
CAF loop duration: 0.778s
CAFG loop duration: 0.677s
CAFX loop duration: 0.287s
CAG loop duration: 0.008s
CAH loop duration: 0.008s
CAI loop duration: 0.007s
CAIE loop duration: 0.450s
CAIQ loop duration: 0.516s
CAKE loop duration: 0.010s
CAL loop duration: 0.008s
CALC loop duration: 0.038s
CALF loop duration: 0.700s
CALI loop duration: 0.753s
CALM loop duration: 0.007s
CALX loop duration: 0.007s
CALY loop duration: 0.006s
CAM loop duration: 0.547s
CAML loop duration: 0.786s
CAMP loop duration: 0.008s
CAMT loop duration: 0.007s
CAMX loop duration: 0.596s
CAN loop duration: 0.007s
CANC loop duration: 0.366s
CANE loop duration: 0.007s
CANF loop duration: 0.007s
CANG loop duration: 0.007s
CANQ loop duration: 0.530s
CAOS loop duration: 0.530s
CAPE loop duration: 0.343s
CAPL loop duration: 0.047s
CAPN loop duration: 0.045s
CAPNR loop duration: 0.043s
CAPNU loop duration: 0.227s
CAPR loop duration: 0.007s
CAPS loop duration: 0.007s
CAQUU loop duration: 0.226s
CAR loop duration: 0.009s
CARD loop duration: 0.007s
CARE loop duration: 0.331s
CARG loop duration: 0.010s
CARK loop duration: 0.585s
CARL loop duration: 0.040s
CARR loop duration: 0.009s
CARS loop duration: 0.008s
CART loop duration: 0.008s
CARU loop duration: 0.007s
CARY loop duration: 0.351s
CARZ loop duration: 0.579s
CAS loop duration: 0.009s
CASH loop duration: 0.007s
CASS loop duration: 0.008s
CASY loop duration: 0.007s
CAT loop duration: 0.725s
CATF loop duration: 0.324s
CATH loop duration: 0.762s
CATO loop duration: 0.009s
CATX loop duration: 0.008s
CATY loop duration: 0.655s
Scanned 1800/12092...
CAVA loop duration: 0.008s
CB loop duration: 0.007s
CBAN loop duration: 0.321s
CBAT loop duration: 0.008s
CBC loop duration: 0.458s
CBFV loop duration: 0.343s
CBIO loop duration: 0.007s
CBK loop duration: 0.636s
CBL loop duration: 0.562s
CBLL loop duration: 0.008s
CBLS loop duration: 0.382s
CBNA loop duration: 0.009s
CBNK loop duration: 0.008s
CBOA loop duration: 0.276s
CBOE loop duration: 0.323s
CBOJ loop duration: 0.233s
CBOL loop duration: 0.224s
CBON loop duration: 0.591s
CBOO loop duration: 0.287s
CBOY loop duration: 0.249s
CBRE loop duration: 0.008s
CBRG loop duration: 0.008s
CBRL loop duration: 0.008s
CBSE loop duration: 0.541s
CBSH loop duration: 0.010s
CBT loop duration: 0.043s
CBTA loop duration: 0.009s
CBTJ loop duration: 0.007s
CBTL loop duration: 0.006s
CBTO loop duration: 0.006s
CBTY loop duration: 0.006s
CBU loop duration: 0.045s
CBUS loop duration: 0.008s
CBXA loop duration: 0.008s
CBXJ loop duration: 0.008s
CBXL loop duration: 0.007s
CBXO loop duration: 0.007s
CBXY loop duration: 0.007s
CBZ loop duration: 0.008s
CC loop duration: 0.006s
CCAP loop duration: 0.007s
CCAQ loop duration: 0.223s
CCAQU loop duration: 0.040s
CCAQW loop duration: 0.040s
CCB loop duration: 0.007s
CCBG loop duration: 0.744s
CCC loop duration: 0.007s
CCCC loop duration: 0.047s
CCD loop duration: 0.310s
CCEC loop duration: 0.320s
CCEF loop duration: 0.722s
CCEL loop duration: 0.011s
CCEP loop duration: 0.010s
CCFE loop duration: 0.008s
CCG loop duration: 0.008s
CCGWW loop duration: 0.007s
CCHH loop duration: 0.011s
CCI loop duration: 0.014s
CCID loop duration: 0.514s
CCIF loop duration: 0.008s
CCII loop duration: 0.221s
CCIIU loop duration: 0.261s
CCIIW loop duration: 0.008s
CCIX loop duration: 0.299s
CCIXU loop duration: 0.007s
CCIXW loop duration: 0.008s
CCJ loop duration: 0.007s
CCK loop duration: 0.007s
CCL loop duration: 0.008s
CCLD loop duration: 0.008s
CCM loop duration: 0.049s
CCNE loop duration: 0.860s
CCNEP loop duration: 0.044s
CCNR loop duration: 0.276s
CCO loop duration: 0.825s
CCOI loop duration: 0.008s
CCOM loop duration: 0.006s
CCOR loop duration: 0.310s
CCRN loop duration: 0.046s
CCRP loop duration: 0.235s
CCS loop duration: 0.008s
CCSB loop duration: 0.008s
CCSI loop duration: 0.009s
CCSO loop duration: 0.519s
CCTG loop duration: 0.008s
CCU loop duration: 0.008s
CCUP loop duration: 0.007s
CCXI loop duration: 0.494s
CCXIU loop duration: 0.232s
CCXIW loop duration: 0.040s
CCZ loop duration: 0.511s
CD loop duration: 0.045s
CDC loop duration: 0.671s
CDE loop duration: 0.007s
CDEI loop duration: 0.627s
CDIG loop duration: 0.279s
CDIO loop duration: 0.007s
Scanned 1900/12092...
CDIOW loop duration: 0.006s
CDL loop duration: 0.893s
CDLR loop duration: 0.011s
CDLX loop duration: 0.009s
CDNA loop duration: 0.112s
CDNL loop duration: 0.008s
CDNS loop duration: 0.943s
CDP loop duration: 0.184s
CDRE loop duration: 0.010s
CDRO loop duration: 1.575s
CDROW loop duration: 0.009s
CDT loop duration: 0.009s
CDTG loop duration: 0.231s
CDTTW loop duration: 0.121s
CDW loop duration: 0.009s
CDX loop duration: 0.008s
CDXS loop duration: 0.008s
CDZI loop duration: 0.008s
CDZIP loop duration: 0.990s
CE loop duration: 0.007s
CECO loop duration: 0.322s
CEE loop duration: 0.719s
CEF loop duration: 0.008s
CEFA loop duration: 0.654s
CEFD loop duration: 0.043s
CEFS loop duration: 0.619s
CEFZ loop duration: 0.239s
CEG loop duration: 0.006s
CEGX loop duration: 0.006s
CELC loop duration: 0.006s
CELH loop duration: 0.008s
CELU loop duration: 0.008s
CELUW loop duration: 0.008s
CELZ loop duration: 0.007s
CEMB loop duration: 0.590s
CENN loop duration: 0.565s
CENT loop duration: 0.048s
CENTA loop duration: 0.009s
CENX loop duration: 0.046s
CEPF loop duration: 0.240s
CEPI loop duration: 0.008s
CEPO loop duration: 0.008s
CEPS loop duration: 0.294s
CEPT loop duration: 0.278s
CEPU loop duration: 0.008s
CEPV loop duration: 0.443s
CERS loop duration: 0.257s
CERT loop duration: 0.006s
CERY loop duration: 0.283s
CET loop duration: 0.927s
CETX loop duration: 0.007s
CETY loop duration: 0.007s
CEV loop duration: 0.044s
CEVA loop duration: 0.380s
CEW loop duration: 0.608s
CF loop duration: 0.006s
CFA loop duration: 0.687s
CFBK loop duration: 0.008s
CFFI loop duration: 0.007s
CFFN loop duration: 0.841s
CFG loop duration: 0.397s
CFIT loop duration: 0.578s
CFND loop duration: 0.007s
CFO loop duration: 0.730s
CFR loop duration: 0.386s
CG loop duration: 0.008s
CGABL loop duration: 0.007s
CGAU loop duration: 0.007s
CGBD loop duration: 0.007s
CGBL loop duration: 0.595s
CGC loop duration: 0.008s
CGCB loop duration: 0.293s
CGCP loop duration: 0.300s
CGCT loop duration: 0.336s
CGCTU loop duration: 0.269s
CGCTW loop duration: 0.302s
CGCV loop duration: 0.526s
CGDG loop duration: 0.543s
CGDV loop duration: 0.629s
CGEM loop duration: 0.044s
CGEN loop duration: 0.010s
CGGE loop duration: 0.529s
CGGG loop duration: 0.801s
CGGO loop duration: 0.522s
CGGR loop duration: 0.574s
CGHM loop duration: 0.343s
CGHY loop duration: 0.559s
CGIB loop duration: 0.350s
CGIC loop duration: 0.680s
CGIE loop duration: 0.610s
CGMM loop duration: 0.549s
CGMS loop duration: 0.669s
CGMU loop duration: 0.376s
CGNG loop duration: 0.616s
CGNT loop duration: 0.008s
CGNX loop duration: 0.398s
CGO loop duration: 0.842s
CGON loop duration: 0.009s
CGRO loop duration: 0.008s
CGSD loop duration: 0.554s
Scanned 2000/12092...
CGSM loop duration: 0.601s
CGTL loop duration: 0.009s
CGTX loop duration: 0.008s
CGUI loop duration: 0.569s
CGUS loop duration: 0.680s
CGV loop duration: 0.482s
CGVV loop duration: 0.460s
CGW loop duration: 0.299s
CGXU loop duration: 0.534s
CHA loop duration: 0.007s
CHAI loop duration: 0.007s
CHAR loop duration: 0.511s
CHARR loop duration: 0.038s
CHARU loop duration: 0.042s
CHAT loop duration: 0.535s
CHAU loop duration: 0.008s
CHCI loop duration: 0.007s
CHCO loop duration: 0.360s
CHCT loop duration: 0.044s
CHD loop duration: 0.008s
CHDN loop duration: 0.008s
CHE loop duration: 0.008s
CHEC loop duration: 0.553s
CHECU loop duration: 0.221s
CHECW loop duration: 0.007s
CHEF loop duration: 0.251s
CHGG loop duration: 0.045s
CHGX loop duration: 0.038s
CHH loop duration: 0.007s
CHI loop duration: 0.747s
CHIQ loop duration: 0.011s
CHKP loop duration: 0.009s
CHMG loop duration: 0.733s
CHMI loop duration: 0.007s
CHNR loop duration: 0.007s
CHOW loop duration: 0.006s
CHPG loop duration: 0.547s
CHPGR loop duration: 0.008s
CHPGU loop duration: 0.221s
CHPS loop duration: 0.559s
CHPT loop duration: 0.007s
CHPX loop duration: 0.552s
CHPY loop duration: 0.442s
CHR loop duration: 0.043s
CHRD loop duration: 0.007s
CHRI loop duration: 0.518s
CHRN loop duration: 0.047s
CHRS loop duration: 0.010s
CHRW loop duration: 0.009s
CHSCL loop duration: 0.452s
CHSCM loop duration: 0.405s
CHSCN loop duration: 0.371s
CHSCO loop duration: 0.388s
CHSCP loop duration: 0.007s
CHT loop duration: 0.351s
CHTR loop duration: 0.008s
CHW loop duration: 0.700s
CHWY loop duration: 0.008s
CHY loop duration: 0.777s
CHYM loop duration: 0.008s
CI loop duration: 0.008s
CIA loop duration: 0.007s
CIB loop duration: 0.008s
CIBR loop duration: 0.364s
CICB loop duration: 0.287s
CICC loop duration: 0.215s
CIEN loop duration: 0.472s
CIF loop duration: 0.007s
CIFG loop duration: 0.303s
CIFR loop duration: 0.585s
CIFU loop duration: 0.046s
CIG loop duration: 0.007s
CIGI loop duration: 0.007s
CII loop duration: 0.370s
CIIT loop duration: 0.008s
CIK loop duration: 0.007s
CIM loop duration: 0.007s
CIMN loop duration: 0.684s
CIMO loop duration: 0.426s
CIMP loop duration: 0.583s
CINF loop duration: 0.470s
CING loop duration: 0.008s
CINGW loop duration: 0.007s
CINT loop duration: 0.007s
CION loop duration: 0.006s
CISO loop duration: 0.041s
CISS loop duration: 0.007s
CITR loop duration: 0.005s
CIVB loop duration: 0.738s
CIX loop duration: 0.008s
CJMB loop duration: 0.008s
CKX loop duration: 0.007s
CL loop duration: 0.007s
CLAR loop duration: 0.006s
CLB loop duration: 0.008s
CLBK loop duration: 0.290s
CLBR loop duration: 0.009s
Scanned 2100/12092...
CLBT loop duration: 0.007s
CLCG loop duration: 0.459s
CLCV loop duration: 0.482s
CLDI loop duration: 0.007s
CLDT loop duration: 0.652s
CLDX loop duration: 0.008s
CLF loop duration: 0.042s
CLFD loop duration: 0.718s
CLGN loop duration: 0.007s
CLH loop duration: 0.007s
CLIK loop duration: 0.007s
CLIP loop duration: 0.578s
CLIR loop duration: 0.008s
CLIX loop duration: 0.361s
CLLS loop duration: 0.008s
CLM loop duration: 0.008s
CLMB loop duration: 0.007s
CLMT loop duration: 0.305s
CLNE loop duration: 0.007s
CLNK loop duration: 0.006s
CLNN loop duration: 0.007s
CLOA loop duration: 0.626s
CLOB loop duration: 0.636s
CLOC loop duration: 0.276s
CLOD loop duration: 0.009s
CLOI loop duration: 0.615s
CLOU loop duration: 0.008s
CLOV loop duration: 0.041s
CLOX loop duration: 0.631s
CLOZ loop duration: 0.377s
CLPR loop duration: 0.008s
CLPS loop duration: 0.007s
CLPT loop duration: 0.007s
CLRB loop duration: 0.042s
CLRO loop duration: 0.006s
CLS loop duration: 0.008s
CLSE loop duration: 0.619s
CLSK loop duration: 0.042s
CLSKW loop duration: 0.050s
CLSM loop duration: 0.689s
CLST loop duration: 0.007s
CLSX loop duration: 0.042s
CLSZ loop duration: 0.005s
CLVT loop duration: 0.006s
CLW loop duration: 0.040s
CLWT loop duration: 0.006s
CLX loop duration: 0.006s
CLYM loop duration: 0.398s
CM loop duration: 0.594s
CMBO loop duration: 0.465s
CMBS loop duration: 0.448s
CMBT loop duration: 0.008s
CMC loop duration: 0.365s
CMCI loop duration: 0.277s
CMCL loop duration: 0.009s
CMCM loop duration: 0.007s
CMCO loop duration: 0.008s
CMCSA loop duration: 0.007s
CMCT loop duration: 0.007s
CMDB loop duration: 0.007s
CMDT loop duration: 0.414s
CMDY loop duration: 0.289s
CME loop duration: 0.008s
CMF loop duration: 0.351s
CMG loop duration: 0.008s
CMGG loop duration: 0.007s
CMI loop duration: 0.466s
CMIIU loop duration: 0.601s
CMMB loop duration: 0.045s
CMND loop duration: 0.043s
CMP loop duration: 0.781s
CMPR loop duration: 0.696s
CMPS loop duration: 0.331s
CMPX loop duration: 0.041s
CMRC loop duration: 0.007s
CMRE loop duration: 0.007s
CMS loop duration: 0.460s
CMSA loop duration: 0.008s
CMSC loop duration: 0.007s
CMSD loop duration: 0.007s
CMT loop duration: 0.006s
CMTG loop duration: 0.006s
CMTL loop duration: 0.043s
CMTV loop duration: 0.006s
CMU loop duration: 0.006s
CNA loop duration: 0.007s
CNAV loop duration: 0.731s
CNBS loop duration: 0.007s
CNC loop duration: 0.323s
CNCG loop duration: 0.229s
CNCK loop duration: 0.009s
CNCKW loop duration: 0.008s
CNDT loop duration: 0.008s
Scanned 2200/12092...
CNEQ loop duration: 0.505s
CNET loop duration: 0.007s
CNEY loop duration: 0.043s
CNF loop duration: 0.007s
CNH loop duration: 0.007s
CNI loop duration: 0.400s
CNK loop duration: 0.006s
CNL loop duration: 0.006s
CNM loop duration: 0.006s
CNMD loop duration: 0.006s
CNNE loop duration: 0.006s
CNO loop duration: 0.409s
CNOB loop duration: 0.711s
CNOBP loop duration: 0.674s
CNP loop duration: 0.046s
CNQ loop duration: 0.007s
CNQQ loop duration: 0.229s
CNR loop duration: 0.008s
CNRG loop duration: 0.603s
CNS loop duration: 0.008s
CNSP loop duration: 0.043s
CNTA loop duration: 0.731s
CNTB loop duration: 0.007s
CNTN loop duration: 0.007s
CNTX loop duration: 0.044s
CNTY loop duration: 0.008s
CNVS loop duration: 0.009s
CNX loop duration: 0.008s
CNXC loop duration: 0.008s
CNXN loop duration: 0.043s
CNXT loop duration: 0.731s
CNYA loop duration: 0.409s
COAL loop duration: 0.274s
COCH loop duration: 0.008s
COCHW loop duration: 0.301s
COCO loop duration: 0.616s
COCP loop duration: 0.008s
CODA loop duration: 0.008s
CODI loop duration: 0.008s
CODX loop duration: 0.048s
COE loop duration: 0.009s
COF loop duration: 0.006s
COFS loop duration: 0.044s
COGT loop duration: 0.007s
COHN loop duration: 0.007s
COHR loop duration: 0.434s
COHU loop duration: 0.728s
COHX loop duration: 0.040s
COIA loop duration: 0.006s
COIG loop duration: 0.007s
COII loop duration: 0.006s
COIN loop duration: 0.006s
COIO loop duration: 0.005s
COIW loop duration: 0.006s
COKE loop duration: 0.006s
COLA loop duration: 0.266s
COLAR loop duration: 0.043s
COLAU loop duration: 0.007s
COLB loop duration: 0.420s
COLD loop duration: 0.041s
COLL loop duration: 0.007s
COLM loop duration: 0.041s
COLO loop duration: 0.007s
COM loop duration: 0.083s
COMB loop duration: 0.342s
COMD loop duration: 0.266s
COMP loop duration: 0.007s
COMT loop duration: 0.385s
CON loop duration: 0.627s
CONI loop duration: 0.010s
CONL loop duration: 0.009s
CONX loop duration: 0.008s
CONY loop duration: 0.007s
COO loop duration: 0.007s
COOK loop duration: 0.509s
COOT loop duration: 0.009s
COOTW loop duration: 0.009s
COP loop duration: 0.008s
COPA loop duration: 0.008s
COPJ loop duration: 0.008s
COPL loop duration: 0.533s
COPP loop duration: 0.013s
COPX loop duration: 0.009s
COPY loop duration: 0.554s
COPZ loop duration: 0.006s
COR loop duration: 0.007s
CORB loop duration: 0.232s
CORD loop duration: 0.007s
CORN loop duration: 0.007s
CORO loop duration: 0.571s
CORP loop duration: 0.125s
CORT loop duration: 0.046s
CORZ loop duration: 0.547s
CORZW loop duration: 0.641s
CORZZ loop duration: 0.543s
COSM loop duration: 0.008s
COSO loop duration: 0.548s
Scanned 2300/12092...
COST loop duration: 0.008s
COSW loop duration: 0.006s
COTG loop duration: 0.006s
COTY loop duration: 0.007s
COUR loop duration: 0.007s
COWG loop duration: 0.608s
COWS loop duration: 0.250s
COWZ loop duration: 0.581s
COYA loop duration: 0.008s
COYY loop duration: 0.006s
COZX loop duration: 0.535s
CP loop duration: 0.906s
CPA loop duration: 0.042s
CPAC loop duration: 0.307s
CPAG loop duration: 0.295s
CPAI loop duration: 0.695s
CPAY loop duration: 0.047s
CPB loop duration: 0.008s
CPBI loop duration: 0.043s
CPER loop duration: 0.382s
CPF loop duration: 0.670s
CPHC loop duration: 0.008s
CPHI loop duration: 0.040s
CPHY loop duration: 0.546s
CPII loop duration: 0.592s
CPIX loop duration: 0.046s
CPK loop duration: 0.007s
CPLB loop duration: 0.340s
CPLS loop duration: 0.405s
CPNG loop duration: 0.009s
CPNJ loop duration: 0.644s
CPNM loop duration: 0.479s
CPNQ loop duration: 0.597s
CPNS loop duration: 0.652s
CPOP loop duration: 0.007s
CPRA loop duration: 0.529s
CPRI loop duration: 0.008s
CPRJ loop duration: 0.520s
CPRO loop duration: 0.602s
CPRT loop duration: 0.007s
CPRX loop duration: 0.605s
CPRY loop duration: 0.747s
CPS loop duration: 0.009s
CPSA loop duration: 0.619s
CPSD loop duration: 0.677s
CPSF loop duration: 0.502s
CPSH loop duration: 0.281s
CPSJ loop duration: 0.505s
CPSL loop duration: 0.591s
CPSM loop duration: 0.535s
CPSN loop duration: 0.535s
CPSO loop duration: 0.525s
CPSP loop duration: 0.591s
CPSR loop duration: 0.496s
CPSS loop duration: 0.009s
CPST loop duration: 0.612s
CPSU loop duration: 0.423s
CPSY loop duration: 0.617s
CPT loop duration: 0.010s
CPXR loop duration: 0.008s
CPZ loop duration: 0.007s
CQP loop duration: 0.007s
CQQQ loop duration: 0.007s
CR loop duration: 0.007s
CRAC loop duration: 0.516s
CRACR loop duration: 0.006s
CRACU loop duration: 0.715s
CRACW loop duration: 0.006s
CRAI loop duration: 0.007s
CRAK loop duration: 0.381s
CRAN loop duration: 0.230s
CRANR loop duration: 0.007s
CRANU loop duration: 0.271s
CRAQ loop duration: 0.536s
CRAQR loop duration: 0.042s
CRAQU loop duration: 0.008s
CRBD loop duration: 0.237s
CRBG loop duration: 0.007s
CRBN loop duration: 0.902s
CRBP loop duration: 0.009s
CRBU loop duration: 0.009s
CRC loop duration: 0.008s
CRCA loop duration: 0.007s
CRCD loop duration: 0.006s
CRCG loop duration: 0.045s
CRCL loop duration: 0.007s
CRCO loop duration: 0.006s
CRCT loop duration: 0.006s
CRDF loop duration: 0.006s
CRDL loop duration: 0.007s
CRDO loop duration: 0.571s
CRDT loop duration: 0.007s
CRDU loop duration: 0.288s
CRE loop duration: 0.006s
CRED loop duration: 0.329s
CREG loop duration: 0.008s
Scanned 2400/12092...
CRESY loop duration: 0.008s
CREX loop duration: 0.008s
CRF loop duration: 0.010s
CRGO loop duration: 0.008s
CRGOW loop duration: 0.007s
CRGY loop duration: 0.007s
CRH loop duration: 0.006s
CRI loop duration: 0.007s
CRIS loop duration: 0.007s
CRK loop duration: 0.007s
CRL loop duration: 0.007s
CRM loop duration: 0.006s
CRMD loop duration: 0.007s
CRMG loop duration: 0.006s
CRML loop duration: 0.007s
CRMLW loop duration: 0.007s
CRMT loop duration: 0.006s
CRMU loop duration: 0.005s
CRMX loop duration: 0.005s
CRNC loop duration: 0.043s
CRNT loop duration: 0.046s
CRNX loop duration: 0.008s
CRON loop duration: 0.007s
CROX loop duration: 0.051s
CRPT loop duration: 0.010s
CRS loop duration: 0.431s
CRSH loop duration: 0.007s
CRSP loop duration: 0.007s
CRSR loop duration: 0.041s
CRT loop duration: 0.044s
CRTC loop duration: 0.589s
CRTO loop duration: 0.007s
CRUS loop duration: 0.392s
CRVL loop duration: 0.008s
CRVO loop duration: 0.007s
CRVS loop duration: 0.007s
CRWD loop duration: 0.310s
CRWG loop duration: 0.046s
CRWL loop duration: 0.298s
CRWS loop duration: 0.008s
CRWU loop duration: 0.007s
CRWV loop duration: 0.007s
CRXP loop duration: 0.292s
CSAI loop duration: 0.008s
CSAN loop duration: 0.008s
CSB loop duration: 0.728s
CSBR loop duration: 0.008s
CSCL loop duration: 0.482s
CSCO loop duration: 0.715s
CSCS loop duration: 0.007s
CSD loop duration: 0.670s
CSEX loop duration: 0.006s
CSGP loop duration: 0.007s
CSHI loop duration: 0.643s
CSHP loop duration: 0.519s
CSHR loop duration: 0.008s
CSHRW loop duration: 0.043s
CSIO loop duration: 0.549s
CSIQ loop duration: 0.045s
CSL loop duration: 0.010s
CSM loop duration: 0.612s
CSMD loop duration: 0.319s
CSNR loop duration: 0.322s
CSPF loop duration: 0.275s
CSPI loop duration: 0.008s
CSQ loop duration: 0.710s
CSR loop duration: 0.045s
CSRE loop duration: 0.654s
CSSD loop duration: 0.487s
CSTE loop duration: 0.044s
CSTK loop duration: 0.590s
CSTL loop duration: 0.007s
CSTM loop duration: 0.439s
CSV loop duration: 0.009s
CSW loop duration: 0.009s
CSWC loop duration: 0.041s
CSX loop duration: 0.884s
CTA loop duration: 0.006s
CTAP loop duration: 0.008s
CTAS loop duration: 0.007s
CTBI loop duration: 0.909s
CTEC loop duration: 0.590s
CTEF loop duration: 0.535s
CTEV loop duration: 0.008s
CTEX loop duration: 0.739s
CTGO loop duration: 0.007s
CTIF loop duration: 0.427s
CTKB loop duration: 0.007s
CTM loop duration: 0.041s
CTMX loop duration: 0.007s
CTNM loop duration: 0.007s
CTO loop duration: 0.379s
CTOR loop duration: 0.008s
CTOS loop duration: 0.289s
Scanned 2500/12092...
CTRE loop duration: 0.763s
CTRI loop duration: 0.008s
CTRM loop duration: 0.007s
CTRN loop duration: 0.007s
CTS loop duration: 0.679s
CTSH loop duration: 0.007s
CTSO loop duration: 0.007s
CTVA loop duration: 0.007s
CTW loop duration: 0.006s
CTWO loop duration: 0.007s
CTXR loop duration: 0.007s
CUB loop duration: 0.038s
CUBB loop duration: 0.307s
CUBE loop duration: 0.011s
CUBI loop duration: 0.388s
CUBWU loop duration: 0.008s
CUBWW loop duration: 0.044s
CUE loop duration: 0.041s
CULP loop duration: 0.007s
CUPR loop duration: 0.041s
CURB loop duration: 0.564s
CURE loop duration: 0.008s
CURI loop duration: 0.007s
CURR loop duration: 0.007s
CURV loop duration: 0.007s
CURX loop duration: 0.006s
CUSD loop duration: 0.007s
CUT loop duration: 0.007s
CUZ loop duration: 0.006s
CV loop duration: 0.006s
CVAR loop duration: 0.320s
CVBF loop duration: 0.050s
CVCO loop duration: 0.008s
CVE loop duration: 0.007s
CVEO loop duration: 0.328s
CVGI loop duration: 0.389s
CVGW loop duration: 0.007s
CVI loop duration: 0.007s
CVIE loop duration: 0.615s
CVKD loop duration: 0.008s
CVLC loop duration: 0.937s
CVLG loop duration: 0.043s
CVLT loop duration: 0.008s
CVM loop duration: 0.008s
CVMC loop duration: 0.529s
CVNA loop duration: 0.008s
CVNX loop duration: 0.007s
CVNY loop duration: 0.007s
CVR loop duration: 0.006s
CVRD loop duration: 0.045s
CVRT loop duration: 0.580s
CVRX loop duration: 0.007s
CVS loop duration: 0.368s
CVSA loop duration: 0.008s
CVSB loop duration: 0.609s
CVU loop duration: 0.046s
CVV loop duration: 0.008s
CVX loop duration: 0.006s
CVY loop duration: 0.652s
CW loop duration: 0.871s
CWAN loop duration: 0.045s
CWB loop duration: 0.642s
CWBC loop duration: 0.009s
CWCO loop duration: 0.007s
CWD loop duration: 0.008s
CWEB loop duration: 0.007s
CWEN loop duration: 0.552s
CWH loop duration: 0.009s
CWI loop duration: 0.710s
CWII loop duration: 0.299s
CWK loop duration: 0.009s
CWS loop duration: 0.338s
CWST loop duration: 0.007s
CWT loop duration: 0.006s
CWVX loop duration: 0.006s
CX loop duration: 0.482s
CXAI loop duration: 0.044s
CXAIW loop duration: 0.043s
CXDO loop duration: 0.645s
CXE loop duration: 0.007s
CXH loop duration: 0.007s
CXM loop duration: 0.007s
CXRN loop duration: 0.006s
CXSE loop duration: 0.006s
CXT loop duration: 0.007s
CXW loop duration: 0.007s
CYAB loop duration: 0.007s
CYCN loop duration: 0.007s
CYCU loop duration: 0.006s
CYCUW loop duration: 0.042s
CYD loop duration: 0.771s
CYH loop duration: 0.008s
CYN loop duration: 0.007s
CYPH loop duration: 0.046s
CYRX loop duration: 0.536s
CYTK loop duration: 0.413s
Scanned 2600/12092...
CZA loop duration: 0.663s
CZAR loop duration: 0.374s
CZFS loop duration: 0.045s
CZNC loop duration: 0.007s
CZR loop duration: 0.006s
CZWI loop duration: 0.354s
D loop duration: 0.347s
DAAQ loop duration: 0.338s
DAAQU loop duration: 0.008s
DAAQW loop duration: 0.040s
DABS loop duration: 0.607s
DAC loop duration: 0.432s
DADS loop duration: 0.279s
DAIC loop duration: 0.006s
DAICW loop duration: 0.006s
DAIO loop duration: 0.045s
DAK loop duration: 0.481s
DAKT loop duration: 0.007s
DAL loop duration: 0.340s
DALI loop duration: 0.652s
DAMD loop duration: 0.007s
DAN loop duration: 0.324s
DANA loop duration: 0.546s
DAO loop duration: 0.009s
DAPP loop duration: 0.050s
DAPR loop duration: 0.705s
DAR loop duration: 0.007s
DARE loop duration: 0.007s
DARP loop duration: 0.536s
DASH loop duration: 0.008s
DAT loop duration: 0.008s
DAUG loop duration: 0.708s
DAVA loop duration: 0.007s
DAVE loop duration: 0.007s
DAVEW loop duration: 0.006s
DAX loop duration: 0.403s
DB loop duration: 0.007s
DBA loop duration: 0.040s
DBAW loop duration: 0.831s
DBB loop duration: 0.378s
DBC loop duration: 0.318s
DBCAU loop duration: 0.553s
DBD loop duration: 0.007s
DBE loop duration: 0.007s
DBEF loop duration: 0.551s
DBEM loop duration: 0.661s
DBEU loop duration: 0.712s
DBEZ loop duration: 0.591s
DBGI loop duration: 0.007s
DBI loop duration: 0.006s
DBJP loop duration: 0.659s
DBL loop duration: 0.006s
DBMF loop duration: 0.579s
DBND loop duration: 0.328s
DBO loop duration: 0.008s
DBP loop duration: 0.007s
DBRG loop duration: 0.357s
DBVT loop duration: 0.007s
DBX loop duration: 0.007s
DC loop duration: 0.007s
DCBG loop duration: 0.353s
DCBO loop duration: 0.007s
DCGO loop duration: 0.007s
DCH loop duration: 0.042s
DCI loop duration: 0.006s
DCMT loop duration: 0.265s
DCO loop duration: 0.709s
DCOM loop duration: 0.682s
DCOR loop duration: 0.788s
DCOY loop duration: 0.048s
DCRE loop duration: 0.697s
DCTH loop duration: 0.007s
DCX loop duration: 0.007s
DD loop duration: 0.007s
DDC loop duration: 0.007s
DDD loop duration: 0.041s
DDEC loop duration: 0.687s
DDFD loop duration: 0.518s
DDFF loop duration: 0.611s
DDFJ loop duration: 0.515s
DDFL loop duration: 0.502s
DDFN loop duration: 0.521s
DDFO loop duration: 0.507s
DDFS loop duration: 0.530s
DDI loop duration: 0.048s
DDIV loop duration: 0.614s
DDL loop duration: 0.010s
DDLS loop duration: 0.621s
DDM loop duration: 0.008s
DDNQ loop duration: 0.513s
DDOG loop duration: 0.624s
DDS loop duration: 0.009s
DDSQ loop duration: 0.543s
DDT loop duration: 0.683s
Scanned 2700/12092...
DDTD loop duration: 0.669s
DDTF loop duration: 0.495s
DDTJ loop duration: 0.473s
DDTL loop duration: 0.478s
DDTN loop duration: 0.609s
DDTO loop duration: 0.503s
DDTS loop duration: 0.510s
DDV loop duration: 0.467s
DDWM loop duration: 0.627s
DDX loop duration: 0.881s
DDXX loop duration: 0.532s
DE loop duration: 0.007s
DEA loop duration: 0.645s
DEC loop duration: 0.007s
DECK loop duration: 0.007s
DECM loop duration: 0.560s
DECO loop duration: 0.527s
DECP loop duration: 0.506s
DECT loop duration: 0.526s
DECU loop duration: 0.643s
DECW loop duration: 0.609s
DECZ loop duration: 0.738s
DEED loop duration: 0.312s
DEEF loop duration: 0.330s
DEEP loop duration: 0.737s
DEFI loop duration: 0.008s
DEFR loop duration: 0.249s
DEFT loop duration: 0.006s
DEHP loop duration: 0.547s
DEI loop duration: 0.007s
DELL loop duration: 0.759s
DEM loop duration: 0.621s
DEMZ loop duration: 0.530s
DEO loop duration: 0.008s
DERM loop duration: 0.008s
DES loop duration: 0.718s
DESK loop duration: 0.008s
DEUS loop duration: 0.656s
DEVS loop duration: 0.007s
DEW loop duration: 0.690s
DEXC loop duration: 0.561s
DFAC loop duration: 0.565s
DFAE loop duration: 0.579s
DFAI loop duration: 0.579s
DFAR loop duration: 0.565s
DFAS loop duration: 0.733s
DFAT loop duration: 0.678s
DFAU loop duration: 0.772s
DFAW loop duration: 0.562s
DFAX loop duration: 0.547s
DFCA loop duration: 0.621s
DFCF loop duration: 0.045s
DFDV loop duration: 0.008s
DFDVW loop duration: 0.006s
DFE loop duration: 0.696s
DFEB loop duration: 0.569s
DFEM loop duration: 0.981s
DFEN loop duration: 0.046s
DFEV loop duration: 0.643s
DFGP loop duration: 0.320s
DFGR loop duration: 0.557s
DFGX loop duration: 0.044s
DFH loop duration: 0.008s
DFIC loop duration: 0.691s
DFII loop duration: 0.006s
DFIN loop duration: 0.006s
DFIP loop duration: 0.265s
DFIS loop duration: 0.604s
DFIV loop duration: 0.555s
DFJ loop duration: 0.300s
DFLI loop duration: 0.007s
DFLIW loop duration: 0.007s
DFLV loop duration: 0.636s
DFNL loop duration: 0.336s
DFNM loop duration: 0.561s
DFNS loop duration: 0.008s
DFNSW loop duration: 0.007s
DFP loop duration: 0.352s
DFSB loop duration: 0.365s
DFSC loop duration: 0.047s
DFSCW loop duration: 0.040s
DFSD loop duration: 0.705s
DFSE loop duration: 0.593s
DFSI loop duration: 0.311s
DFSU loop duration: 0.601s
DFSV loop duration: 0.703s
DFTT loop duration: 0.540s
DFTX loop duration: 0.326s
DFUS loop duration: 0.715s
DFUV loop duration: 0.651s
DFVE loop duration: 0.556s
DFVX loop duration: 0.550s
DG loop duration: 0.006s
DGCB loop duration: 0.299s
Scanned 2800/12092...
DGICA loop duration: 0.008s
DGICB loop duration: 0.008s
DGII loop duration: 0.413s
DGIN loop duration: 0.009s
DGJA loop duration: 0.576s
DGLO loop duration: 0.583s
DGNX loop duration: 0.008s
DGOC loop duration: 0.504s
DGP loop duration: 0.008s
DGRE loop duration: 0.596s
DGRO loop duration: 0.569s
DGRS loop duration: 0.727s
DGRW loop duration: 0.664s
DGS loop duration: 0.697s
DGT loop duration: 0.755s
DGX loop duration: 0.299s
DGXX loop duration: 0.046s
DGZ loop duration: 0.036s
DH loop duration: 0.006s
DHC loop duration: 0.484s
DHCNI loop duration: 0.324s
DHCNL loop duration: 0.265s
DHDG loop duration: 0.544s
DHF loop duration: 0.431s
DHI loop duration: 0.007s
DHLX loop duration: 0.324s
DHR loop duration: 0.008s
DHS loop duration: 0.832s
DHSB loop duration: 0.584s
DHT loop duration: 0.007s
DHX loop duration: 0.045s
DHY loop duration: 0.007s
DIA loop duration: 0.802s
DIAL loop duration: 0.288s
DIBS loop duration: 0.007s
DIEM loop duration: 0.631s
DIG loop duration: 0.008s
DIHP loop duration: 0.384s
DIM loop duration: 0.347s
DIME loop duration: 0.040s
DIN loop duration: 0.007s
DINO loop duration: 0.316s
DINT loop duration: 0.606s
DIOD loop duration: 0.309s
DIPS loop duration: 0.007s
DIS loop duration: 0.006s
DISO loop duration: 0.006s
DISV loop duration: 0.572s
DIT loop duration: 0.007s
DIV loop duration: 0.684s
DIVB loop duration: 0.754s
DIVD loop duration: 0.627s
DIVE loop duration: 0.240s
DIVG loop duration: 0.640s
DIVI loop duration: 0.547s
DIVL loop duration: 0.339s
DIVN loop duration: 0.236s
DIVO loop duration: 0.322s
DIVP loop duration: 0.041s
DIVS loop duration: 0.743s
DIVY loop duration: 0.406s
DIVZ loop duration: 0.347s
DJAN loop duration: 0.597s
DJCO loop duration: 0.007s
DJD loop duration: 0.275s
DJIA loop duration: 0.365s
DJP loop duration: 0.273s
DJT loop duration: 0.007s
DJTU loop duration: 0.007s
DJTWW loop duration: 0.006s
DJUL loop duration: 0.671s
DJUN loop duration: 0.588s
DK loop duration: 0.007s
DKI loop duration: 0.045s
DKL loop duration: 0.007s
DKNG loop duration: 0.007s
DKNX loop duration: 0.006s
DKS loop duration: 0.008s
DLAG loop duration: 0.448s
DLB loop duration: 0.007s
DLFE loop duration: 0.506s
DLHC loop duration: 0.007s
DLLL loop duration: 0.267s
DLN loop duration: 0.636s
DLNG loop duration: 0.007s
DLNV loop duration: 0.620s
DLO loop duration: 0.011s
DLPN loop duration: 0.010s
DLR loop duration: 0.284s
DLS loop duration: 0.623s
DLTH loop duration: 0.007s
DLTR loop duration: 0.007s
DLX loop duration: 0.008s
DLXY loop duration: 0.008s
DLY loop duration: 0.007s
DMA loop duration: 0.007s
Scanned 2900/12092...
DMAA loop duration: 0.655s
DMAAR loop duration: 0.042s
DMAAU loop duration: 0.299s
DMAC loop duration: 0.009s
DMAR loop duration: 0.700s
DMAX loop duration: 0.622s
DMAY loop duration: 0.554s
DMB loop duration: 0.360s
DMBS loop duration: 0.495s
DMII loop duration: 0.539s
DMIIR loop duration: 0.007s
DMIIU loop duration: 0.530s
DMLP loop duration: 0.007s
DMO loop duration: 0.008s
DMRA loop duration: 0.007s
DMRC loop duration: 0.041s
DMX loop duration: 0.608s
DMXF loop duration: 0.660s
DNA loop duration: 0.009s
DNL loop duration: 0.592s
DNLI loop duration: 0.007s
DNMX loop duration: 0.604s
DNMXU loop duration: 0.554s
DNMXW loop duration: 0.006s
DNN loop duration: 0.007s
DNNG loop duration: 0.005s
DNOV loop duration: 0.576s
DNOW loop duration: 0.007s
DNP loop duration: 0.843s
DNTH loop duration: 0.007s
DNUT loop duration: 0.007s
DOC loop duration: 0.048s
DOCN loop duration: 0.313s
DOCS loop duration: 0.008s
DOCT loop duration: 0.571s
DOCU loop duration: 0.008s
DOG loop duration: 0.007s
DOGG loop duration: 0.290s
DOGZ loop duration: 0.008s
DOJE loop duration: 0.006s
DOL loop duration: 0.642s
DOLE loop duration: 0.007s
DOMH loop duration: 0.007s
DOMO loop duration: 0.007s
DON loop duration: 0.652s
DOO loop duration: 0.008s
DORM loop duration: 0.008s
DOUG loop duration: 0.008s
DOV loop duration: 0.007s
DOW loop duration: 0.007s
DOX loop duration: 0.007s
DOYU loop duration: 0.006s
DPG loop duration: 0.475s
DPRO loop duration: 0.044s
DPST loop duration: 0.007s
DPZ loop duration: 0.007s
DQ loop duration: 0.006s
DRAI loop duration: 0.516s
DRAY loop duration: 0.008s
DRCT loop duration: 0.008s
DRD loop duration: 0.007s
DRDB loop duration: 0.493s
DRDBU loop duration: 0.045s
DRDBW loop duration: 0.006s
DRES loop duration: 0.549s
DRGN loop duration: 0.276s
DRH loop duration: 0.750s
DRI loop duration: 0.009s
DRIO loop duration: 0.007s
DRIP loop duration: 0.007s
DRIV loop duration: 0.576s
DRKY loop duration: 0.007s
DRLL loop duration: 0.007s
DRMA loop duration: 0.007s
DRMAW loop duration: 0.007s
DRN loop duration: 0.044s
DRNZ loop duration: 0.007s
DRS loop duration: 0.295s
DRSK loop duration: 0.548s
DRTS loop duration: 0.037s
DRTSW loop duration: 0.038s
DRUG loop duration: 0.007s
DRUP loop duration: 0.007s
DRV loop duration: 0.007s
DRVN loop duration: 0.008s
DSAC loop duration: 0.475s
DSACU loop duration: 0.006s
DSACW loop duration: 0.005s
DSCO loop duration: 0.272s
DSEP loop duration: 0.646s
DSGN loop duration: 0.007s
DSGR loop duration: 0.006s
DSGX loop duration: 0.006s
DSI loop duration: 0.601s
DSL loop duration: 0.008s
DSM loop duration: 0.500s
Scanned 3000/12092...
DSMC loop duration: 0.665s
DSP loop duration: 0.008s
DSPY loop duration: 0.552s
DSS loop duration: 0.008s
DSTL loop duration: 0.326s
DSTX loop duration: 0.456s
DSU loop duration: 0.007s
DSWL loop duration: 0.006s
DSX loop duration: 0.006s
DSY loop duration: 0.006s
DSYWW loop duration: 0.006s
DT loop duration: 0.006s
DTAN loop duration: 0.596s
DTB loop duration: 0.008s
DTCR loop duration: 0.565s
DTCX loop duration: 0.007s
DTD loop duration: 0.656s
DTE loop duration: 0.461s
DTEC loop duration: 0.287s
DTF loop duration: 0.449s
DTG loop duration: 0.007s
DTH loop duration: 0.718s
DTI loop duration: 0.338s
DTIL loop duration: 0.008s
DTK loop duration: 0.352s
DTM loop duration: 0.421s
DTRE loop duration: 0.379s
DTSQ loop duration: 0.367s
DTSQR loop duration: 0.007s
DTSQU loop duration: 0.252s
DTSS loop duration: 0.007s
DTST loop duration: 0.007s
DTW loop duration: 0.007s
DUBS loop duration: 0.617s
DUG loop duration: 0.008s
DUHP loop duration: 0.749s
DUK loop duration: 0.423s
DUKB loop duration: 0.332s
DUKH loop duration: 0.042s
DUKQ loop duration: 0.722s
DUKX loop duration: 0.353s
DUKZ loop duration: 0.359s
DULL loop duration: 0.007s
DUNK loop duration: 0.214s
DUO loop duration: 0.007s
DUOG loop duration: 0.040s
DUOL loop duration: 0.007s
DUOT loop duration: 0.046s
DURA loop duration: 0.568s
DUSA loop duration: 0.525s
DUSB loop duration: 0.331s
DUSL loop duration: 0.008s
DUST loop duration: 0.007s
DV loop duration: 0.009s
DVA loop duration: 0.418s
DVAL loop duration: 0.529s
DVDN loop duration: 0.007s
DVGR loop duration: 0.539s
DVIN loop duration: 0.290s
DVLT loop duration: 0.008s
DVLU loop duration: 0.549s
DVN loop duration: 0.007s
DVND loop duration: 0.525s
DVOL loop duration: 0.301s
DVQQ loop duration: 0.537s
DVRE loop duration: 0.345s
DVSP loop duration: 0.539s
DVUT loop duration: 0.292s
DVXB loop duration: 0.007s
DVXC loop duration: 0.239s
DVXE loop duration: 0.007s
DVXF loop duration: 0.007s
DVXK loop duration: 0.481s
DVXP loop duration: 0.263s
DVXV loop duration: 0.292s
DVXY loop duration: 0.007s
DVY loop duration: 0.636s
DVYA loop duration: 0.385s
DVYE loop duration: 0.367s
DWAS loop duration: 0.837s
DWAW loop duration: 0.701s
DWLD loop duration: 0.570s
DWM loop duration: 0.691s
DWMF loop duration: 0.343s
DWSH loop duration: 0.008s
DWSN loop duration: 0.008s
DWTX loop duration: 0.043s
DWUS loop duration: 0.728s
DWX loop duration: 0.516s
DX loop duration: 0.007s
DXC loop duration: 0.007s
DXCM loop duration: 0.045s
DXD loop duration: 0.007s
DXIV loop duration: 0.560s
Scanned 3100/12092...
DXJ loop duration: 0.611s
DXLG loop duration: 0.007s
DXPE loop duration: 0.006s
DXR loop duration: 0.006s
DXST loop duration: 0.006s
DXUV loop duration: 0.516s
DXYZ loop duration: 0.045s
DY loop duration: 0.298s
DYAI loop duration: 0.007s
DYFI loop duration: 0.293s
DYLD loop duration: 0.410s
DYLG loop duration: 0.047s
DYN loop duration: 0.009s
DYNB loop duration: 0.224s
DYNC loop duration: 0.011s
DYNCU loop duration: 0.007s
DYNCW loop duration: 0.007s
DYNF loop duration: 0.592s
DYOR loop duration: 0.510s
DYORU loop duration: 0.006s
DYORW loop duration: 0.006s
DYTA loop duration: 0.308s
DZZ loop duration: 0.007s
E loop duration: 0.007s
EA loop duration: 0.374s
EAD loop duration: 0.337s
EAF loop duration: 0.007s
EAFG loop duration: 0.340s
EAGG loop duration: 0.037s
EAGL loop duration: 0.292s
EAI loop duration: 0.008s
EALT loop duration: 0.567s
EAOA loop duration: 0.612s
EAOK loop duration: 0.568s
EAOM loop duration: 0.637s
EAOR loop duration: 0.665s
EAPR loop duration: 0.612s
EARN loop duration: 0.008s
EART loop duration: 0.008s
EASG loop duration: 0.574s
EASY loop duration: 0.243s
EAT loop duration: 0.008s
EBAY loop duration: 0.357s
EBC loop duration: 0.007s
EBF loop duration: 0.007s
EBI loop duration: 0.554s
EBIT loop duration: 0.496s
EBIZ loop duration: 0.007s
EBMT loop duration: 0.343s
EBND loop duration: 0.338s
EBON loop duration: 0.007s
EBS loop duration: 0.007s
EBUF loop duration: 0.666s
EC loop duration: 0.338s
ECAT loop duration: 0.008s
ECBK loop duration: 0.320s
ECC loop duration: 0.007s
ECCC loop duration: 0.289s
ECCU loop duration: 0.547s
ECCV loop duration: 0.551s
ECF loop duration: 0.782s
ECG loop duration: 0.233s
ECH loop duration: 0.009s
ECL loop duration: 0.008s
ECML loop duration: 0.562s
ECNS loop duration: 0.007s
ECO loop duration: 0.007s
ECON loop duration: 0.561s
ECOR loop duration: 0.042s
ECOW loop duration: 0.327s
ECPG loop duration: 0.037s
ECVT loop duration: 0.310s
ECX loop duration: 0.007s
ECXWW loop duration: 0.006s
ED loop duration: 0.449s
EDAP loop duration: 0.045s
EDBL loop duration: 0.007s
EDBLW loop duration: 0.007s
EDC loop duration: 0.673s
EDD loop duration: 0.008s
EDEN loop duration: 0.007s
EDF loop duration: 0.357s
EDGE loop duration: 0.566s
EDGF loop duration: 0.524s
EDGH loop duration: 0.257s
EDGI loop duration: 0.505s
EDGQ loop duration: 0.568s
EDGU loop duration: 0.597s
EDGX loop duration: 0.517s
EDHL loop duration: 0.008s
EDIT loop duration: 0.041s
EDIV loop duration: 0.333s
EDN loop duration: 0.007s
EDOG loop duration: 0.279s
EDOW loop duration: 0.587s
EDRY loop duration: 0.044s
EDSA loop duration: 0.007s
EDTK loop duration: 0.007s
EDU loop duration: 0.007s
EDUC loop duration: 0.008s
Scanned 3200/12092...
EDV loop duration: 0.007s
EDZ loop duration: 0.006s
EE loop duration: 0.008s
EEA loop duration: 0.365s
EEE loop duration: 0.243s
EEFT loop duration: 0.007s
EEIQ loop duration: 0.007s
EELV loop duration: 0.516s
EEM loop duration: 0.676s
EEMA loop duration: 0.646s
EEMO loop duration: 0.653s
EEMS loop duration: 0.345s
EEMV loop duration: 0.690s
EEMX loop duration: 0.569s
EES loop duration: 0.667s
EET loop duration: 0.655s
EETH loop duration: 0.008s
EEV loop duration: 0.007s
EEX loop duration: 0.008s
EFA loop duration: 0.625s
EFAA loop duration: 0.345s
EFAD loop duration: 0.343s
EFAS loop duration: 0.702s
EFAV loop duration: 0.407s
EFAX loop duration: 0.808s
EFC loop duration: 0.356s
EFFE loop duration: 0.547s
EFFI loop duration: 0.523s
EFG loop duration: 0.640s
EFIV loop duration: 0.841s
EFNL loop duration: 0.661s
EFO loop duration: 0.382s
EFOI loop duration: 0.008s
EFOR loop duration: 0.007s
EFR loop duration: 0.007s
EFRA loop duration: 0.285s
EFSC loop duration: 0.390s
EFSCP loop duration: 0.043s
EFSI loop duration: 0.570s
EFT loop duration: 0.008s
EFTY loop duration: 0.006s
EFU loop duration: 0.006s
EFV loop duration: 0.694s
EFX loop duration: 0.007s
EFXT loop duration: 0.007s
EFZ loop duration: 0.006s
EG loop duration: 0.007s
EGAN loop duration: 0.007s
EGBN loop duration: 0.045s
EGG loop duration: 0.039s
EGGQ loop duration: 0.588s
EGGS loop duration: 0.331s
EGGY loop duration: 0.529s
EGHA loop duration: 0.316s
EGHAR loop duration: 0.045s
EGHAU loop duration: 0.275s
EGHT loop duration: 0.009s
EGLE loop duration: 0.598s
EGO loop duration: 0.007s
EGP loop duration: 0.725s
EGUS loop duration: 0.625s
EGY loop duration: 0.007s
EH loop duration: 0.007s
EHC loop duration: 0.007s
EHGO loop duration: 0.008s
EHI loop duration: 0.006s
EHLD loop duration: 0.036s
EHLS loop duration: 0.596s
EHTH loop duration: 0.008s
EHY loop duration: 0.007s
EIC loop duration: 0.009s
EICA loop duration: 0.301s
EIDO loop duration: 0.007s
EIG loop duration: 0.008s
EIIA loop duration: 0.587s
EIKN loop duration: 0.007s
EIM loop duration: 0.009s
EINC loop duration: 0.344s
EIPI loop duration: 0.043s
EIPX loop duration: 0.417s
EIRL loop duration: 0.696s
EIS loop duration: 0.634s
EIX loop duration: 0.007s
EJAN loop duration: 0.543s
EJH loop duration: 0.008s
EJUL loop duration: 0.693s
EKG loop duration: 0.008s
EL loop duration: 0.007s
ELA loop duration: 0.531s
ELAB loop duration: 0.006s
ELAN loop duration: 0.006s
ELBM loop duration: 0.006s
ELC loop duration: 0.006s
ELCV loop duration: 0.604s
ELD loop duration: 0.383s
ELDN loop duration: 0.007s
ELE loop duration: 0.005s
ELF loop duration: 0.006s
ELFY loop duration: 0.537s
Scanned 3300/12092...
ELIL loop duration: 0.047s
ELLO loop duration: 0.008s
ELM loop duration: 0.545s
ELMD loop duration: 0.270s
ELME loop duration: 0.007s
ELOG loop duration: 0.006s
ELPC loop duration: 0.006s
ELPW loop duration: 0.006s
ELS loop duration: 0.006s
ELSE loop duration: 0.650s
ELTK loop duration: 0.007s
ELTX loop duration: 0.007s
ELUT loop duration: 0.007s
ELV loop duration: 0.039s
ELVA loop duration: 0.264s
ELVN loop duration: 0.007s
ELVR loop duration: 0.005s
ELWT loop duration: 0.005s
EMA loop duration: 0.397s
EMAT loop duration: 0.006s
EMB loop duration: 0.699s
EMBC loop duration: 0.006s
EMBD loop duration: 0.365s
EMBJ loop duration: 0.007s
EMBX loop duration: 0.387s
EMC loop duration: 0.678s
EMCB loop duration: 0.045s
EMCR loop duration: 0.555s
EMCS loop duration: 0.680s
EMD loop duration: 0.357s
EMDM loop duration: 0.578s
EMDV loop duration: 0.318s
EME loop duration: 0.007s
EMEQ loop duration: 0.650s
EMES loop duration: 0.498s
EMET loop duration: 0.420s
EMF loop duration: 0.657s
EMGF loop duration: 0.686s
EMHC loop duration: 0.386s
EMHY loop duration: 0.615s
EMIF loop duration: 0.007s
EMIS loop duration: 0.483s
EMISR loop duration: 0.006s
EMKT loop duration: 0.485s
EML loop duration: 0.008s
EMLC loop duration: 0.545s
EMLP loop duration: 0.048s
EMM loop duration: 0.643s
EMMF loop duration: 0.869s
EMN loop duration: 0.008s
EMNT loop duration: 0.563s
EMO loop duration: 0.314s
EMOP loop duration: 0.464s
EMOT loop duration: 0.627s
EMP loop duration: 0.007s
EMPB loop duration: 0.658s
EMPD loop duration: 0.008s
EMPG loop duration: 0.006s
EMQQ loop duration: 0.006s
EMR loop duration: 0.007s
EMSF loop duration: 0.663s
EMTL loop duration: 0.451s
EMTY loop duration: 0.009s
EMXC loop duration: 0.679s
EMXF loop duration: 0.623s
ENB loop duration: 0.450s
ENDW loop duration: 0.564s
ENFR loop duration: 0.360s
ENGN loop duration: 0.007s
ENGNW loop duration: 0.006s
ENGS loop duration: 0.041s
ENHA loop duration: 0.006s
ENHU loop duration: 0.485s
ENIC loop duration: 0.300s
ENJ loop duration: 0.007s
ENLT loop duration: 0.547s
ENLV loop duration: 0.008s
ENO loop duration: 0.007s
ENOR loop duration: 0.373s
ENOV loop duration: 0.008s
ENPH loop duration: 0.041s
ENR loop duration: 0.008s
ENS loop duration: 0.329s
ENSC loop duration: 0.007s
ENSG loop duration: 0.007s
ENTA loop duration: 0.007s
ENTG loop duration: 0.007s
ENTX loop duration: 0.007s
ENVA loop duration: 0.287s
ENVB loop duration: 0.009s
ENVX loop duration: 0.008s
ENZL loop duration: 0.351s
EOCT loop duration: 0.553s
Scanned 3400/12092...
EOD loop duration: 0.626s
EOG loop duration: 0.007s
EOI loop duration: 0.007s
EOLS loop duration: 0.008s
EONR loop duration: 0.007s
EOS loop duration: 0.317s
EOSE loop duration: 0.046s
EOSU loop duration: 0.037s
EOT loop duration: 0.410s
EP loop duration: 0.009s
EPAC loop duration: 0.008s
EPAI loop duration: 0.658s
EPAM loop duration: 0.008s
EPC loop duration: 0.007s
EPD loop duration: 0.437s
EPEM loop duration: 0.655s
EPHE loop duration: 0.008s
EPI loop duration: 0.007s
EPIN loop duration: 0.486s
EPM loop duration: 0.008s
EPMB loop duration: 0.532s
EPMV loop duration: 0.609s
EPOL loop duration: 0.628s
EPOW loop duration: 0.007s
EPP loop duration: 0.473s
EPR loop duration: 0.438s
EPRF loop duration: 0.008s
EPRT loop duration: 0.007s
EPRX loop duration: 0.008s
EPS loop duration: 0.642s
EPSB loop duration: 0.488s
EPSM loop duration: 0.006s
EPSN loop duration: 0.006s
EPSV loop duration: 0.619s
EPU loop duration: 0.006s
EPV loop duration: 0.006s
EQ loop duration: 0.396s
EQAL loop duration: 0.658s
EQBK loop duration: 0.414s
EQH loop duration: 0.007s
EQIN loop duration: 0.751s
EQIX loop duration: 0.361s
EQL loop duration: 0.037s
EQLT loop duration: 0.614s
EQNR loop duration: 0.006s
EQPT loop duration: 0.005s
EQR loop duration: 0.007s
EQRR loop duration: 0.680s
EQS loop duration: 0.043s
EQT loop duration: 0.007s
EQTY loop duration: 0.329s
EQWL loop duration: 0.621s
EQX loop duration: 0.007s
ERAS loop duration: 0.077s
ERC loop duration: 0.007s
ERET loop duration: 0.729s
ERH loop duration: 0.300s
ERIC loop duration: 0.607s
ERIE loop duration: 0.007s
ERII loop duration: 0.008s
ERNA loop duration: 0.042s
ERNAW loop duration: 0.042s
ERO loop duration: 0.008s
ERTH loop duration: 0.676s
ERX loop duration: 0.006s
ERY loop duration: 0.006s
ES loop duration: 0.416s
ESAB loop duration: 0.007s
ESBA loop duration: 0.007s
ESBG loop duration: 0.007s
ESCA loop duration: 0.007s
ESE loop duration: 0.007s
ESEA loop duration: 0.006s
ESG loop duration: 0.618s
ESGD loop duration: 0.633s
ESGE loop duration: 0.555s
ESGG loop duration: 0.640s
ESGU loop duration: 0.575s
ESGV loop duration: 0.707s
ESI loop duration: 0.325s
ESIM loop duration: 0.513s
ESK loop duration: 0.007s
ESLA loop duration: 0.007s
ESLAW loop duration: 0.007s
ESLG loop duration: 0.516s
ESLT loop duration: 0.007s
ESLV loop duration: 0.436s
ESML loop duration: 0.730s
ESMV loop duration: 0.606s
ESN loop duration: 0.547s
ESNT loop duration: 0.007s
ESOA loop duration: 0.007s
ESP loop duration: 0.007s
ESPO loop duration: 0.007s
ESPR loop duration: 0.041s
ESQ loop duration: 0.007s
ESRT loop duration: 0.006s
ESS loop duration: 0.006s
ESSC loop duration: 0.660s
Scanned 3500/12092...
ESTA loop duration: 0.007s
ESTC loop duration: 0.006s
ESUM loop duration: 0.569s
ET loop duration: 0.364s
ETB loop duration: 0.716s
ETCO loop duration: 0.007s
ETD loop duration: 0.007s
ETEC loop duration: 0.567s
ETFT loop duration: 0.005s
ETG loop duration: 0.517s
ETH loop duration: 0.007s
ETHA loop duration: 0.006s
ETHD loop duration: 0.006s
ETHE loop duration: 0.006s
ETHO loop duration: 0.627s
ETHT loop duration: 0.007s
ETHU loop duration: 0.007s
ETHV loop duration: 0.007s
ETHW loop duration: 0.007s
ETJ loop duration: 0.007s
ETN loop duration: 0.367s
ETO loop duration: 0.762s
ETON loop duration: 0.374s
ETOR loop duration: 0.009s
ETR loop duration: 0.008s
ETRL loop duration: 0.007s
ETS loop duration: 0.006s
ETSY loop duration: 0.007s
ETTY loop duration: 0.006s
ETU loop duration: 0.006s
ETV loop duration: 0.719s
ETW loop duration: 0.737s
ETX loop duration: 0.042s
ETY loop duration: 0.285s
EU loop duration: 0.007s
EUAD loop duration: 0.006s
EUDA loop duration: 0.480s
EUDAW loop duration: 0.007s
EUDG loop duration: 0.313s
EUDV loop duration: 0.320s
EUFN loop duration: 0.609s
EUHY loop duration: 0.322s
EUIG loop duration: 0.536s
EUM loop duration: 0.007s
EUO loop duration: 0.046s
EURK loop duration: 0.276s
EURKR loop duration: 0.008s
EURKU loop duration: 0.370s
EURL loop duration: 0.412s
EUSA loop duration: 0.688s
EUSB loop duration: 0.404s
EVAC loop duration: 0.674s
EVAX loop duration: 0.007s
EVC loop duration: 0.365s
EVCM loop duration: 0.007s
EVER loop duration: 0.044s
EVEX loop duration: 0.007s
EVF loop duration: 0.007s
EVG loop duration: 0.316s
EVGN loop duration: 0.008s
EVGO loop duration: 0.007s
EVGOW loop duration: 0.045s
EVH loop duration: 0.007s
EVHY loop duration: 0.335s
EVI loop duration: 0.008s
EVIM loop duration: 0.276s
EVLN loop duration: 0.356s
EVLU loop duration: 0.526s
EVLV loop duration: 0.007s
EVLVW loop duration: 0.006s
EVMN loop duration: 0.006s
EVMO loop duration: 0.005s
EVMT loop duration: 0.689s
EVN loop duration: 0.346s
EVNT loop duration: 0.298s
EVO loop duration: 0.006s
EVOX loop duration: 0.534s
EVOXU loop duration: 0.536s
EVOXW loop duration: 0.006s
EVR loop duration: 0.007s
EVRG loop duration: 0.714s
EVSB loop duration: 0.517s
EVSD loop duration: 0.560s
EVSM loop duration: 0.636s
EVT loop duration: 0.764s
EVTC loop duration: 0.007s
EVTL loop duration: 0.044s
EVTR loop duration: 0.283s
EVTV loop duration: 0.047s
EVUS loop duration: 0.578s
EVV loop duration: 0.008s
EVX loop duration: 0.007s
EVYM loop duration: 0.536s
EW loop duration: 0.043s
EWA loop duration: 0.358s
Scanned 3600/12092...
EWBC loop duration: 0.362s
EWC loop duration: 0.773s
EWD loop duration: 0.339s
EWG loop duration: 0.659s
EWH loop duration: 0.381s
EWI loop duration: 0.955s
EWJ loop duration: 0.668s
EWJV loop duration: 0.317s
EWK loop duration: 1.043s
EWL loop duration: 0.497s
EWM loop duration: 0.350s
EWN loop duration: 0.665s
EWO loop duration: 0.706s
EWP loop duration: 0.781s
EWQ loop duration: 0.344s
EWS loop duration: 0.712s
EWT loop duration: 0.740s
EWTX loop duration: 0.007s
EWU loop duration: 0.325s
EWUS loop duration: 0.350s
EWV loop duration: 0.007s
EWW loop duration: 0.356s
EWX loop duration: 0.604s
EWY loop duration: 0.707s
EWZ loop duration: 0.007s
EWZS loop duration: 0.007s
EXC loop duration: 0.381s
EXE loop duration: 0.009s
EXEL loop duration: 0.328s
EXEQ loop duration: 0.545s
EXFY loop duration: 0.007s
EXG loop duration: 0.351s
EXI loop duration: 0.433s
EXK loop duration: 0.008s
EXLS loop duration: 0.007s
EXOD loop duration: 0.007s
EXOZ loop duration: 0.007s
EXP loop duration: 0.007s
EXPD loop duration: 0.345s
EXPE loop duration: 0.008s
EXPO loop duration: 0.007s
EXR loop duration: 0.007s
EXTR loop duration: 0.557s
EXUS loop duration: 0.457s
EYE loop duration: 0.007s
EYEG loop duration: 0.319s
EYLD loop duration: 0.649s
EYPT loop duration: 0.007s
EZA loop duration: 0.006s
EZBC loop duration: 0.006s
EZET loop duration: 0.006s
EZGO loop duration: 0.006s
EZJ loop duration: 0.300s
EZM loop duration: 0.852s
EZMO loop duration: 0.010s
EZPW loop duration: 0.049s
EZPZ loop duration: 0.008s
EZRA loop duration: 0.051s
EZRO loop duration: 0.008s
EZU loop duration: 0.750s
F loop duration: 0.414s
FA loop duration: 0.007s
FAAA loop duration: 0.566s
FAAR loop duration: 0.300s
FAB loop duration: 0.603s
FABC loop duration: 0.045s
FACT loop duration: 0.292s
FACTU loop duration: 0.231s
FACTW loop duration: 0.663s
FAD loop duration: 0.582s
FAF loop duration: 0.477s
FAI loop duration: 0.521s
FALN loop duration: 0.389s
FAMI loop duration: 0.045s
FAN loop duration: 0.411s
FANG loop duration: 0.007s
FAPR loop duration: 0.550s
FARX loop duration: 0.564s
FAS loop duration: 0.007s
FAST loop duration: 0.007s
FATE loop duration: 0.046s
FATN loop duration: 0.047s
FAUG loop duration: 0.571s
FAX loop duration: 0.007s
FAZ loop duration: 0.006s
FB loop duration: 0.482s
FBCG loop duration: 0.609s
FBCV loop duration: 0.615s
FBDC loop duration: 0.008s
FBGL loop duration: 0.007s
FBIN loop duration: 0.007s
FBIO loop duration: 0.044s
FBIOP loop duration: 0.340s
FBIZ loop duration: 0.418s
FBK loop duration: 0.007s
FBL loop duration: 0.007s
FBLA loop duration: 0.582s
Scanned 3700/12092...
FBLG loop duration: 0.008s
FBNC loop duration: 0.297s
FBND loop duration: 0.043s
FBOT loop duration: 0.722s
FBP loop duration: 0.937s
FBRT loop duration: 0.007s
FBRX loop duration: 0.006s
FBT loop duration: 0.327s
FBTC loop duration: 0.007s
FBUF loop duration: 0.619s
FBY loop duration: 0.007s
FBYD loop duration: 0.007s
FBYDW loop duration: 0.006s
FBYY loop duration: 0.005s
FC loop duration: 0.050s
FCA loop duration: 0.007s
FCAL loop duration: 0.322s
FCAP loop duration: 0.008s
FCBC loop duration: 0.046s
FCBD loop duration: 0.369s
FCCO loop duration: 0.412s
FCEF loop duration: 0.653s
FCEL loop duration: 0.043s
FCF loop duration: 0.364s
FCFS loop duration: 0.745s
FCFY loop duration: 0.637s
FCG loop duration: 0.007s
FCHL loop duration: 0.041s
FCLD loop duration: 0.705s
FCLO loop duration: 0.272s
FCN loop duration: 0.007s
FCNCA loop duration: 0.007s
FCNCN loop duration: 0.527s
FCNCO loop duration: 0.008s
FCNCP loop duration: 0.007s
FCOM loop duration: 0.625s
FCOR loop duration: 0.047s
FCPI loop duration: 0.777s
FCPT loop duration: 0.009s
FCRS loop duration: 0.499s
FCSH loop duration: 0.606s
FCT loop duration: 0.007s
FCTE loop duration: 0.266s
FCTR loop duration: 0.304s
FCUS loop duration: 0.546s
FCUV loop duration: 0.008s
FCVT loop duration: 0.606s
FCX loop duration: 0.007s
FCXG loop duration: 0.035s
FDAT loop duration: 0.043s
FDBC loop duration: 0.007s
FDCF loop duration: 0.577s
FDD loop duration: 0.544s
FDEC loop duration: 0.569s
FDEM loop duration: 0.653s
FDEV loop duration: 0.323s
FDFF loop duration: 0.008s
FDG loop duration: 0.665s
FDHY loop duration: 0.698s
FDIF loop duration: 0.642s
FDIG loop duration: 0.043s
FDIQ loop duration: 0.348s
FDIS loop duration: 0.429s
FDIV loop duration: 0.325s
FDL loop duration: 0.318s
FDLO loop duration: 0.653s
FDLS loop duration: 0.575s
FDM loop duration: 0.722s
FDMO loop duration: 0.634s
FDMT loop duration: 0.007s
FDN loop duration: 0.304s
FDND loop duration: 0.006s
FDNI loop duration: 0.006s
FDP loop duration: 0.006s
FDRR loop duration: 0.586s
FDRS loop duration: 0.233s
FDRV loop duration: 0.738s
FDRX loop duration: 0.005s
FDS loop duration: 0.006s
FDSB loop duration: 0.523s
FDT loop duration: 0.635s
FDTS loop duration: 0.349s
FDTX loop duration: 0.735s
FDUS loop duration: 0.008s
FDV loop duration: 0.346s
FDVV loop duration: 0.638s
FDX loop duration: 0.390s
FE loop duration: 0.007s
FEAC loop duration: 0.551s
FEAM loop duration: 0.008s
FEAT loop duration: 0.007s
FEBM loop duration: 0.566s
FEBO loop duration: 0.008s
FEBP loop duration: 0.598s
FEBT loop duration: 0.677s
FEBU loop duration: 0.732s
FEBW loop duration: 0.761s
FEBZ loop duration: 0.730s
FEDM loop duration: 0.394s
FEDU loop duration: 0.007s
Scanned 3800/12092...
FEED loop duration: 0.007s
FEGE loop duration: 0.302s
FEIG loop duration: 0.408s
FEIM loop duration: 0.721s
FELC loop duration: 0.639s
FELE loop duration: 0.324s
FELG loop duration: 0.544s
FELV loop duration: 0.772s
FEM loop duration: 0.692s
FEMB loop duration: 0.284s
FEMD loop duration: 0.453s
FEMR loop duration: 0.548s
FEMS loop duration: 0.432s
FEMY loop duration: 0.007s
FENC loop duration: 0.281s
FENG loop duration: 0.007s
FENI loop duration: 0.628s
FENY loop duration: 0.007s
FEOE loop duration: 0.354s
FEP loop duration: 0.605s
FEPI loop duration: 0.009s
FER loop duration: 0.356s
FERA loop duration: 0.550s
FERAR loop duration: 0.006s
FERAU loop duration: 0.046s
FERG loop duration: 0.007s
FESM loop duration: 0.568s
FET loop duration: 0.007s
FETH loop duration: 0.006s
FEUS loop duration: 0.717s
FEUZ loop duration: 0.666s
FEX loop duration: 0.565s
FEZ loop duration: 0.673s
FF loop duration: 0.007s
FFA loop duration: 0.674s
FFAI loop duration: 0.007s
FFAIW loop duration: 0.007s
FFBC loop duration: 0.678s
FFC loop duration: 0.320s
FFDI loop duration: 0.564s
FFEB loop duration: 0.554s
FFEM loop duration: 0.636s
FFF loop duration: 0.315s
FFGX loop duration: 0.561s
FFIC loop duration: 0.007s
FFIN loop duration: 0.007s
FFIU loop duration: 0.279s
FFIV loop duration: 0.431s
FFLC loop duration: 0.618s
FFLG loop duration: 0.674s
FFLS loop duration: 0.008s
FFLV loop duration: 0.648s
FFND loop duration: 0.538s
FFOG loop duration: 0.555s
FFOX loop duration: 0.277s
FFSM loop duration: 0.524s
FFTY loop duration: 0.311s
FFUT loop duration: 0.256s
FG loop duration: 0.008s
FGBI loop duration: 0.037s
FGBIP loop duration: 0.046s
FGD loop duration: 0.693s
FGDL loop duration: 0.007s
FGI loop duration: 0.006s
FGIIU loop duration: 0.450s
FGIWW loop duration: 0.007s
FGL loop duration: 0.043s
FGM loop duration: 0.341s
FGMC loop duration: 0.704s
FGMCR loop duration: 0.584s
FGMCU loop duration: 0.270s
FGN loop duration: 0.423s
FGNX loop duration: 0.008s
FGNXP loop duration: 0.355s
FGRU loop duration: 0.006s
FGSI loop duration: 0.265s
FGSM loop duration: 0.597s
FGSN loop duration: 0.007s
FHB loop duration: 0.340s
FHDG loop duration: 0.553s
FHEQ loop duration: 0.616s
FHI loop duration: 0.039s
FHLC loop duration: 0.007s
FHN loop duration: 0.352s
FHTX loop duration: 0.009s
FHYS loop duration: 0.573s
FIAT loop duration: 0.007s
FIAX loop duration: 0.041s
FIBK loop duration: 0.434s
FICO loop duration: 0.043s
FICS loop duration: 0.321s
FID loop duration: 0.646s
FIDI loop duration: 0.433s
FIDU loop duration: 0.576s
FIEE loop duration: 0.006s
FIG loop duration: 0.044s
Scanned 3900/12092...
FIGB loop duration: 0.307s
FIGG loop duration: 0.045s
FIGR loop duration: 0.006s
FIGS loop duration: 0.006s
FIGX loop duration: 0.436s
FIGXU loop duration: 0.229s
FIGXW loop duration: 0.006s
FIIG loop duration: 0.044s
FINS loop duration: 0.008s
FINT loop duration: 0.494s
FINV loop duration: 0.007s
FINW loop duration: 0.006s
FINX loop duration: 0.006s
FIP loop duration: 0.006s
FIS loop duration: 0.006s
FISI loop duration: 0.831s
FISK loop duration: 0.008s
FISR loop duration: 0.039s
FISV loop duration: 0.008s
FITB loop duration: 0.008s
FITBI loop duration: 0.398s
FITBM loop duration: 0.675s
FITBO loop duration: 0.007s
FITBP loop duration: 0.327s
FITE loop duration: 0.601s
FIVA loop duration: 0.660s
FIVE loop duration: 0.006s
FIVN loop duration: 0.044s
FIVY loop duration: 0.007s
FIW loop duration: 0.007s
FIX loop duration: 0.386s
FIXD loop duration: 0.330s
FIXP loop duration: 0.522s
FIXT loop duration: 0.353s
FIZZ loop duration: 0.007s
FJAN loop duration: 0.913s
FJET loop duration: 0.044s
FJP loop duration: 0.288s
FJUL loop duration: 0.618s
FJUN loop duration: 0.602s
FKU loop duration: 0.374s
FKWL loop duration: 0.006s
FLAG loop duration: 0.356s
FLAO loop duration: 0.340s
FLAU loop duration: 0.040s
FLAX loop duration: 0.580s
FLBL loop duration: 0.341s
FLBR loop duration: 0.007s
FLC loop duration: 0.007s
FLCA loop duration: 0.562s
FLCB loop duration: 0.349s
FLCC loop duration: 0.665s
FLCE loop duration: 0.614s
FLCG loop duration: 0.527s
FLCH loop duration: 0.008s
FLCO loop duration: 0.047s
FLCV loop duration: 0.590s
FLD loop duration: 0.007s
FLDB loop duration: 0.266s
FLDDW loop duration: 0.007s
FLDR loop duration: 0.645s
FLDZ loop duration: 0.515s
FLEE loop duration: 0.646s
FLEU loop duration: 0.566s
FLEX loop duration: 0.763s
FLG loop duration: 0.353s
FLGB loop duration: 0.307s
FLGR loop duration: 0.317s
FLGT loop duration: 0.007s
FLGV loop duration: 0.324s
FLHY loop duration: 0.618s
FLIA loop duration: 0.044s
FLIN loop duration: 0.008s
FLJH loop duration: 0.629s
FLJJ loop duration: 0.720s
FLJP loop duration: 0.574s
FLKR loop duration: 0.551s
FLL loop duration: 0.007s
FLLA loop duration: 0.536s
FLMB loop duration: 0.048s
FLMI loop duration: 0.279s
FLMX loop duration: 0.329s
FLN loop duration: 0.315s
FLNA loop duration: 0.007s
FLNC loop duration: 0.037s
FLNG loop duration: 0.375s
FLNT loop duration: 0.007s
FLO loop duration: 0.006s
FLOC loop duration: 0.006s
FLOT loop duration: 0.709s
FLOW loop duration: 0.651s
FLQL loop duration: 0.572s
FLQM loop duration: 0.321s
FLQS loop duration: 0.552s
FLR loop duration: 0.007s
FLRG loop duration: 0.620s
FLRN loop duration: 0.816s
FLRT loop duration: 0.392s
Scanned 4000/12092...
FLS loop duration: 0.007s
FLSA loop duration: 0.007s
FLSP loop duration: 0.631s
FLSW loop duration: 0.313s
FLTB loop duration: 0.598s
FLTR loop duration: 0.721s
FLTW loop duration: 0.588s
FLUD loop duration: 0.308s
FLUT loop duration: 0.008s
FLUX loop duration: 0.007s
FLV loop duration: 0.642s
FLWS loop duration: 0.164s
FLX loop duration: 0.008s
FLXN loop duration: 0.304s
FLXR loop duration: 0.580s
FLXS loop duration: 0.040s
FLY loop duration: 0.045s
FLYD loop duration: 0.006s
FLYE loop duration: 0.007s
FLYT loop duration: 0.041s
FLYU loop duration: 0.006s
FLYW loop duration: 0.007s
FLYX loop duration: 0.043s
FMAG loop duration: 0.623s
FMAO loop duration: 0.009s
FMAR loop duration: 0.578s
FMAT loop duration: 0.366s
FMAY loop duration: 0.658s
FMB loop duration: 0.335s
FMBH loop duration: 0.661s
FMC loop duration: 0.007s
FMCE loop duration: 0.704s
FMCX loop duration: 0.530s
FMDE loop duration: 0.626s
FMED loop duration: 0.007s
FMET loop duration: 0.571s
FMF loop duration: 0.609s
FMFC loop duration: 0.006s
FMHI loop duration: 0.331s
FMKT loop duration: 0.007s
FMN loop duration: 0.044s
FMNB loop duration: 0.007s
FMNY loop duration: 0.310s
FMQQ loop duration: 0.007s
FMS loop duration: 0.006s
FMST loop duration: 0.007s
FMSTW loop duration: 0.007s
FMTL loop duration: 0.258s
FMTM loop duration: 0.385s
FMUB loop duration: 0.256s
FMUN loop duration: 0.042s
FMX loop duration: 0.685s
FMY loop duration: 0.466s
FN loop duration: 0.278s
FNB loop duration: 0.371s
FNCL loop duration: 0.344s
FND loop duration: 0.007s
FNDA loop duration: 0.044s
FNDB loop duration: 0.044s
FNDC loop duration: 0.559s
FNDE loop duration: 0.621s
FNDF loop duration: 0.641s
FNDX loop duration: 0.038s
FNF loop duration: 0.007s
FNGD loop duration: 0.007s
FNGG loop duration: 0.300s
FNGO loop duration: 0.563s
FNGR loop duration: 0.007s
FNGS loop duration: 0.545s
FNGU loop duration: 0.392s
FNK loop duration: 0.460s
FNKO loop duration: 0.045s
FNLC loop duration: 0.397s
FNOV loop duration: 0.594s
FNUC loop duration: 0.007s
FNV loop duration: 0.007s
FNWB loop duration: 0.007s
FNWD loop duration: 0.006s
FNX loop duration: 0.582s
FNY loop duration: 0.663s
FOA loop duration: 0.009s
FOCT loop duration: 0.629s
FOF loop duration: 0.304s
FOFO loop duration: 0.007s
FONR loop duration: 0.588s
FOPC loop duration: 0.045s
FOR loop duration: 0.008s
FORH loop duration: 0.007s
FORM loop duration: 0.007s
FORR loop duration: 0.006s
FORTY loop duration: 0.006s
FOSL loop duration: 0.007s
FOUR loop duration: 0.006s
FOWF loop duration: 0.046s
FOX loop duration: 0.007s
Scanned 4100/12092...
FOXA loop duration: 0.006s
FOXF loop duration: 0.006s
FOXX loop duration: 0.006s
FOXXW loop duration: 0.007s
FOXY loop duration: 0.329s
FPA loop duration: 0.725s
FPAG loop duration: 0.581s
FPAS loop duration: 0.320s
FPE loop duration: 0.336s
FPEI loop duration: 0.602s
FPF loop duration: 0.007s
FPFD loop duration: 0.442s
FPH loop duration: 0.008s
FPI loop duration: 0.007s
FPRO loop duration: 0.585s
FPS loop duration: 0.270s
FPWR loop duration: 0.042s
FPX loop duration: 0.747s
FPXE loop duration: 0.748s
FPXI loop duration: 0.690s
FQAL loop duration: 0.579s
FR loop duration: 0.471s
FRA loop duration: 0.008s
FRAF loop duration: 0.813s
FRBA loop duration: 0.008s
FRD loop duration: 0.800s
FRDM loop duration: 0.613s
FREL loop duration: 0.596s
FRGN loop duration: 0.490s
FRGT loop duration: 0.436s
FRHC loop duration: 0.008s
FRI loop duration: 0.655s
FRIZ loop duration: 0.592s
FRME loop duration: 0.008s
FRMEP loop duration: 0.391s
FRMI loop duration: 0.042s
FRMM loop duration: 0.007s
FRNW loop duration: 0.596s
FRO loop duration: 0.007s
FROG loop duration: 0.493s
FRPH loop duration: 0.007s
FRPT loop duration: 0.007s
FRSH loop duration: 0.007s
FRST loop duration: 0.666s
FRSX loop duration: 0.007s
FRT loop duration: 0.729s
FRTY loop duration: 0.305s
FRWD loop duration: 0.834s
FSBC loop duration: 0.836s
FSBW loop duration: 0.008s
FSCC loop duration: 0.539s
FSCO loop duration: 0.006s
FSCS loop duration: 0.301s
FSEA loop duration: 0.541s
FSEC loop duration: 0.036s
FSEP loop duration: 0.559s
FSGS loop duration: 0.326s
FSHP loop duration: 0.291s
FSHPR loop duration: 0.273s
FSHPU loop duration: 0.008s
FSI loop duration: 0.007s
FSIG loop duration: 0.321s
FSK loop duration: 0.008s
FSLR loop duration: 0.044s
FSLY loop duration: 0.007s
FSM loop duration: 0.006s
FSMB loop duration: 0.555s
FSMD loop duration: 0.691s
FSML loop duration: 0.499s
FSOL loop duration: 0.007s
FSP loop duration: 0.007s
FSS loop duration: 0.007s
FSSL loop duration: 0.006s
FSTA loop duration: 0.007s
FSTR loop duration: 0.347s
FSUN loop duration: 0.008s
FSV loop duration: 0.007s
FSYD loop duration: 0.584s
FSZ loop duration: 0.351s
FT loop duration: 0.373s
FTA loop duration: 0.646s
FTAG loop duration: 0.332s
FTAI loop duration: 0.007s
FTAIM loop duration: 0.045s
FTAIN loop duration: 0.328s
FTBD loop duration: 0.041s
FTBI loop duration: 0.402s
FTC loop duration: 0.879s
FTCA loop duration: 0.602s
FTCB loop duration: 0.378s
FTCE loop duration: 0.506s
FTCI loop duration: 0.007s
FTCS loop duration: 0.007s
FTDR loop duration: 0.007s
FTDS loop duration: 0.294s
FTEC loop duration: 0.626s
FTEK loop duration: 0.009s
Scanned 4200/12092...
FTF loop duration: 0.008s
FTFT loop duration: 0.007s
FTGC loop duration: 0.007s
FTGS loop duration: 0.512s
FTHF loop duration: 0.539s
FTHI loop duration: 0.594s
FTHM loop duration: 0.008s
FTHY loop duration: 0.008s
FTI loop duration: 0.006s
FTIF loop duration: 0.372s
FTK loop duration: 0.472s
FTKI loop duration: 0.254s
FTLF loop duration: 0.007s
FTLS loop duration: 0.558s
FTMA loop duration: 0.595s
FTMH loop duration: 0.602s
FTMN loop duration: 0.519s
FTMS loop duration: 0.494s
FTMU loop duration: 0.489s
FTNJ loop duration: 0.457s
FTNT loop duration: 0.337s
FTNY loop duration: 0.524s
FTOH loop duration: 0.502s
FTPA loop duration: 0.486s
FTQI loop duration: 0.712s
FTRB loop duration: 0.333s
FTRE loop duration: 0.264s
FTRI loop duration: 0.006s
FTRK loop duration: 0.038s
FTS loop duration: 0.447s
FTSD loop duration: 0.659s
FTSL loop duration: 0.333s
FTSM loop duration: 0.621s
FTV loop duration: 0.009s
FTW loop duration: 0.008s
FTWO loop duration: 0.007s
FTXG loop duration: 0.008s
FTXH loop duration: 0.044s
FTXL loop duration: 0.642s
FTXN loop duration: 0.007s
FTXO loop duration: 0.386s
FTXR loop duration: 0.611s
FUBO loop duration: 0.008s
FUFU loop duration: 0.007s
FUFUW loop duration: 0.007s
FUL loop duration: 0.007s
FULC loop duration: 0.006s
FULT loop duration: 0.341s
FULTP loop duration: 0.008s
FUMB loop duration: 0.595s
FUN loop duration: 0.008s
FUNC loop duration: 0.007s
FUND loop duration: 0.828s
FURY loop duration: 0.006s
FUSB loop duration: 0.361s
FUSE loop duration: 0.006s
FUSEW loop duration: 0.005s
FUSI loop duration: 0.282s
FUTG loop duration: 0.006s
FUTU loop duration: 0.006s
FUTY loop duration: 0.460s
FV loop duration: 0.692s
FVAL loop duration: 0.662s
FVC loop duration: 0.549s
FVCB loop duration: 0.048s
FVD loop duration: 0.046s
FVN loop duration: 0.616s
FVNNR loop duration: 0.008s
FVNNU loop duration: 0.009s
FVR loop duration: 0.042s
FVRR loop duration: 0.007s
FWD loop duration: 0.590s
FWDI loop duration: 0.007s
FWONA loop duration: 0.008s
FWONK loop duration: 0.007s
FWRD loop duration: 0.007s
FWRG loop duration: 0.006s
FXA loop duration: 0.680s
FXB loop duration: 0.326s
FXC loop duration: 0.348s
FXD loop duration: 0.309s
FXE loop duration: 0.388s
FXED loop duration: 0.007s
FXF loop duration: 0.378s
FXG loop duration: 0.007s
FXH loop duration: 0.562s
FXI loop duration: 0.007s
FXL loop duration: 0.644s
FXN loop duration: 0.291s
FXNC loop duration: 0.358s
FXO loop duration: 0.358s
FXP loop duration: 0.043s
FXR loop duration: 0.329s
FXU loop duration: 0.385s
FXY loop duration: 0.007s
FXZ loop duration: 0.573s
Scanned 4300/12092...
FYC loop duration: 0.579s
FYEE loop duration: 0.884s
FYLD loop duration: 0.755s
FYT loop duration: 0.603s
FYX loop duration: 0.696s
G loop duration: 0.006s
GAA loop duration: 0.701s
GAB loop duration: 0.009s
GABC loop duration: 0.367s
GABF loop duration: 0.008s
GAEM loop duration: 0.581s
GAIA loop duration: 0.008s
GAID loop duration: 0.283s
GAIN loop duration: 0.008s
GAING loop duration: 0.357s
GAINI loop duration: 0.557s
GAINZ loop duration: 0.675s
GAL loop duration: 0.573s
GALT loop duration: 0.006s
GAM loop duration: 0.779s
GAMB loop duration: 0.007s
GAME loop duration: 0.007s
GAMR loop duration: 0.007s
GANX loop duration: 0.006s
GAP loop duration: 0.006s
GAPR loop duration: 0.574s
GARA loop duration: 0.539s
GARP loop duration: 0.594s
GARY loop duration: 0.523s
GASS loop duration: 0.299s
GATX loop duration: 0.006s
GAU loop duration: 0.006s
GAUD loop duration: 0.289s
GAUG loop duration: 0.492s
GAUZ loop duration: 0.007s
GBAB loop duration: 0.006s
GBCI loop duration: 0.007s
GBDC loop duration: 0.006s
GBF loop duration: 0.476s
GBFH loop duration: 0.007s
GBHI loop duration: 0.562s
GBIL loop duration: 0.671s
GBLI loop duration: 0.007s
GBND loop duration: 0.242s
GBR loop duration: 0.006s
GBTC loop duration: 0.006s
GBTG loop duration: 0.753s
GBUG loop duration: 0.007s
GBX loop duration: 0.007s
GCAD loop duration: 0.389s
GCAL loop duration: 0.530s
GCBC loop duration: 0.046s
GCC loop duration: 0.365s
GCDT loop duration: 0.007s
GCL loop duration: 0.044s
GCLWW loop duration: 0.007s
GCMG loop duration: 0.007s
GCO loop duration: 0.043s
GCOR loop duration: 0.313s
GCOW loop duration: 0.428s
GCT loop duration: 0.007s
GCTK loop duration: 0.007s
GCTS loop duration: 0.038s
GCV loop duration: 0.753s
GD loop duration: 0.417s
GDC loop duration: 0.007s
GDDY loop duration: 0.006s
GDE loop duration: 0.006s
GDEC loop duration: 0.518s
GDEV loop duration: 0.007s
GDEVW loop duration: 0.007s
GDHG loop duration: 0.007s
GDIV loop duration: 0.583s
GDL loop duration: 0.631s
GDLC loop duration: 0.008s
GDMA loop duration: 0.040s
GDMN loop duration: 0.007s
GDO loop duration: 0.006s
GDOC loop duration: 0.007s
GDOG loop duration: 0.006s
GDOT loop duration: 0.007s
GDRX loop duration: 0.043s
GDS loop duration: 0.007s
GDT loop duration: 0.005s
GDTC loop duration: 0.008s
GDV loop duration: 0.744s
GDX loop duration: 0.006s
GDXD loop duration: 0.007s
GDXJ loop duration: 0.006s
GDXU loop duration: 0.006s
GDXW loop duration: 0.005s
GDXY loop duration: 0.006s
GDYN loop duration: 0.044s
GE loop duration: 0.007s
GECC loop duration: 0.007s
GECCG loop duration: 0.515s
GECCH loop duration: 0.596s
Scanned 4400/12092...
GECCI loop duration: 0.633s
GEF loop duration: 0.008s
GEG loop duration: 0.007s
GEGGL loop duration: 0.589s
GEHC loop duration: 0.007s
GEL loop duration: 0.006s
GELS loop duration: 0.007s
GEM loop duration: 0.713s
GEMD loop duration: 0.289s
GEME loop duration: 0.561s
GEMG loop duration: 0.046s
GEMI loop duration: 0.006s
GEN loop duration: 0.046s
GENC loop duration: 0.007s
GEND loop duration: 0.481s
GENI loop duration: 0.039s
GENK loop duration: 0.037s
GENM loop duration: 0.542s
GENT loop duration: 0.042s
GENVR loop duration: 0.037s
GENW loop duration: 0.609s
GENZ loop duration: 0.007s
GEO loop duration: 0.007s
GEOA loop duration: 0.514s
GEOS loop duration: 0.007s
GERN loop duration: 0.006s
GETY loop duration: 0.038s
GEV loop duration: 0.007s
GEVG loop duration: 0.006s
GEVO loop duration: 0.007s
GEVX loop duration: 0.006s
GEW loop duration: 0.746s
GF loop duration: 0.371s
GFAI loop duration: 0.007s
GFAIW loop duration: 0.007s
GFEB loop duration: 0.595s
GFF loop duration: 0.007s
GFGF loop duration: 0.562s
GFI loop duration: 0.007s
GFL loop duration: 0.007s
GFLW loop duration: 0.519s
GFR loop duration: 0.007s
GFS loop duration: 0.044s
GGAL loop duration: 0.008s
GGB loop duration: 0.366s
GGG loop duration: 0.006s
GGLL loop duration: 0.322s
GGLS loop duration: 0.008s
GGM loop duration: 0.317s
GGME loop duration: 0.307s
GGN loop duration: 0.007s
GGOV loop duration: 0.495s
GGR loop duration: 0.007s
GGROW loop duration: 0.006s
GGRP loop duration: 0.043s
GGRW loop duration: 0.693s
GGT loop duration: 0.045s
GGTL loop duration: 0.569s
GGUS loop duration: 0.546s
GGZ loop duration: 0.337s
GH loop duration: 0.300s
GHC loop duration: 0.471s
GHG loop duration: 0.006s
GHI loop duration: 0.007s
GHM loop duration: 0.312s
GHRS loop duration: 0.406s
GHTA loop duration: 0.044s
GHY loop duration: 0.007s
GHYB loop duration: 0.340s
GHYG loop duration: 0.387s
GIAX loop duration: 0.039s
GIB loop duration: 0.007s
GIBO loop duration: 0.006s
GIBOW loop duration: 0.043s
GIC loop duration: 0.007s
GIFT loop duration: 0.007s
GIGB loop duration: 0.043s
GIGL loop duration: 0.006s
GIGM loop duration: 0.007s
GII loop duration: 0.325s
GIII loop duration: 0.038s
GIL loop duration: 0.007s
GILD loop duration: 0.007s
GILT loop duration: 0.007s
GIND loop duration: 0.007s
GINN loop duration: 0.620s
GINX loop duration: 0.847s
GIPR loop duration: 0.007s
GIPRW loop duration: 0.045s
GIS loop duration: 0.006s
GITS loop duration: 0.006s
GIW loop duration: 0.603s
GIWWR loop duration: 0.007s
GIWWU loop duration: 0.226s
GIXXU loop duration: 0.498s
Scanned 4500/12092...
GJAN loop duration: 0.651s
GJH loop duration: 0.007s
GJO loop duration: 0.043s
GJP loop duration: 0.338s
GJR loop duration: 0.038s
GJS loop duration: 0.337s
GJT loop duration: 0.348s
GJUL loop duration: 0.568s
GJUN loop duration: 0.660s
GK loop duration: 0.693s
GKAT loop duration: 0.452s
GKOS loop duration: 0.007s
GL loop duration: 0.708s
GLAD loop duration: 0.009s
GLBE loop duration: 0.007s
GLBL loop duration: 0.536s
GLBS loop duration: 0.007s
GLCR loop duration: 0.244s
GLD loop duration: 0.006s
GLDB loop duration: 0.006s
GLDG loop duration: 0.007s
GLDI loop duration: 0.006s
GLDM loop duration: 0.006s
GLDN loop duration: 0.005s
GLDW loop duration: 0.006s
GLDY loop duration: 0.006s
GLE loop duration: 0.038s
GLGG loop duration: 0.042s
GLIBA loop duration: 0.007s
GLIBK loop duration: 0.007s
GLIN loop duration: 0.007s
GLIX loop duration: 0.268s
GLL loop duration: 0.008s
GLMD loop duration: 0.007s
GLND loop duration: 0.006s
GLNG loop duration: 0.006s
GLNK loop duration: 0.005s
GLO loop duration: 0.427s
GLOB loop duration: 0.008s
GLOF loop duration: 0.616s
GLOO loop duration: 0.007s
GLOW loop duration: 0.671s
GLP loop duration: 0.008s
GLPI loop duration: 0.431s
GLQ loop duration: 0.713s
GLRE loop duration: 0.006s
GLRY loop duration: 0.592s
GLSI loop duration: 0.043s
GLTR loop duration: 0.008s
GLU loop duration: 0.290s
GLUE loop duration: 0.008s
GLV loop duration: 0.694s
GLW loop duration: 0.347s
GLXG loop duration: 0.008s
GLXU loop duration: 0.041s
GLXY loop duration: 0.008s
GM loop duration: 0.044s
GMAB loop duration: 0.007s
GMAR loop duration: 0.649s
GMAY loop duration: 0.603s
GME loop duration: 0.008s
GMED loop duration: 0.007s
GMEU loop duration: 0.007s
GMEY loop duration: 0.006s
GMF loop duration: 0.623s
GMHS loop duration: 0.008s
GMM loop duration: 0.009s
GMMA loop duration: 0.537s
GMMF loop duration: 0.499s
GMNY loop duration: 0.597s
GMOC loop duration: 0.533s
GMOD loop duration: 0.461s
GMOI loop duration: 0.601s
GMOM loop duration: 0.319s
GMOV loop duration: 0.520s
GMUB loop duration: 0.627s
GMUN loop duration: 0.374s
GNE loop duration: 0.007s
GNK loop duration: 0.006s
GNL loop duration: 0.362s
GNLN loop duration: 0.009s
GNLX loop duration: 0.039s
GNMA loop duration: 0.043s
GNOM loop duration: 0.008s
GNOV loop duration: 0.604s
GNPX loop duration: 0.006s
GNR loop duration: 0.349s
GNRC loop duration: 0.708s
GNS loop duration: 0.007s
GNSS loop duration: 0.006s
GNT loop duration: 0.006s
GNTA loop duration: 0.006s
GNTX loop duration: 0.007s
Scanned 4600/12092...
GNW loop duration: 0.367s
GO loop duration: 0.007s
GOAI loop duration: 0.005s
GOAU loop duration: 0.007s
GOCO loop duration: 0.007s
GOCT loop duration: 0.565s
GOEX loop duration: 0.007s
GOF loop duration: 0.006s
GOGO loop duration: 0.006s
GOLD loop duration: 0.007s
GOLF loop duration: 0.006s
GOLS loop duration: 0.559s
GOLY loop duration: 0.007s
GOOD loop duration: 0.008s
GOODN loop duration: 0.353s
GOODO loop duration: 0.046s
GOOG loop duration: 0.379s
GOOGL loop duration: 0.563s
GOOP loop duration: 0.360s
GOOS loop duration: 0.007s
GOOW loop duration: 0.232s
GOOX loop duration: 0.607s
GOOY loop duration: 0.008s
GOP loop duration: 0.648s
GORO loop duration: 0.007s
GOSS loop duration: 0.007s
GOTU loop duration: 0.006s
GOU loop duration: 0.267s
GOVI loop duration: 0.309s
GOVT loop duration: 0.374s
GOVX loop duration: 0.043s
GOVZ loop duration: 0.674s
GP loop duration: 0.008s
GPAC loop duration: 0.007s
GPACU loop duration: 0.008s
GPACW loop duration: 0.006s
GPAT loop duration: 0.314s
GPATU loop duration: 0.008s
GPATW loop duration: 0.007s
GPC loop duration: 0.006s
GPCR loop duration: 0.007s
GPGI loop duration: 0.007s
GPI loop duration: 0.006s
GPIQ loop duration: 0.595s
GPIX loop duration: 0.728s
GPJA loop duration: 0.008s
GPK loop duration: 0.007s
GPMT loop duration: 0.007s
GPN loop duration: 0.007s
GPOR loop duration: 0.007s
GPRE loop duration: 0.006s
GPRF loop duration: 0.346s
GPRK loop duration: 0.008s
GPRO loop duration: 0.007s
GPT loop duration: 0.572s
GPTY loop duration: 0.276s
GPUS loop duration: 0.046s
GPZ loop duration: 0.008s
GQGU loop duration: 0.006s
GQI loop duration: 0.520s
GQQQ loop duration: 0.599s
GQRE loop duration: 0.582s
GRAB loop duration: 0.007s
GRABW loop duration: 0.006s
GRAF loop duration: 0.039s
GRAG loop duration: 0.006s
GRAL loop duration: 0.042s
GRAN loop duration: 0.006s
GRBK loop duration: 0.006s
GRC loop duration: 0.349s
GRCE loop duration: 0.007s
GRDN loop duration: 0.295s
GRDX loop duration: 0.050s
GREE loop duration: 0.046s
GREEL loop duration: 0.408s
GREK loop duration: 0.383s
GRF loop duration: 0.007s
GRFS loop duration: 0.006s
GRI loop duration: 0.006s
GRID loop duration: 0.324s
GRIN loop duration: 0.337s
GRML loop duration: 0.007s
GRMLW loop duration: 0.043s
GRMN loop duration: 0.007s
GRN loop duration: 0.007s
GRNB loop duration: 0.043s
GRND loop duration: 0.006s
GRNI loop duration: 0.507s
GRNJ loop duration: 0.460s
GRNQ loop duration: 0.007s
GRNT loop duration: 0.006s
GRNY loop duration: 0.638s
GRO loop duration: 0.007s
GROV loop duration: 0.007s
GROW loop duration: 0.006s
GROY loop duration: 0.006s
GROZ loop duration: 0.564s
GRPM loop duration: 0.725s
GRPN loop duration: 0.039s
Scanned 4700/12092...
GRPZ loop duration: 0.553s
GRRR loop duration: 0.008s
GRRRW loop duration: 0.007s
GRVY loop duration: 0.008s
GRW loop duration: 0.007s
GRWG loop duration: 0.041s
GRX loop duration: 0.007s
GS loop duration: 0.719s
GSAT loop duration: 0.607s
GSBC loop duration: 0.833s
GSBD loop duration: 0.006s
GSC loop duration: 0.686s
GSEE loop duration: 0.576s
GSEP loop duration: 0.539s
GSEU loop duration: 0.580s
GSEW loop duration: 0.584s
GSG loop duration: 0.363s
GSGO loop duration: 0.639s
GSHD loop duration: 0.007s
GSHR loop duration: 0.514s
GSHRU loop duration: 0.297s
GSHRW loop duration: 0.007s
GSIB loop duration: 0.542s
GSID loop duration: 0.603s
GSIE loop duration: 0.581s
GSIG loop duration: 0.579s
GSIT loop duration: 0.047s
GSIW loop duration: 0.046s
GSJY loop duration: 0.387s
GSK loop duration: 0.007s
GSKH loop duration: 0.007s
GSL loop duration: 0.007s
GSLC loop duration: 0.639s
GSM loop duration: 0.008s
GSOL loop duration: 0.006s
GSPY loop duration: 0.598s
GSRF loop duration: 0.655s
GSRFR loop duration: 0.007s
GSRFU loop duration: 0.223s
GSSC loop duration: 0.573s
GSST loop duration: 0.626s
GSUI loop duration: 0.006s
GSUN loop duration: 0.007s
GSUS loop duration: 0.786s
GSWO loop duration: 0.836s
GSY loop duration: 0.301s
GT loop duration: 0.007s
GTBP loop duration: 0.045s
GTE loop duration: 0.006s
GTEC loop duration: 0.006s
GTEK loop duration: 0.530s
GTEN loop duration: 0.539s
GTENU loop duration: 0.309s
GTENW loop duration: 0.045s
GTERA loop duration: 0.427s
GTERR loop duration: 0.007s
GTERU loop duration: 0.508s
GTERW loop duration: 0.006s
GTES loop duration: 0.327s
GTIM loop duration: 0.007s
GTIP loop duration: 0.328s
GTLB loop duration: 0.007s
GTLS loop duration: 0.044s
GTM loop duration: 0.007s
GTN loop duration: 0.006s
GTO loop duration: 0.040s
GTOC loop duration: 0.006s
GTOH loop duration: 0.309s
GTOP loop duration: 0.460s
GTOQ loop duration: 0.301s
GTOS loop duration: 0.607s
GTPE loop duration: 0.490s
GTR loop duration: 0.680s
GTX loop duration: 0.782s
GTY loop duration: 0.396s
GUG loop duration: 0.314s
GUMI loop duration: 0.337s
GUNR loop duration: 0.322s
GURE loop duration: 0.042s
GURU loop duration: 0.562s
GUSA loop duration: 0.587s
GUSE loop duration: 0.450s
GUSH loop duration: 0.007s
GUT loop duration: 0.814s
GUTS loop duration: 0.042s
GV loop duration: 0.043s
GVA loop duration: 0.008s
GVAL loop duration: 0.574s
GVH loop duration: 0.041s
GVI loop duration: 0.573s
GVIP loop duration: 0.612s
GVLE loop duration: 0.560s
GVLU loop duration: 0.552s
GVUS loop duration: 0.529s
GWAV loop duration: 0.007s
GWH loop duration: 0.007s
GWRE loop duration: 0.006s
Scanned 4800/12092...
GWRS loop duration: 0.006s
GWW loop duration: 0.465s
GWX loop duration: 0.568s
GXAI loop duration: 0.007s
GXC loop duration: 0.007s
GXDW loop duration: 0.712s
GXIG loop duration: 0.007s
GXLC loop duration: 0.813s
GXO loop duration: 0.007s
GXPC loop duration: 0.511s
GXPD loop duration: 0.520s
GXPE loop duration: 0.006s
GXPS loop duration: 0.228s
GXPT loop duration: 0.492s
GXRP loop duration: 0.007s
GXUS loop duration: 0.599s
GYLD loop duration: 0.359s
GYRE loop duration: 0.007s
GYRO loop duration: 0.006s
H loop duration: 0.635s
HACK loop duration: 0.299s
HACQU loop duration: 0.259s
HAE loop duration: 0.007s
HAFC loop duration: 0.779s
HAFN loop duration: 0.007s
HAIL loop duration: 0.574s
HAIN loop duration: 0.007s
HAKY loop duration: 0.240s
HAL loop duration: 0.397s
HALO loop duration: 0.008s
HAO loop duration: 0.007s
HAP loop duration: 0.328s
HAPI loop duration: 0.738s
HAPS loop duration: 0.637s
HARD loop duration: 0.007s
HAS loop duration: 0.006s
HASI loop duration: 0.330s
HAUS loop duration: 0.316s
HAUZ loop duration: 0.317s
HAVA loop duration: 0.446s
HAVAR loop duration: 0.043s
HAVAU loop duration: 0.246s
HAWX loop duration: 0.844s
HAYW loop duration: 0.007s
HBAN loop duration: 0.007s
HBANL loop duration: 0.355s
HBANM loop duration: 0.006s
HBANP loop duration: 0.006s
HBANZ loop duration: 0.005s
HBB loop duration: 0.007s
HBCP loop duration: 0.587s
HBDC loop duration: 0.007s
HBIO loop duration: 0.008s
HBM loop duration: 0.386s
HBNB loop duration: 0.007s
HBNC loop duration: 0.591s
HBR loop duration: 0.006s
HBT loop duration: 0.449s
HBTA loop duration: 0.557s
HBTC loop duration: 0.007s
HCA loop duration: 0.006s
HCAC loop duration: 0.510s
HCACR loop duration: 0.006s
HCACU loop duration: 0.228s
HCAI loop duration: 0.040s
HCAT loop duration: 0.007s
HCC loop duration: 0.007s
HCHL loop duration: 0.043s
HCI loop duration: 0.007s
HCICU loop duration: 0.532s
HCKT loop duration: 0.007s
HCM loop duration: 0.006s
HCMA loop duration: 0.265s
HCMAU loop duration: 0.006s
HCMAW loop duration: 0.042s
HCMT loop duration: 0.652s
HCOW loop duration: 0.042s
HCRB loop duration: 0.337s
HCSG loop duration: 0.009s
HCTI loop duration: 0.008s
HCWB loop duration: 0.045s
HCWC loop duration: 0.007s
HCXY loop duration: 0.458s
HD loop duration: 0.007s
HDB loop duration: 0.006s
HDEF loop duration: 0.365s
HDG loop duration: 0.685s
HDGE loop duration: 0.007s
HDL loop duration: 0.007s
HDLB loop duration: 0.006s
HDMV loop duration: 0.410s
HDRN loop duration: 0.007s
HDRNW loop duration: 0.006s
Scanned 4900/12092...
HDSN loop duration: 0.006s
HDUS loop duration: 0.717s
HDV loop duration: 0.007s
HE loop duration: 0.006s
HEAL loop duration: 0.006s
HECA loop duration: 0.005s
HECO loop duration: 0.708s
HEDG loop duration: 0.513s
HEDJ loop duration: 0.710s
HEEM loop duration: 0.566s
HEFA loop duration: 0.592s
HEFT loop duration: 0.231s
HEGD loop duration: 0.615s
HEI loop duration: 0.007s
HELE loop duration: 0.007s
HELO loop duration: 0.636s
HELP loop duration: 0.007s
HELS loop duration: 0.272s
HELX loop duration: 0.009s
HEMI loop duration: 0.589s
HEPS loop duration: 0.009s
HEQ loop duration: 0.789s
HEQQ loop duration: 0.572s
HEQT loop duration: 0.692s
HERD loop duration: 0.667s
HERE loop duration: 0.008s
HERO loop duration: 0.008s
HERZ loop duration: 0.419s
HESM loop duration: 0.007s
HEWJ loop duration: 0.622s
HEZU loop duration: 0.665s
HF loop duration: 0.325s
HFBL loop duration: 0.385s
HFEQ loop duration: 0.526s
HFFG loop duration: 0.007s
HFGM loop duration: 0.008s
HFGO loop duration: 0.730s
HFMF loop duration: 0.284s
HFND loop duration: 0.641s
HFRO loop duration: 0.306s
HFSI loop duration: 0.322s
HFSP loop duration: 0.008s
HFWA loop duration: 0.430s
HFXI loop duration: 0.758s
HG loop duration: 0.363s
HGBL loop duration: 0.007s
HGER loop duration: 0.540s
HGLB loop duration: 0.007s
HGRO loop duration: 0.494s
HGTY loop duration: 0.007s
HGV loop duration: 0.613s
HHH loop duration: 0.007s
HHS loop duration: 0.006s
HIBL loop duration: 0.693s
HIBS loop duration: 0.008s
HIDE loop duration: 0.575s
HIDV loop duration: 0.584s
HIFS loop duration: 0.007s
HIG loop duration: 0.321s
HIGH loop duration: 0.008s
HIHO loop duration: 0.007s
HII loop duration: 0.007s
HIMS loop duration: 0.008s
HIMU loop duration: 0.375s
HIMX loop duration: 0.340s
HIMZ loop duration: 0.007s
HIND loop duration: 0.006s
HIO loop duration: 0.007s
HIPO loop duration: 0.006s
HIPS loop duration: 0.006s
HISF loop duration: 0.402s
HIT loop duration: 0.006s
HITI loop duration: 0.006s
HIVE loop duration: 0.039s
HIW loop duration: 0.006s
HIX loop duration: 0.007s
HIYY loop duration: 0.005s
HKD loop duration: 0.006s
HKPD loop duration: 0.007s
HL loop duration: 0.006s
HLAL loop duration: 0.588s
HLF loop duration: 0.007s
HLI loop duration: 0.006s
HLIO loop duration: 0.711s
HLIT loop duration: 0.389s
HLLY loop duration: 0.008s
HLMN loop duration: 0.007s
HLN loop duration: 0.007s
HLNE loop duration: 0.007s
HLP loop duration: 0.007s
HLT loop duration: 0.763s
HLX loop duration: 0.007s
HLXC loop duration: 0.522s
HMC loop duration: 0.009s
HMN loop duration: 0.477s
HMOP loop duration: 0.302s
Scanned 5000/12092...
HMR loop duration: 0.037s
HMY loop duration: 0.007s
HMYY loop duration: 0.005s
HNDL loop duration: 0.644s
HNGE loop duration: 0.039s
HNI loop duration: 0.007s
HNNA loop duration: 0.007s
HNNAZ loop duration: 0.541s
HNRG loop duration: 0.045s
HNST loop duration: 0.008s
HNVR loop duration: 0.044s
HODL loop duration: 0.007s
HODU loop duration: 0.006s
HOFT loop duration: 0.007s
HOG loop duration: 0.006s
HOII loop duration: 0.005s
HOLA loop duration: 0.493s
HOLD loop duration: 0.613s
HOLOW loop duration: 0.007s
HOMB loop duration: 0.007s
HOMZ loop duration: 0.007s
HON loop duration: 0.007s
HOOD loop duration: 0.006s
HOOG loop duration: 0.006s
HOOW loop duration: 0.005s
HOOX loop duration: 0.006s
HOOY loop duration: 0.005s
HOOZ loop duration: 0.005s
HOPE loop duration: 0.042s
HOUR loop duration: 0.007s
HOV loop duration: 0.007s
HOVNP loop duration: 0.429s
HOVR loop duration: 0.049s
HOVRW loop duration: 0.043s
HOWL loop duration: 0.007s
HOYY loop duration: 0.006s
HP loop duration: 0.363s
HPAI loop duration: 0.007s
HPAIW loop duration: 0.007s
HPE loop duration: 0.405s
HPF loop duration: 0.007s
HPI loop duration: 0.007s
HPK loop duration: 0.006s
HPP loop duration: 0.049s
HPQ loop duration: 0.045s
HPS loop duration: 0.007s
HQGO loop duration: 0.649s
HQH loop duration: 0.369s
HQI loop duration: 0.042s
HQL loop duration: 0.416s
HQY loop duration: 0.007s
HR loop duration: 0.748s
HRB loop duration: 0.044s
HRI loop duration: 0.007s
HRL loop duration: 0.006s
HRMY loop duration: 0.006s
HROW loop duration: 0.006s
HRTG loop duration: 0.006s
HRTS loop duration: 0.007s
HRTX loop duration: 0.006s
HRZN loop duration: 0.006s
HSAI loop duration: 0.006s
HSBC loop duration: 0.696s
HSBH loop duration: 0.625s
HSCS loop duration: 0.007s
HSCSW loop duration: 0.007s
HSCZ loop duration: 0.691s
HSDT loop duration: 0.007s
HSHP loop duration: 0.008s
HSIC loop duration: 0.007s
HSMV loop duration: 0.322s
HSPT loop duration: 0.007s
HSPTR loop duration: 0.393s
HSPTU loop duration: 0.007s
HST loop duration: 0.818s
HSTM loop duration: 0.007s
HSY loop duration: 0.007s
HTAB loop duration: 0.037s
HTAX loop duration: 0.440s
HTB loop duration: 0.706s
HTCO loop duration: 0.007s
HTCR loop duration: 0.007s
HTD loop duration: 0.855s
HTEC loop duration: 0.007s
HTFC loop duration: 0.839s
HTFL loop duration: 0.006s
HTGC loop duration: 0.007s
HTH loop duration: 0.312s
HTHT loop duration: 0.007s
HTLD loop duration: 0.667s
HTLM loop duration: 0.007s
HTO loop duration: 0.451s
HTOO loop duration: 0.007s
HTRB loop duration: 0.488s
HTT loop duration: 0.045s
HTUS loop duration: 0.337s
Scanned 5100/12092...
HTZ loop duration: 0.007s
HTZWW loop duration: 0.007s
HUBB loop duration: 0.006s
HUBC loop duration: 0.007s
HUBCW loop duration: 0.044s
HUBCZ loop duration: 0.007s
HUBG loop duration: 0.006s
HUBS loop duration: 0.006s
HUHU loop duration: 0.007s
HUIZ loop duration: 0.006s
HUM loop duration: 0.324s
HUMA loop duration: 0.052s
HUMAW loop duration: 0.008s
HUMN loop duration: 0.463s
HUN loop duration: 0.045s
HURA loop duration: 0.007s
HURC loop duration: 0.007s
HURN loop duration: 0.006s
HUSV loop duration: 0.041s
HUT loop duration: 0.585s
HUTG loop duration: 0.647s
HUYA loop duration: 0.010s
HVAC loop duration: 0.363s
HVII loop duration: 0.341s
HVIIR loop duration: 0.007s
HVIIU loop duration: 0.007s
HVMC loop duration: 0.540s
HVMCU loop duration: 0.228s
HVMCW loop duration: 0.007s
HVT loop duration: 0.007s
HWAY loop duration: 0.042s
HWBK loop duration: 0.675s
HWC loop duration: 0.008s
HWCPZ loop duration: 0.006s
HWH loop duration: 0.007s
HWKN loop duration: 0.007s
HWM loop duration: 0.329s
HWSM loop duration: 0.583s
HXHX loop duration: 0.007s
HXL loop duration: 0.007s
HY loop duration: 0.007s
HYBB loop duration: 0.685s
HYBI loop duration: 0.270s
HYBL loop duration: 0.359s
HYBX loop duration: 0.299s
HYD loop duration: 0.340s
HYDB loop duration: 0.404s
HYDR loop duration: 0.590s
HYDW loop duration: 0.545s
HYEM loop duration: 0.693s
HYFI loop duration: 0.646s
HYFM loop duration: 0.007s
HYFT loop duration: 0.037s
HYG loop duration: 0.700s
HYGH loop duration: 0.620s
HYGV loop duration: 0.332s
HYGW loop duration: 0.008s
HYHG loop duration: 0.324s
HYI loop duration: 0.008s
HYIN loop duration: 0.007s
HYLB loop duration: 0.708s
HYLN loop duration: 0.301s
HYLS loop duration: 0.391s
HYMB loop duration: 0.043s
HYMC loop duration: 0.007s
HYNE loop duration: 0.537s
HYP loop duration: 0.520s
HYPD loop duration: 0.009s
HYPR loop duration: 0.008s
HYS loop duration: 0.393s
HYSA loop duration: 0.361s
HYSD loop duration: 0.498s
HYT loop duration: 0.007s
HYTI loop duration: 0.041s
HYTR loop duration: 0.038s
HYUP loop duration: 0.295s
HYXF loop duration: 0.378s
HYZD loop duration: 0.751s
HZO loop duration: 0.404s
IAC loop duration: 0.039s
IACOU loop duration: 0.546s
IAE loop duration: 0.594s
IAF loop duration: 0.007s
IAG loop duration: 0.007s
IAGG loop duration: 0.043s
IAI loop duration: 0.309s
IAK loop duration: 0.418s
IALT loop duration: 0.532s
IAPR loop duration: 0.550s
IART loop duration: 0.044s
IAT loop duration: 0.297s
IAU loop duration: 0.007s
IAUG loop duration: 0.701s
IAUI loop duration: 0.007s
IAUM loop duration: 0.007s
Scanned 5200/12092...
IAUX loop duration: 0.007s
IBAC loop duration: 0.367s
IBACR loop duration: 0.007s
IBAT loop duration: 0.511s
IBB loop duration: 0.043s
IBBQ loop duration: 0.043s
IBCA loop duration: 0.048s
IBCP loop duration: 0.009s
IBD loop duration: 0.303s
IBDR loop duration: 0.620s
IBDS loop duration: 0.756s
IBDT loop duration: 0.704s
IBDU loop duration: 0.727s
IBDV loop duration: 0.340s
IBDW loop duration: 0.503s
IBDX loop duration: 0.307s
IBDY loop duration: 0.302s
IBDZ loop duration: 0.319s
IBEX loop duration: 0.008s
IBG loop duration: 0.008s
IBGA loop duration: 0.007s
IBGB loop duration: 0.255s
IBGK loop duration: 0.007s
IBGL loop duration: 0.221s
IBHF loop duration: 0.467s
IBHG loop duration: 0.286s
IBHH loop duration: 0.625s
IBHI loop duration: 0.595s
IBHJ loop duration: 0.588s
IBHK loop duration: 0.611s
IBHL loop duration: 0.534s
IBIC loop duration: 0.615s
IBID loop duration: 0.546s
IBIE loop duration: 0.544s
IBIF loop duration: 0.516s
IBIG loop duration: 0.810s
IBIH loop duration: 0.605s
IBII loop duration: 0.591s
IBIJ loop duration: 0.282s
IBIK loop duration: 0.042s
IBIL loop duration: 0.042s
IBIO loop duration: 0.009s
IBIT loop duration: 0.007s
IBKR loop duration: 0.008s
IBLC loop duration: 0.037s
IBM loop duration: 0.008s
IBMO loop duration: 0.325s
IBMP loop duration: 0.672s
IBMQ loop duration: 0.607s
IBMR loop duration: 0.563s
IBMS loop duration: 0.375s
IBMT loop duration: 0.381s
IBN loop duration: 0.006s
IBND loop duration: 0.360s
IBO loop duration: 0.007s
IBOC loop duration: 0.373s
IBOT loop duration: 0.651s
IBP loop duration: 0.007s
IBRN loop duration: 0.322s
IBRX loop duration: 0.008s
IBTA loop duration: 0.007s
IBTG loop duration: 0.550s
IBTH loop duration: 0.605s
IBTI loop duration: 0.692s
IBTJ loop duration: 0.333s
IBTK loop duration: 0.394s
IBTL loop duration: 0.351s
IBTM loop duration: 0.306s
IBTO loop duration: 0.315s
IBTP loop duration: 0.377s
IBTQ loop duration: 0.377s
IBUF loop duration: 0.544s
IBUY loop duration: 0.008s
ICAP loop duration: 0.687s
ICCC loop duration: 0.751s
ICCM loop duration: 0.008s
ICE loop duration: 0.007s
ICF loop duration: 0.719s
ICFI loop duration: 0.007s
ICG loop duration: 0.007s
ICHR loop duration: 0.335s
ICL loop duration: 0.353s
ICLN loop duration: 0.733s
ICLO loop duration: 0.314s
ICLR loop duration: 0.007s
ICMB loop duration: 0.007s
ICOI loop duration: 0.006s
ICON loop duration: 0.041s
Scanned 5300/12092...
ICOP loop duration: 0.007s
ICOW loop duration: 0.662s
ICPI loop duration: 0.503s
ICPY loop duration: 0.543s
ICRC loop duration: 0.006s
ICSH loop duration: 0.904s
ICU loop duration: 0.007s
ICUCW loop duration: 0.006s
ICUI loop duration: 0.007s
ICVT loop duration: 0.622s
IDA loop duration: 0.519s
IDAI loop duration: 0.008s
IDCC loop duration: 0.007s
IDE loop duration: 0.395s
IDEC loop duration: 0.539s
IDEF loop duration: 0.301s
IDEQ loop duration: 0.509s
IDEV loop duration: 0.601s
IDGT loop duration: 0.674s
IDHQ loop duration: 0.846s
IDLV loop duration: 0.330s
IDMO loop duration: 0.622s
IDN loop duration: 0.007s
IDNA loop duration: 0.380s
IDOG loop duration: 0.598s
IDR loop duration: 0.007s
IDRV loop duration: 0.338s
IDT loop duration: 0.007s
IDU loop duration: 0.324s
IDUB loop duration: 0.652s
IDV loop duration: 0.725s
IDVO loop duration: 0.355s
IDVY loop duration: 0.620s
IDVZ loop duration: 0.604s
IDX loop duration: 0.007s
IDXX loop duration: 0.007s
IDYA loop duration: 0.006s
IDYN loop duration: 0.294s
IE loop duration: 0.008s
IEAGU loop duration: 0.247s
IEDI loop duration: 0.427s
IEF loop duration: 0.467s
IEFA loop duration: 0.774s
IEI loop duration: 0.337s
IEMG loop duration: 0.732s
IEO loop duration: 0.007s
IEP loop duration: 0.007s
IESC loop duration: 0.724s
IETC loop duration: 0.639s
IETH loop duration: 0.005s
IEUR loop duration: 0.801s
IEUS loop duration: 0.657s
IEV loop duration: 0.659s
IEX loop duration: 0.037s
IEZ loop duration: 0.298s
IFBD loop duration: 0.007s
IFEB loop duration: 0.552s
IFED loop duration: 0.008s
IFF loop duration: 0.008s
IFGL loop duration: 0.362s
IFLN loop duration: 0.335s
IFLO loop duration: 0.529s
IFLR loop duration: 0.278s
IFN loop duration: 0.006s
IFRA loop duration: 0.664s
IFRX loop duration: 0.044s
IFS loop duration: 0.043s
IFV loop duration: 0.630s
IG loop duration: 0.045s
IGA loop duration: 0.402s
IGAC loop duration: 0.454s
IGACR loop duration: 0.006s
IGACU loop duration: 0.261s
IGBH loop duration: 0.641s
IGC loop duration: 0.007s
IGCB loop duration: 0.282s
IGD loop duration: 0.755s
IGE loop duration: 0.297s
IGEB loop duration: 0.044s
IGF loop duration: 0.458s
IGGY loop duration: 0.363s
IGHG loop duration: 0.657s
IGI loop duration: 0.038s
IGIB loop duration: 0.406s
IGIC loop duration: 0.007s
IGLB loop duration: 0.007s
IGLD loop duration: 0.006s
IGM loop duration: 0.634s
IGME loop duration: 0.006s
IGOV loop duration: 0.326s
IGPT loop duration: 0.701s
IGR loop duration: 0.007s
IGRO loop duration: 0.621s
IGSB loop duration: 0.569s
IGTR loop duration: 0.546s
IGV loop duration: 0.008s
Scanned 5400/12092...
IH loop duration: 0.007s
IHAK loop duration: 0.303s
IHD loop duration: 0.865s
IHDG loop duration: 0.779s
IHE loop duration: 0.739s
IHF loop duration: 0.043s
IHG loop duration: 0.752s
IHI loop duration: 0.007s
IHRT loop duration: 0.007s
IHS loop duration: 0.041s
IHT loop duration: 0.042s
IHY loop duration: 0.340s
IIF loop duration: 0.007s
IIGD loop duration: 0.358s
III loop duration: 0.007s
IIIN loop duration: 0.006s
IIIV loop duration: 0.006s
IIM loop duration: 0.349s
IIPR loop duration: 0.045s
IJAN loop duration: 0.614s
IJH loop duration: 0.928s
IJJ loop duration: 0.704s
IJK loop duration: 0.636s
IJR loop duration: 0.749s
IJS loop duration: 0.780s
IJT loop duration: 0.590s
IJUL loop duration: 0.525s
IJUN loop duration: 0.712s
IKT loop duration: 0.010s
ILAG loop duration: 0.010s
ILCB loop duration: 0.726s
ILCG loop duration: 0.776s
ILCV loop duration: 0.674s
ILDR loop duration: 0.668s
ILF loop duration: 0.302s
ILIT loop duration: 0.007s
ILLR loop duration: 0.009s
ILLRW loop duration: 0.007s
ILMN loop duration: 0.320s
ILOW loop duration: 0.779s
ILPT loop duration: 0.555s
ILS loop duration: 0.043s
ILTB loop duration: 0.008s
IMA loop duration: 0.007s
IMAR loop duration: 0.524s
IMAX loop duration: 0.008s
IMAY loop duration: 0.553s
IMCB loop duration: 0.669s
IMCC loop duration: 0.007s
IMCG loop duration: 0.632s
IMCR loop duration: 0.007s
IMCV loop duration: 0.759s
IMDX loop duration: 0.043s
IMF loop duration: 0.541s
IMFL loop duration: 0.623s
IMKTA loop duration: 0.327s
IMMP loop duration: 0.008s
IMMR loop duration: 0.007s
IMMX loop duration: 0.006s
IMNM loop duration: 0.007s
IMNN loop duration: 0.006s
IMO loop duration: 0.006s
IMOM loop duration: 0.599s
IMOS loop duration: 0.439s
IMPP loop duration: 0.007s
IMPPP loop duration: 0.043s
IMRA loop duration: 0.007s
IMRN loop duration: 0.059s
IMRX loop duration: 0.007s
IMSR loop duration: 0.006s
IMSRW loop duration: 0.007s
IMST loop duration: 0.006s
IMTB loop duration: 0.041s
IMTE loop duration: 0.007s
IMTM loop duration: 0.612s
IMTX loop duration: 0.046s
IMUX loop duration: 0.718s
IMVP loop duration: 0.007s
IMVT loop duration: 0.047s
IMXI loop duration: 0.045s
INAB loop duration: 0.008s
INAC loop duration: 0.477s
INACR loop duration: 0.007s
INACU loop duration: 0.280s
INBK loop duration: 0.007s
INBKZ loop duration: 0.046s
INBS loop duration: 0.006s
INBX loop duration: 0.006s
INCE loop duration: 0.623s
INCM loop duration: 0.746s
INCO loop duration: 0.008s
INCR loop duration: 0.007s
INCY loop duration: 0.007s
IND loop duration: 0.006s
INDA loop duration: 0.008s
INDB loop duration: 0.306s
Scanned 5500/12092...
INDE loop duration: 0.008s
INDH loop duration: 0.007s
INDI loop duration: 0.045s
INDL loop duration: 0.008s
INDO loop duration: 0.006s
INDP loop duration: 0.007s
INDS loop duration: 0.412s
INDV loop duration: 0.275s
INDY loop duration: 0.007s
INDZ loop duration: 0.278s
INEO loop duration: 0.009s
INEQ loop duration: 0.456s
INFL loop duration: 0.360s
INFO loop duration: 0.044s
INFQ loop duration: 0.038s
INFU loop duration: 0.007s
INFY loop duration: 0.007s
ING loop duration: 0.807s
INGM loop duration: 0.007s
INGN loop duration: 0.007s
INGR loop duration: 0.007s
INHD loop duration: 0.039s
INKM loop duration: 0.611s
INKT loop duration: 0.007s
INLF loop duration: 0.038s
INLX loop duration: 0.007s
INM loop duration: 0.046s
INMB loop duration: 0.007s
INMD loop duration: 0.007s
INMU loop duration: 0.315s
INN loop duration: 0.008s
INNV loop duration: 0.007s
INO loop duration: 0.007s
INOD loop duration: 0.044s
INOV loop duration: 0.589s
INQQ loop duration: 0.007s
INR loop duration: 0.006s
INRO loop duration: 0.657s
INSE loop duration: 0.008s
INSG loop duration: 0.007s
INSM loop duration: 0.008s
INSP loop duration: 0.007s
INSW loop duration: 0.007s
INTA loop duration: 0.007s
INTC loop duration: 0.436s
INTF loop duration: 0.715s
INTG loop duration: 0.298s
INTJ loop duration: 0.227s
INTL loop duration: 0.536s
INTM loop duration: 0.218s
INTR loop duration: 0.007s
INTS loop duration: 0.006s
INTT loop duration: 0.007s
INTU loop duration: 0.006s
INTW loop duration: 0.045s
INTZ loop duration: 0.006s
INUV loop duration: 0.007s
INV loop duration: 0.007s
INVA loop duration: 0.006s
INVE loop duration: 0.006s
INVG loop duration: 0.006s
INVH loop duration: 0.007s
INVN loop duration: 0.239s
INVX loop duration: 0.008s
INVZ loop duration: 0.007s
IOCT loop duration: 0.657s
ION loop duration: 0.008s
IONL loop duration: 0.047s
IONQ loop duration: 0.041s
IONR loop duration: 0.007s
IONS loop duration: 0.007s
IONX loop duration: 0.038s
IONZ loop duration: 0.007s
IOO loop duration: 0.768s
IOPP loop duration: 0.007s
IOR loop duration: 0.007s
IOSP loop duration: 0.006s
IOT loop duration: 0.006s
IOTR loop duration: 0.006s
IOVA loop duration: 0.042s
IOYY loop duration: 0.006s
IP loop duration: 0.007s
IPAC loop duration: 0.687s
IPAR loop duration: 0.007s
IPAV loop duration: 0.378s
IPAY loop duration: 0.008s
IPB loop duration: 0.043s
IPCX loop duration: 0.481s
IPCXR loop duration: 0.006s
IPCXU loop duration: 0.041s
IPDN loop duration: 0.007s
IPEX loop duration: 0.553s
IPEXR loop duration: 0.007s
IPEXU loop duration: 0.007s
IPGP loop duration: 0.008s
IPHA loop duration: 0.007s
Scanned 5600/12092...
IPI loop duration: 0.007s
IPKW loop duration: 0.375s
IPM loop duration: 0.007s
IPO loop duration: 0.660s
IPOS loop duration: 0.323s
IPSC loop duration: 0.007s
IPST loop duration: 0.006s
IPW loop duration: 0.046s
IPWR loop duration: 0.038s
IPX loop duration: 0.041s
IQ loop duration: 0.007s
IQDF loop duration: 0.690s
IQDG loop duration: 0.329s
IQDY loop duration: 0.558s
IQHI loop duration: 0.046s
IQI loop duration: 0.329s
IQLT loop duration: 0.740s
IQM loop duration: 0.519s
IQMM loop duration: 0.512s
IQQQ loop duration: 0.599s
IQRA loop duration: 0.278s
IQSI loop duration: 0.516s
IQSM loop duration: 0.658s
IQST loop duration: 0.008s
IQSU loop duration: 0.565s
IQSZ loop duration: 0.483s
IQV loop duration: 0.009s
IR loop duration: 0.008s
IRD loop duration: 0.007s
IRDM loop duration: 0.581s
IRE loop duration: 0.483s
IREG loop duration: 0.038s
IREN loop duration: 0.043s
IREX loop duration: 0.286s
IREZ loop duration: 0.006s
IRHO loop duration: 0.529s
IRHOR loop duration: 0.005s
IRHOU loop duration: 0.226s
IRIX loop duration: 0.007s
IRM loop duration: 0.357s
IRMD loop duration: 0.008s
IROC loop duration: 0.309s
IRON loop duration: 0.007s
IRS loop duration: 0.008s
IRT loop duration: 0.007s
IRTC loop duration: 0.007s
IRTR loop duration: 0.730s
IRVH loop duration: 0.008s
IRWD loop duration: 0.008s
ISBA loop duration: 0.007s
ISBG loop duration: 0.006s
ISCB loop duration: 0.736s
ISCF loop duration: 0.767s
ISCG loop duration: 0.651s
ISCV loop duration: 0.588s
ISD loop duration: 0.007s
ISEP loop duration: 0.612s
ISHG loop duration: 0.331s
ISHP loop duration: 0.007s
ISMD loop duration: 0.551s
ISMF loop duration: 0.623s
ISOU loop duration: 0.007s
ISPC loop duration: 0.007s
ISPR loop duration: 0.037s
ISPY loop duration: 0.564s
ISRA loop duration: 0.630s
ISRG loop duration: 0.006s
ISSB loop duration: 0.005s
ISSC loop duration: 0.006s
ISTB loop duration: 0.647s
ISTR loop duration: 0.008s
ISUL loop duration: 0.006s
ISVL loop duration: 0.631s
ISWN loop duration: 0.376s
IT loop duration: 0.007s
ITA loop duration: 0.403s
ITAN loop duration: 0.609s
ITB loop duration: 0.007s
ITDB loop duration: 0.651s
ITDC loop duration: 0.600s
ITDD loop duration: 0.663s
ITDE loop duration: 0.682s
ITDF loop duration: 0.555s
ITDG loop duration: 0.591s
ITDH loop duration: 0.542s
ITDI loop duration: 0.548s
ITDJ loop duration: 0.622s
ITEQ loop duration: 0.603s
ITGR loop duration: 0.007s
ITHA loop duration: 0.608s
ITHAU loop duration: 0.518s
ITHAW loop duration: 0.006s
ITIC loop duration: 0.007s
ITM loop duration: 0.318s
ITOC loop duration: 0.006s
ITOT loop duration: 0.654s
ITP loop duration: 0.008s
ITRG loop duration: 0.007s
ITRI loop duration: 0.007s
Scanned 5700/12092...
ITRN loop duration: 0.746s
ITT loop duration: 0.006s
ITUB loop duration: 0.006s
ITW loop duration: 0.006s
ITWO loop duration: 0.632s
IUS loop duration: 0.546s
IUSB loop duration: 0.360s
IUSG loop duration: 0.757s
IUSV loop duration: 0.876s
IVA loop duration: 0.007s
IVAL loop duration: 0.359s
IVDA loop duration: 0.007s
IVDAW loop duration: 0.006s
IVE loop duration: 0.767s
IVES loop duration: 0.007s
IVF loop duration: 0.006s
IVLU loop duration: 0.691s
IVOG loop duration: 0.701s
IVOL loop duration: 0.006s
IVOO loop duration: 0.647s
IVOV loop duration: 0.633s
IVR loop duration: 0.008s
IVRS loop duration: 0.007s
IVSI loop duration: 0.473s
IVSS loop duration: 0.703s
IVSX loop duration: 0.223s
IVT loop duration: 0.322s
IVV loop duration: 0.694s
IVVB loop duration: 0.560s
IVVD loop duration: 0.008s
IVVM loop duration: 0.512s
IVVW loop duration: 0.044s
IVW loop duration: 0.727s
IVZ loop duration: 0.320s
IWB loop duration: 0.702s
IWC loop duration: 0.780s
IWD loop duration: 0.622s
IWDL loop duration: 0.261s
IWF loop duration: 0.007s
IWFG loop duration: 0.335s
IWFL loop duration: 0.566s
IWL loop duration: 0.679s
IWLG loop duration: 0.600s
IWM loop duration: 0.653s
IWMI loop duration: 0.310s
IWML loop duration: 0.733s
IWMW loop duration: 0.007s
IWMY loop duration: 0.006s
IWN loop duration: 0.763s
IWO loop duration: 0.598s
IWP loop duration: 0.449s
IWR loop duration: 0.744s
IWS loop duration: 0.747s
IWV loop duration: 0.761s
IWX loop duration: 0.625s
IWY loop duration: 0.685s
IX loop duration: 0.064s
IXC loop duration: 0.347s
IXG loop duration: 0.759s
IXHL loop duration: 0.007s
IXJ loop duration: 0.334s
IXN loop duration: 0.611s
IXP loop duration: 0.709s
IXUS loop duration: 0.647s
IYC loop duration: 0.335s
IYE loop duration: 0.375s
IYF loop duration: 0.381s
IYG loop duration: 0.571s
IYH loop duration: 0.010s
IYJ loop duration: 0.556s
IYK loop duration: 0.319s
IYLD loop duration: 0.681s
IYM loop duration: 0.402s
IYR loop duration: 0.643s
IYRI loop duration: 0.414s
IYT loop duration: 0.820s
IYW loop duration: 0.705s
IYY loop duration: 0.734s
IYZ loop duration: 0.884s
IZEA loop duration: 0.008s
IZM loop duration: 0.008s
IZRL loop duration: 0.567s
J loop duration: 0.007s
JA loop duration: 0.584s
JAAA loop duration: 0.585s
JABS loop duration: 0.550s
JACK loop duration: 0.007s
JACS loop duration: 0.584s
JADE loop duration: 0.564s
JAGU loop duration: 0.006s
JAGX loop duration: 0.042s
JAJL loop duration: 0.590s
JAKK loop duration: 0.044s
JAN loop duration: 0.278s
JANB loop duration: 0.556s
JANH loop duration: 0.597s
JANI loop duration: 0.551s
JANJ loop duration: 0.602s
Scanned 5800/12092...
JANM loop duration: 0.561s
JANP loop duration: 0.579s
JANT loop duration: 0.498s
JANU loop duration: 0.557s
JANW loop duration: 0.600s
JANX loop duration: 0.008s
JANZ loop duration: 0.579s
JAPN loop duration: 0.007s
JAVA loop duration: 0.606s
JAZZ loop duration: 0.693s
JBBB loop duration: 0.328s
JBDI loop duration: 0.007s
JBGS loop duration: 0.007s
JBHT loop duration: 0.754s
JBI loop duration: 0.007s
JBIO loop duration: 0.007s
JBK loop duration: 0.041s
JBL loop duration: 0.322s
JBLU loop duration: 0.007s
JBND loop duration: 0.044s
JBS loop duration: 0.006s
JBSS loop duration: 0.007s
JBTM loop duration: 0.007s
JCAP loop duration: 0.006s
JCE loop duration: 0.640s
JCHI loop duration: 0.279s
JCI loop duration: 0.350s
JCPB loop duration: 0.583s
JCPI loop duration: 0.550s
JCSE loop duration: 0.007s
JCTC loop duration: 0.007s
JD loop duration: 0.007s
JDIV loop duration: 0.569s
JDOC loop duration: 0.007s
JDST loop duration: 0.007s
JDVI loop duration: 0.561s
JDVL loop duration: 0.654s
JDZG loop duration: 0.042s
JEDI loop duration: 0.266s
JEF loop duration: 0.007s
JELD loop duration: 0.052s
JEM loop duration: 0.042s
JEMA loop duration: 0.647s
JEMB loop duration: 0.295s
JENA loop duration: 0.887s
JEPI loop duration: 0.288s
JEPQ loop duration: 0.610s
JETD loop duration: 0.007s
JETS loop duration: 0.007s
JETU loop duration: 0.036s
JF loop duration: 0.007s
JFB loop duration: 0.006s
JFIN loop duration: 0.006s
JFLI loop duration: 0.528s
JFLX loop duration: 0.463s
JFR loop duration: 0.007s
JFU loop duration: 0.007s
JG loop duration: 0.006s
JGH loop duration: 0.298s
JGLO loop duration: 0.678s
JGRO loop duration: 0.547s
JGRW loop duration: 0.568s
JHAC loop duration: 0.405s
JHAI loop duration: 0.508s
JHCB loop duration: 0.379s
JHCP loop duration: 0.286s
JHCR loop duration: 0.482s
JHDV loop duration: 0.589s
JHEM loop duration: 0.707s
JHG loop duration: 0.397s
JHHY loop duration: 0.262s
JHI loop duration: 0.330s
JHID loop duration: 0.525s
JHLN loop duration: 0.228s
JHMB loop duration: 0.511s
JHMD loop duration: 0.777s
JHML loop duration: 0.588s
JHMM loop duration: 0.636s
JHMU loop duration: 0.333s
JHPI loop duration: 0.399s
JHS loop duration: 0.441s
JHSC loop duration: 0.563s
JHX loop duration: 0.007s
JIDE loop duration: 0.226s
JIG loop duration: 0.613s
JIII loop duration: 0.345s
JILL loop duration: 0.007s
JIRE loop duration: 0.903s
JIVE loop duration: 0.557s
JJSF loop duration: 0.007s
JKHY loop duration: 0.007s
JKS loop duration: 0.007s
JL loop duration: 0.007s
JLHL loop duration: 0.046s
JLL loop duration: 0.007s
JLQD loop duration: 0.361s
Scanned 5900/12092...
JLS loop duration: 0.313s
JMBS loop duration: 0.407s
JMEE loop duration: 0.535s
JMG loop duration: 0.005s
JMHI loop duration: 0.041s
JMIA loop duration: 0.006s
JMID loop duration: 0.605s
JMM loop duration: 0.007s
JMMF loop duration: 0.607s
JMOM loop duration: 0.777s
JMSB loop duration: 0.046s
JMSI loop duration: 0.433s
JMST loop duration: 0.620s
JMTG loop duration: 0.237s
JMUB loop duration: 0.324s
JNEU loop duration: 0.485s
JNJ loop duration: 0.383s
JNK loop duration: 0.718s
JNUG loop duration: 0.007s
JOB loop duration: 0.007s
JOBX loop duration: 0.046s
JOBY loop duration: 0.043s
JOE loop duration: 0.008s
JOET loop duration: 0.719s
JOF loop duration: 0.314s
JOJO loop duration: 0.397s
JOUT loop duration: 0.008s
JOYT loop duration: 0.651s
JOYY loop duration: 0.007s
JPAN loop duration: 0.563s
JPC loop duration: 0.354s
JPEF loop duration: 0.711s
JPEM loop duration: 0.331s
JPHY loop duration: 0.469s
JPIB loop duration: 0.303s
JPIE loop duration: 0.592s
JPIN loop duration: 0.478s
JPLD loop duration: 0.535s
JPM loop duration: 0.007s
JPMB loop duration: 0.650s
JPME loop duration: 0.890s
JPO loop duration: 0.006s
JPRE loop duration: 0.601s
JPSE loop duration: 0.631s
JPST loop duration: 0.724s
JPSV loop duration: 0.535s
JPUS loop duration: 0.721s
JPXN loop duration: 0.867s
JPY loop duration: 0.524s
JQC loop duration: 0.008s
JQUA loop duration: 0.578s
JRE loop duration: 0.548s
JRI loop duration: 0.007s
JRS loop duration: 0.043s
JRSH loop duration: 0.038s
JRVR loop duration: 0.007s
JSCP loop duration: 0.669s
JSI loop duration: 0.320s
JSM loop duration: 0.008s
JSMD loop duration: 0.655s
JSML loop duration: 0.643s
JSPR loop duration: 0.008s
JSPRW loop duration: 0.007s
JSTC loop duration: 0.590s
JTAI loop duration: 0.045s
JTEK loop duration: 0.748s
JUCY loop duration: 0.301s
JULB loop duration: 0.500s
JULH loop duration: 0.571s
JULJ loop duration: 0.628s
JULM loop duration: 0.508s
JULP loop duration: 0.541s
JULT loop duration: 0.526s
JULU loop duration: 0.583s
JULW loop duration: 0.543s
JULZ loop duration: 0.403s
JUNM loop duration: 0.623s
JUNP loop duration: 0.535s
JUNS loop duration: 0.007s
JUNT loop duration: 0.536s
JUNW loop duration: 0.615s
JUNZ loop duration: 0.652s
JUSA loop duration: 0.580s
JUST loop duration: 0.605s
JVA loop duration: 0.007s
JVAL loop duration: 0.700s
JWEL loop duration: 0.007s
JXG loop duration: 0.044s
JXI loop duration: 0.328s
JXN loop duration: 0.007s
JXX loop duration: 0.573s
JYD loop duration: 0.008s
JYNT loop duration: 0.007s
JZXN loop duration: 0.007s
KAI loop duration: 0.007s
KALA loop duration: 0.044s
KALU loop duration: 0.649s
Scanned 6000/12092...
KALV loop duration: 0.605s
KAMO loop duration: 0.219s
KAPA loop duration: 0.008s
KAPR loop duration: 0.627s
KARO loop duration: 0.007s
KARS loop duration: 0.261s
KAT loop duration: 0.274s
KAUG loop duration: 0.513s
KB loop duration: 0.007s
KBA loop duration: 0.493s
KBAB loop duration: 0.007s
KBDC loop duration: 0.007s
KBDU loop duration: 0.005s
KBE loop duration: 0.366s
KBH loop duration: 0.008s
KBON loop duration: 0.599s
KBONU loop duration: 0.476s
KBONW loop duration: 0.006s
KBR loop duration: 0.007s
KBSX loop duration: 0.008s
KBUF loop duration: 0.007s
KBWB loop duration: 0.538s
KBWD loop duration: 0.007s
KBWP loop duration: 0.006s
KBWY loop duration: 0.039s
KC loop duration: 0.007s
KCAI loop duration: 0.007s
KCCA loop duration: 0.007s
KCE loop duration: 0.382s
KCHV loop duration: 0.597s
KCHVR loop duration: 0.006s
KCHVU loop duration: 0.232s
KCOP loop duration: 0.219s
KCSH loop duration: 0.721s
KD loop duration: 0.009s
KDEC loop duration: 0.786s
KDEF loop duration: 0.007s
KDK loop duration: 0.006s
KDKRW loop duration: 0.006s
KDP loop duration: 0.007s
KDRN loop duration: 0.039s
KDVD loop duration: 0.229s
KE loop duration: 0.007s
KEAT loop duration: 0.299s
KEEL loop duration: 0.044s
KEEX loop duration: 0.520s
KELYA loop duration: 0.008s
KELYB loop duration: 0.045s
KEMQ loop duration: 0.007s
KEMX loop duration: 0.692s
KEN loop duration: 0.314s
KEP loop duration: 0.007s
KEQU loop duration: 0.006s
KEX loop duration: 0.271s
KEY loop duration: 0.450s
KEYS loop duration: 0.393s
KF loop duration: 0.631s
KFEB loop duration: 0.635s
KFFB loop duration: 0.323s
KFII loop duration: 0.600s
KFIIR loop duration: 0.007s
KFIIU loop duration: 0.006s
KFRC loop duration: 0.006s
KFY loop duration: 0.006s
KG loop duration: 0.006s
KGC loop duration: 0.006s
KGEI loop duration: 0.006s
KGLD loop duration: 0.006s
KGRN loop duration: 0.006s
KGS loop duration: 0.351s
KHC loop duration: 0.007s
KHPI loop duration: 0.497s
KHYB loop duration: 0.362s
KIDS loop duration: 0.008s
KIDZ loop duration: 0.007s
KIDZW loop duration: 0.006s
KIE loop duration: 0.377s
KIM loop duration: 0.046s
KINS loop duration: 0.007s
KIO loop duration: 0.007s
KIQQ loop duration: 0.512s
KITT loop duration: 0.007s
KITTW loop duration: 0.006s
KJAN loop duration: 0.655s
KJD loop duration: 0.006s
KJUL loop duration: 0.583s
KJUN loop duration: 0.570s
KKR loop duration: 0.006s
KKRS loop duration: 0.007s
KKRT loop duration: 0.395s
KLAC loop duration: 0.347s
KLAG loop duration: 0.006s
KLAR loop duration: 0.044s
KLC loop duration: 0.009s
KLIC loop duration: 0.408s
KLIP loop duration: 0.007s
KLMN loop duration: 0.505s
KLMT loop duration: 0.591s
Scanned 6100/12092...
KLRS loop duration: 0.006s
KLTR loop duration: 0.006s
KLXE loop duration: 0.006s
KMAR loop duration: 0.475s
KMAY loop duration: 0.331s
KMB loop duration: 0.008s
KMDA loop duration: 0.006s
KMI loop duration: 0.007s
KMID loop duration: 0.243s
KMLI loop duration: 0.007s
KMLM loop duration: 0.324s
KMPB loop duration: 0.663s
KMPR loop duration: 0.007s
KMRK loop duration: 0.006s
KMT loop duration: 0.007s
KMTS loop duration: 0.006s
KMX loop duration: 0.008s
KN loop duration: 0.638s
KNCT loop duration: 0.883s
KNDI loop duration: 0.007s
KNF loop duration: 0.007s
KNG loop duration: 0.007s
KNGZ loop duration: 0.545s
KNO loop duration: 0.548s
KNOP loop duration: 0.333s
KNOV loop duration: 0.621s
KNOW loop duration: 0.645s
KNRG loop duration: 0.476s
KNRX loop duration: 0.006s
KNSA loop duration: 0.007s
KNSL loop duration: 0.007s
KNTK loop duration: 0.006s
KNX loop duration: 0.413s
KO loop duration: 0.898s
KOCT loop duration: 0.585s
KOD loop duration: 0.007s
KODK loop duration: 0.007s
KOF loop duration: 0.389s
KOID loop duration: 0.282s
KOKU loop duration: 0.549s
KOLD loop duration: 0.007s
KOMP loop duration: 0.658s
KONG loop duration: 0.534s
KOOL loop duration: 0.709s
KOP loop duration: 0.337s
KOPN loop duration: 0.318s
KORE loop duration: 0.524s
KORP loop duration: 0.054s
KORU loop duration: 0.511s
KOS loop duration: 0.007s
KOSS loop duration: 0.007s
KOYN loop duration: 0.454s
KOYNU loop duration: 0.504s
KOYNW loop duration: 0.006s
KPDD loop duration: 0.007s
KPHO loop duration: 0.292s
KPLT loop duration: 0.008s
KPLTW loop duration: 0.008s
KPRO loop duration: 0.007s
KPRX loop duration: 0.007s
KPTI loop duration: 0.007s
KQQQ loop duration: 0.582s
KR loop duration: 0.006s
KRAQU loop duration: 0.569s
KRBN loop duration: 0.326s
KRC loop duration: 0.006s
KRE loop duration: 0.385s
KREF loop duration: 0.008s
KRG loop duration: 0.671s
KRKR loop duration: 0.007s
KRMA loop duration: 0.632s
KRMD loop duration: 0.007s
KRMN loop duration: 0.006s
KRNT loop duration: 0.007s
KRNY loop duration: 0.498s
KRO loop duration: 0.006s
KROP loop duration: 0.006s
KROS loop duration: 0.007s
KRP loop duration: 0.006s
KRRO loop duration: 0.006s
KRSP loop duration: 0.007s
KRT loop duration: 0.006s
KRUS loop duration: 0.007s
KRYP loop duration: 0.005s
KRYS loop duration: 0.299s
KSA loop duration: 0.007s
KSCP loop duration: 0.007s
KSEP loop duration: 0.515s
KSLV loop duration: 0.006s
KSPI loop duration: 0.047s
KSPY loop duration: 0.560s
KSS loop duration: 0.006s
KSTR loop duration: 0.394s
KT loop duration: 0.007s
KTB loop duration: 0.006s
KTCC loop duration: 0.006s
Scanned 6200/12092...
KTEC loop duration: 0.006s
KTF loop duration: 0.044s
KTH loop duration: 0.007s
KTN loop duration: 0.340s
KTOS loop duration: 0.007s
KTTA loop duration: 0.007s
KTTAW loop duration: 0.007s
KTUP loop duration: 0.006s
KTWOU loop duration: 0.222s
KULR loop duration: 0.042s
KURA loop duration: 0.006s
KURE loop duration: 0.007s
KUST loop duration: 0.007s
KVAC loop duration: 0.572s
KVACU loop duration: 0.037s
KVACW loop duration: 0.007s
KVHI loop duration: 0.006s
KVLE loop duration: 0.635s
KVUE loop duration: 0.007s
KVYO loop duration: 0.007s
KW loop duration: 0.400s
KWEB loop duration: 0.009s
KWIN loop duration: 0.656s
KWM loop duration: 0.008s
KWMWW loop duration: 0.041s
KWR loop duration: 0.007s
KWT loop duration: 0.332s
KWY loop duration: 0.007s
KXI loop duration: 0.365s
KXIN loop duration: 0.007s
KYIV loop duration: 0.044s
KYIVW loop duration: 0.562s
KYLD loop duration: 0.008s
KYMR loop duration: 0.007s
KYN loop duration: 0.421s
KYNB loop duration: 0.007s
KYTX loop duration: 0.006s
KZIA loop duration: 0.006s
L loop duration: 0.042s
LAB loop duration: 0.007s
LABD loop duration: 0.007s
LABU loop duration: 0.007s
LABX loop duration: 0.254s
LAC loop duration: 0.007s
LACG loop duration: 0.006s
LAD loop duration: 0.007s
LADR loop duration: 0.008s
LAES loop duration: 0.041s
LAFA loop duration: 0.443s
LAFAR loop duration: 0.006s
LAFAU loop duration: 0.234s
LAKE loop duration: 0.007s
LALT loop duration: 0.528s
LAMR loop duration: 0.318s
LAND loop duration: 0.007s
LANDO loop duration: 0.044s
LANDP loop duration: 0.401s
LANV loop duration: 0.007s
LAPR loop duration: 0.696s
LAR loop duration: 0.007s
LARK loop duration: 0.007s
LASE loop duration: 0.007s
LASR loop duration: 0.044s
LATA loop duration: 0.521s
LATAU loop duration: 0.232s
LATAW loop duration: 0.007s
LAUR loop duration: 0.007s
LAW loop duration: 0.006s
LAWR loop duration: 0.228s
LAZ loop duration: 0.007s
LB loop duration: 0.007s
LBAY loop duration: 0.007s
LBGJ loop duration: 0.007s
LBO loop duration: 0.006s
LBRDA loop duration: 0.007s
LBRDK loop duration: 0.007s
LBRDP loop duration: 0.007s
LBRT loop duration: 0.006s
LBRX loop duration: 0.005s
LBTYA loop duration: 0.007s
LBTYB loop duration: 0.006s
LBTYK loop duration: 0.007s
LC loop duration: 0.006s
LCAP loop duration: 0.591s
LCCC loop duration: 0.490s
LCCCR loop duration: 0.044s
LCCCU loop duration: 0.295s
LCDL loop duration: 0.007s
LCDS loop duration: 0.520s
LCF loop duration: 0.608s
LCFY loop duration: 0.007s
LCFYW loop duration: 0.036s
LCID loop duration: 0.007s
LCII loop duration: 0.006s
LCLG loop duration: 0.617s
Scanned 6300/12092...
LCNB loop duration: 0.485s
LCO loop duration: 0.499s
LCOW loop duration: 0.697s
LCR loop duration: 0.539s
LCTD loop duration: 0.336s
LCTU loop duration: 0.579s
LCTX loop duration: 0.007s
LCUT loop duration: 0.040s
LDDR loop duration: 0.007s
LDEM loop duration: 0.314s
LDI loop duration: 0.007s
LDOS loop duration: 0.007s
LDP loop duration: 0.344s
LDRC loop duration: 0.303s
LDRH loop duration: 0.044s
LDRI loop duration: 0.264s
LDRT loop duration: 0.579s
LDRX loop duration: 0.703s
LDSF loop duration: 0.618s
LDUR loop duration: 0.556s
LE loop duration: 0.007s
LEA loop duration: 0.283s
LEAD loop duration: 0.580s
LECO loop duration: 0.007s
LEDS loop duration: 0.046s
LEE loop duration: 0.043s
LEG loop duration: 0.007s
LEGH loop duration: 0.007s
LEGN loop duration: 0.045s
LEGR loop duration: 0.648s
LEGT loop duration: 0.271s
LEMB loop duration: 0.377s
LEN loop duration: 0.007s
LENS loop duration: 0.006s
LENZ loop duration: 0.007s
LEO loop duration: 0.448s
LESL loop duration: 0.045s
LEU loop duration: 0.008s
LEUX loop duration: 0.005s
LEVI loop duration: 0.474s
LEXI loop duration: 0.596s
LEXX loop duration: 0.007s
LFAC loop duration: 0.570s
LFACU loop duration: 0.439s
LFACW loop duration: 0.005s
LFAI loop duration: 0.006s
LFAO loop duration: 0.337s
LFAW loop duration: 0.007s
LFBE loop duration: 0.277s
LFCR loop duration: 0.008s
LFDR loop duration: 0.273s
LFEQ loop duration: 0.694s
LFGY loop duration: 0.007s
LFMD loop duration: 0.007s
LFMDP loop duration: 0.048s
LFS loop duration: 0.041s
LFSC loop duration: 0.545s
LFST loop duration: 0.008s
LFT loop duration: 0.007s
LFUS loop duration: 0.620s
LFVN loop duration: 0.044s
LFWD loop duration: 0.303s
LGCF loop duration: 0.603s
LGCL loop duration: 0.008s
LGCY loop duration: 0.006s
LGDX loop duration: 0.586s
LGH loop duration: 0.573s
LGHL loop duration: 0.007s
LGHT loop duration: 0.006s
LGI loop duration: 0.374s
LGIH loop duration: 0.008s
LGL loop duration: 0.007s
LGLV loop duration: 0.261s
LGN loop duration: 0.007s
LGND loop duration: 0.500s
LGO loop duration: 0.007s
LGOV loop duration: 0.331s
LGPS loop duration: 0.007s
LGRO loop duration: 0.577s
LGVN loop duration: 0.007s
LH loop duration: 0.006s
LHAI loop duration: 0.006s
LHSW loop duration: 0.006s
LHX loop duration: 0.007s
LI loop duration: 0.006s
LIAE loop duration: 0.006s
LIAM loop duration: 0.037s
LIAU loop duration: 0.007s
LIBD loop duration: 0.006s
LICN loop duration: 0.007s
LIDR loop duration: 0.006s
LIDRW loop duration: 0.006s
LIEN loop duration: 0.006s
LIF loop duration: 0.006s
LIFE loop duration: 0.005s
LIFT loop duration: 0.005s
LII loop duration: 0.006s
Scanned 6400/12092...
LILA loop duration: 0.006s
LILAK loop duration: 0.006s
LIMI loop duration: 0.006s
LIMN loop duration: 0.006s
LIMNW loop duration: 0.063s
LIN loop duration: 0.922s
LINC loop duration: 0.007s
LIND loop duration: 0.316s
LINE loop duration: 0.008s
LINK loop duration: 0.044s
LINT loop duration: 0.043s
LION loop duration: 0.286s
LIQT loop duration: 0.008s
LIT loop duration: 0.310s
LITB loop duration: 0.045s
LITE loop duration: 0.008s
LITL loop duration: 0.481s
LITP loop duration: 0.007s
LITS loop duration: 0.006s
LITX loop duration: 0.005s
LIVE loop duration: 0.006s
LIVN loop duration: 0.312s
LIXT loop duration: 0.271s
LJAN loop duration: 0.717s
LJUL loop duration: 0.539s
LKFN loop duration: 0.007s
LKFT loop duration: 0.006s
LKOR loop duration: 0.007s
LKQ loop duration: 0.006s
LKSP loop duration: 0.562s
LKSPR loop duration: 0.006s
LKSPU loop duration: 0.452s
LLDR loop duration: 0.007s
LLII loop duration: 0.006s
LLY loop duration: 0.431s
LLYVA loop duration: 0.340s
LLYVK loop duration: 0.370s
LLYX loop duration: 0.070s
LMAT loop duration: 0.008s
LMB loop duration: 0.008s
LMBS loop duration: 0.327s
LMFA loop duration: 0.007s
LMND loop duration: 0.006s
LMNR loop duration: 0.006s
LMNX loop duration: 0.005s
LMRI loop duration: 0.005s
LMT loop duration: 0.006s
LMTL loop duration: 0.005s
LMUB loop duration: 0.614s
LNAI loop duration: 0.301s
LNC loop duration: 0.007s
LND loop duration: 0.007s
LNG loop duration: 0.006s
LNGX loop duration: 0.006s
LNKS loop duration: 0.007s
LNN loop duration: 0.007s
LNOK loop duration: 0.040s
LNSR loop duration: 0.006s
LNT loop duration: 0.967s
LNTH loop duration: 0.047s
LNZA loop duration: 0.007s
LNZAW loop duration: 0.007s
LOAN loop duration: 0.006s
LOAR loop duration: 0.006s
LOB loop duration: 0.006s
LOBO loop duration: 0.006s
LOCL loop duration: 0.007s
LOCO loop duration: 0.042s
LOCT loop duration: 0.680s
LODE loop duration: 0.040s
LODI loop duration: 0.442s
LOGI loop duration: 0.008s
LOGO loop duration: 0.225s
LOKV loop duration: 0.304s
LOKVU loop duration: 0.274s
LOKVW loop duration: 0.046s
LOMA loop duration: 0.007s
LONA loop duration: 0.007s
LONZ loop duration: 0.372s
LOOP loop duration: 0.006s
LOPE loop duration: 0.007s
LOPP loop duration: 0.596s
LOT loop duration: 0.009s
LOTI loop duration: 0.276s
LOTWW loop duration: 0.007s
LOUP loop duration: 0.646s
LOVE loop duration: 0.008s
LOW loop duration: 0.008s
LOWV loop duration: 0.613s
LPA loop duration: 0.007s
LPAA loop duration: 0.573s
LPAAU loop duration: 0.687s
LPAAW loop duration: 0.008s
LPBB loop duration: 0.603s
LPBBU loop duration: 0.337s
LPBBW loop duration: 0.007s
LPCN loop duration: 0.007s
Scanned 6500/12092...
LPCV loop duration: 0.525s
LPCVU loop duration: 0.247s
LPCVW loop duration: 0.173s
LPG loop duration: 0.008s
LPL loop duration: 0.006s
LPLA loop duration: 0.006s
LPRE loop duration: 0.593s
LPRO loop duration: 0.045s
LPSN loop duration: 0.008s
LPTH loop duration: 0.277s
LPX loop duration: 0.007s
LQAI loop duration: 0.597s
LQD loop duration: 0.047s
LQDA loop duration: 0.558s
LQDB loop duration: 0.046s
LQDH loop duration: 0.673s
LQDI loop duration: 0.428s
LQDT loop duration: 0.324s
LQDW loop duration: 0.008s
LQTI loop duration: 0.007s
LRCU loop duration: 0.045s
LRCX loop duration: 0.037s
LRE loop duration: 0.007s
LRGC loop duration: 0.659s
LRGE loop duration: 0.869s
LRGF loop duration: 0.681s
LRGG loop duration: 0.273s
LRHC loop duration: 0.008s
LRMR loop duration: 0.007s
LRN loop duration: 0.007s
LRND loop duration: 0.638s
LRNZ loop duration: 0.583s
LSAF loop duration: 0.572s
LSAK loop duration: 0.007s
LSAT loop duration: 0.816s
LSBK loop duration: 0.336s
LSCC loop duration: 0.584s
LSE loop duration: 0.007s
LSEQ loop duration: 0.042s
LSF loop duration: 0.008s
LSGR loop duration: 0.419s
LSH loop duration: 0.008s
LSPD loop duration: 0.007s
LST loop duration: 0.486s
LSTA loop duration: 0.008s
LSTR loop duration: 0.307s
LSVD loop duration: 0.560s
LTAX loop duration: 0.496s
LTBR loop duration: 0.007s
LTC loop duration: 0.388s
LTCC loop duration: 0.007s
LTH loop duration: 0.320s
LTL loop duration: 0.007s
LTM loop duration: 0.007s
LTPZ loop duration: 0.006s
LTRN loop duration: 0.043s
LTRX loop duration: 0.272s
LTRYW loop duration: 0.007s
LTTI loop duration: 0.006s
LU loop duration: 0.006s
LUCD loop duration: 0.007s
LUCK loop duration: 0.006s
LUCY loop duration: 0.006s
LUCYW loop duration: 0.043s
LUD loop duration: 0.007s
LULG loop duration: 0.006s
LULU loop duration: 0.006s
LUMN loop duration: 0.441s
LUNG loop duration: 0.048s
LUNL loop duration: 0.299s
LUNR loop duration: 0.300s
LUV loop duration: 0.007s
LUXE loop duration: 0.007s
LVDS loop duration: 0.570s
LVHD loop duration: 0.037s
LVHI loop duration: 0.761s
LVLN loop duration: 0.302s
LVLU loop duration: 0.007s
LVO loop duration: 0.273s
LVS loop duration: 0.007s
LVWR loop duration: 0.006s
LW loop duration: 0.006s
LWAC loop duration: 0.534s
LWACU loop duration: 0.520s
LWACW loop duration: 0.006s
LWAY loop duration: 0.006s
LWLG loop duration: 0.007s
LX loop duration: 0.006s
LXEH loop duration: 0.044s
LXEO loop duration: 0.007s
LXFR loop duration: 0.619s
LXP loop duration: 0.764s
LXRX loop duration: 0.042s
LXU loop duration: 0.008s
LYB loop duration: 0.007s
LYEL loop duration: 0.007s
Scanned 6600/12092...
LYFT loop duration: 0.006s
LYG loop duration: 0.007s
LYLD loop duration: 0.358s
LYTS loop duration: 0.840s
LYV loop duration: 0.446s
LZ loop duration: 0.006s
LZB loop duration: 0.006s
LZM loop duration: 0.006s
LZMH loop duration: 0.049s
M loop duration: 0.006s
MA loop duration: 0.006s
MAA loop duration: 0.007s
MAAS loop duration: 0.036s
MAAY loop duration: 0.006s
MAC loop duration: 0.686s
MACI loop duration: 0.284s
MACIU loop duration: 0.349s
MACIW loop duration: 0.007s
MADE loop duration: 0.568s
MAGA loop duration: 0.364s
MAGC loop duration: 0.007s
MAGG loop duration: 0.364s
MAGH loop duration: 0.235s
MAGN loop duration: 0.008s
MAGO loop duration: 0.460s
MAGS loop duration: 0.587s
MAGX loop duration: 0.331s
MAGY loop duration: 0.009s
MAIA loop duration: 0.008s
MAIN loop duration: 0.008s
MAKX loop duration: 0.652s
MAMA loop duration: 0.006s
MAMB loop duration: 0.041s
MAMK loop duration: 0.006s
MAN loop duration: 0.006s
MANE loop duration: 0.005s
MANH loop duration: 0.006s
MANI loop duration: 0.542s
MANU loop duration: 0.311s
MAPP loop duration: 0.734s
MAR loop duration: 0.827s
MARA loop duration: 0.043s
MARB loop duration: 0.621s
MARM loop duration: 0.607s
MARO loop duration: 0.007s
MARPS loop duration: 0.007s
MART loop duration: 0.622s
MARU loop duration: 0.783s
MARW loop duration: 0.592s
MARZ loop duration: 0.759s
MAS loop duration: 0.008s
MASI loop duration: 0.394s
MASK loop duration: 0.007s
MASS loop duration: 0.045s
MAT loop duration: 0.007s
MATE loop duration: 0.506s
MATH loop duration: 0.008s
MATV loop duration: 0.007s
MATW loop duration: 0.007s
MATX loop duration: 0.685s
MAVF loop duration: 0.731s
MAX loop duration: 0.007s
MAXI loop duration: 0.007s
MAXJ loop duration: 0.539s
MAYM loop duration: 0.491s
MAYP loop duration: 0.496s
MAYS loop duration: 0.007s
MAYT loop duration: 0.631s
MAYU loop duration: 0.577s
MAYW loop duration: 0.625s
MAYZ loop duration: 0.582s
MAZE loop duration: 0.007s
MB loop duration: 0.007s
MBAI loop duration: 0.007s
MBAV loop duration: 0.008s
MBAVU loop duration: 0.007s
MBAVW loop duration: 0.044s
MBB loop duration: 0.329s
MBBA loop duration: 0.005s
MBBB loop duration: 0.472s
MBBC loop duration: 0.007s
MBC loop duration: 0.006s
MBCC loop duration: 0.644s
MBI loop duration: 0.007s
MBIN loop duration: 0.006s
MBINL loop duration: 0.376s
MBINM loop duration: 0.362s
MBINN loop duration: 0.046s
MBIO loop duration: 0.006s
MBLY loop duration: 0.007s
MBND loop duration: 0.408s
MBNKO loop duration: 0.540s
MBOT loop duration: 0.007s
MBOX loop duration: 0.700s
MBRX loop duration: 0.007s
Scanned 6700/12092...
MBS loop duration: 0.273s
MBSD loop duration: 0.357s
MBSF loop duration: 0.368s
MBSX loop duration: 0.007s
MBUU loop duration: 0.007s
MBVI loop duration: 0.561s
MBVIU loop duration: 0.797s
MBVIW loop duration: 0.006s
MBWM loop duration: 0.339s
MBX loop duration: 0.008s
MC loop duration: 0.008s
MCB loop duration: 0.287s
MCBS loop duration: 0.340s
MCD loop duration: 0.006s
MCDS loop duration: 0.553s
MCFT loop duration: 0.009s
MCGA loop duration: 0.008s
MCGAU loop duration: 0.007s
MCGAW loop duration: 0.007s
MCH loop duration: 0.353s
MCHB loop duration: 0.007s
MCHI loop duration: 0.006s
MCHP loop duration: 0.398s
MCHPP loop duration: 0.228s
MCHS loop duration: 0.541s
MCHX loop duration: 0.007s
MCI loop duration: 0.007s
MCK loop duration: 0.006s
MCN loop duration: 0.006s
MCO loop duration: 0.007s
MCOW loop duration: 0.470s
MCR loop duration: 0.009s
MCRB loop duration: 0.007s
MCRI loop duration: 0.712s
MCRP loop duration: 0.007s
MCS loop duration: 0.045s
MCVT loop duration: 0.639s
MCY loop duration: 0.370s
MD loop duration: 0.007s
MDAA loop duration: 0.463s
MDAI loop duration: 0.008s
MDAIW loop duration: 0.045s
MDB loop duration: 0.008s
MDBH loop duration: 0.008s
MDCX loop duration: 0.007s
MDCXW loop duration: 0.006s
MDEV loop duration: 0.007s
MDGL loop duration: 0.006s
MDIA loop duration: 0.007s
MDIV loop duration: 0.472s
MDLN loop duration: 0.007s
MDLV loop duration: 0.651s
MDLZ loop duration: 0.009s
MDPL loop duration: 0.394s
MDRR loop duration: 0.008s
MDST loop duration: 0.390s
MDT loop duration: 0.007s
MDU loop duration: 0.045s
MDV loop duration: 0.692s
MDWD loop duration: 0.007s
MDXG loop duration: 0.007s
MDXH loop duration: 0.007s
MDY loop duration: 0.668s
MDYG loop duration: 0.665s
MDYV loop duration: 0.614s
MEAR loop duration: 0.755s
MEC loop duration: 0.615s
MED loop duration: 0.007s
MEDI loop duration: 0.362s
MEDP loop duration: 0.007s
MEDX loop duration: 0.045s
MEGI loop duration: 0.299s
MEGL loop duration: 0.006s
MEHA loop duration: 0.006s
MEI loop duration: 0.038s
MELI loop duration: 0.007s
MEM loop duration: 0.551s
MEMA loop duration: 0.572s
MEME loop duration: 0.707s
MEMS loop duration: 0.420s
MEMX loop duration: 0.622s
MEMY loop duration: 0.602s
MENS loop duration: 0.007s
MEOH loop duration: 0.007s
MERC loop duration: 0.007s
MESH loop duration: 0.539s
MESHU loop duration: 0.481s
MESHW loop duration: 0.005s
MESO loop duration: 0.006s
MET loop duration: 0.361s
META loop duration: 0.007s
METC loop duration: 0.007s
METCB loop duration: 0.006s
METCI loop duration: 0.319s
METCZ loop duration: 0.256s
METD loop duration: 0.006s
METL loop duration: 0.006s
METU loop duration: 0.007s
Scanned 6800/12092...
METV loop duration: 0.007s
METW loop duration: 0.006s
MEVO loop duration: 0.541s
MEVOU loop duration: 0.253s
MEVOW loop duration: 0.006s
MEXX loop duration: 0.007s
MFA loop duration: 0.007s
MFAN loop duration: 0.419s
MFAO loop duration: 0.318s
MFC loop duration: 0.412s
MFDX loop duration: 0.617s
MFEM loop duration: 0.577s
MFG loop duration: 0.007s
MFI loop duration: 0.008s
MFIC loop duration: 0.007s
MFICL loop duration: 0.565s
MFIG loop duration: 0.558s
MFIN loop duration: 0.007s
MFLX loop duration: 0.040s
MFM loop duration: 0.383s
MFMO loop duration: 0.575s
MFSB loop duration: 0.041s
MFSG loop duration: 0.607s
MFSI loop duration: 0.733s
MFSM loop duration: 0.275s
MFSV loop duration: 0.634s
MFUL loop duration: 0.624s
MFUS loop duration: 0.687s
MFUT loop duration: 0.042s
MFVL loop duration: 0.273s
MG loop duration: 0.369s
MGA loop duration: 0.387s
MGC loop duration: 0.860s
MGEE loop duration: 0.008s
MGF loop duration: 0.007s
MGIH loop duration: 0.007s
MGK loop duration: 0.006s
MGLD loop duration: 0.007s
MGM loop duration: 0.045s
MGMT loop duration: 0.332s
MGN loop duration: 0.007s
MGNI loop duration: 0.006s
MGNR loop duration: 0.403s
MGNX loop duration: 0.044s
MGOV loop duration: 0.296s
MGPI loop duration: 0.006s
MGR loop duration: 0.006s
MGRB loop duration: 0.006s
MGRC loop duration: 0.006s
MGRD loop duration: 0.006s
MGRE loop duration: 0.231s
MGRT loop duration: 0.008s
MGRX loop duration: 0.045s
MGTX loop duration: 0.007s
MGV loop duration: 0.621s
MGX loop duration: 0.006s
MGY loop duration: 0.006s
MGYR loop duration: 0.006s
MH loop duration: 0.005s
MHD loop duration: 0.042s
MHF loop duration: 0.007s
MHH loop duration: 0.007s
MHK loop duration: 0.008s
MHLA loop duration: 0.007s
MHNC loop duration: 0.007s
MHO loop duration: 0.007s
MHY loop duration: 0.533s
MI loop duration: 0.038s
MIAX loop duration: 0.007s
MICC loop duration: 0.043s
MID loop duration: 0.295s
MIDD loop duration: 0.007s
MIDE loop duration: 0.749s
MIDU loop duration: 0.637s
MIG loop duration: 0.405s
MILK loop duration: 0.315s
MILN loop duration: 0.008s
MIMI loop duration: 0.043s
MIN loop duration: 0.007s
MIND loop duration: 0.007s
MINE loop duration: 0.005s
MINN loop duration: 0.330s
MINO loop duration: 0.346s
MINT loop duration: 0.633s
MINV loop duration: 0.678s
MIR loop duration: 0.013s
MIRA loop duration: 0.007s
MIRM loop duration: 0.008s
MISL loop duration: 0.007s
MIST loop duration: 0.007s
MITK loop duration: 0.264s
MITN loop duration: 0.614s
MITP loop duration: 0.326s
MITQ loop duration: 0.007s
MITT loop duration: 0.007s
Scanned 6900/12092...
MIY loop duration: 0.437s
MJ loop duration: 0.007s
MJSC loop duration: 0.634s
MKAM loop duration: 0.554s
MKC loop duration: 0.007s
MKDW loop duration: 0.044s
MKDWW loop duration: 0.006s
MKL loop duration: 0.007s
MKLY loop duration: 0.529s
MKLYR loop duration: 0.040s
MKLYU loop duration: 0.245s
MKOR loop duration: 0.314s
MKSI loop duration: 0.622s
MKTN loop duration: 0.502s
MKTW loop duration: 0.008s
MKTX loop duration: 0.007s
MKZR loop duration: 0.007s
MLAAU loop duration: 0.007s
MLAB loop duration: 0.008s
MLAC loop duration: 0.781s
MLACR loop duration: 0.011s
MLACU loop duration: 0.009s
MLCI loop duration: 0.007s
MLCIL loop duration: 0.269s
MLCO loop duration: 0.009s
MLDR loop duration: 0.048s
MLEC loop duration: 0.009s
MLECW loop duration: 0.008s
MLI loop duration: 0.449s
MLKN loop duration: 0.007s
MLM loop duration: 0.006s
MLN loop duration: 0.045s
MLP loop duration: 0.008s
MLPA loop duration: 0.405s
MLPB loop duration: 0.357s
MLPD loop duration: 0.370s
MLPI loop duration: 0.219s
MLPR loop duration: 0.282s
MLPX loop duration: 0.371s
MLR loop duration: 0.048s
MLSS loop duration: 0.044s
MLTX loop duration: 0.008s
MLYS loop duration: 0.007s
MMA loop duration: 0.007s
MMAX loop duration: 0.531s
MMCA loop duration: 0.402s
MMD loop duration: 0.354s
MMI loop duration: 0.007s
MMID loop duration: 0.292s
MMIN loop duration: 0.315s
MMIT loop duration: 0.395s
MMK loop duration: 0.463s
MMKT loop duration: 0.269s
MMLG loop duration: 0.304s
MMLP loop duration: 0.007s
MMM loop duration: 0.007s
MMMA loop duration: 0.329s
MMS loop duration: 0.008s
MMSC loop duration: 0.530s
MMSD loop duration: 0.315s
MMSI loop duration: 0.007s
MMT loop duration: 0.434s
MMTM loop duration: 0.631s
MMTX loop duration: 0.522s
MMTXU loop duration: 0.234s
MMTXW loop duration: 0.006s
MMU loop duration: 0.038s
MMYT loop duration: 0.007s
MNA loop duration: 0.682s
MNBD loop duration: 0.323s
MNDO loop duration: 0.007s
MNDR loop duration: 0.007s
MNDY loop duration: 0.007s
MNKD loop duration: 0.037s
MNOV loop duration: 0.007s
MNPR loop duration: 0.048s
MNR loop duration: 0.008s
MNRO loop duration: 0.007s
MNRS loop duration: 0.040s
MNSB loop duration: 0.371s
MNSBP loop duration: 0.049s
MNSO loop duration: 0.008s
MNST loop duration: 0.786s
MNTK loop duration: 0.046s
MNTN loop duration: 0.007s
MNTS loop duration: 0.276s
MNTSW loop duration: 0.042s
MNY loop duration: 0.007s
MNYWW loop duration: 0.006s
MNZL loop duration: 0.566s
MO loop duration: 0.462s
MOAT loop duration: 0.418s
MOB loop duration: 0.008s
MOBBW loop duration: 0.006s
Scanned 7000/12092...
MOBX loop duration: 0.007s
MOBXW loop duration: 0.006s
MOD loop duration: 0.008s
MODD loop duration: 0.007s
MODL loop duration: 0.683s
MOGU loop duration: 0.007s
MOH loop duration: 0.006s
MOLN loop duration: 0.006s
MOMO loop duration: 0.007s
MOO loop duration: 0.316s
MOOD loop duration: 0.616s
MORN loop duration: 0.007s
MORT loop duration: 0.007s
MOS loop duration: 0.006s
MOTG loop duration: 0.007s
MOTI loop duration: 0.006s
MOTO loop duration: 0.628s
MOV loop duration: 0.464s
MOVE loop duration: 0.037s
MP loop duration: 0.007s
MPA loop duration: 0.047s
MPAA loop duration: 0.008s
MPB loop duration: 0.320s
MPC loop duration: 0.286s
MPG loop duration: 0.008s
MPL loop duration: 0.006s
MPLT loop duration: 0.007s
MPLX loop duration: 0.485s
MPLY loop duration: 0.628s
MPRO loop duration: 0.770s
MPT loop duration: 0.009s
MPTI loop duration: 0.557s
MPU loop duration: 0.007s
MPV loop duration: 0.006s
MPWR loop duration: 0.305s
MQ loop duration: 0.007s
MQQQ loop duration: 0.567s
MQY loop duration: 0.044s
MRAL loop duration: 0.678s
MRAM loop duration: 0.048s
MRBK loop duration: 0.008s
MRCP loop duration: 0.550s
MRCY loop duration: 0.355s
MRDN loop duration: 0.044s
MREO loop duration: 0.007s
MRGR loop duration: 0.319s
MRK loop duration: 0.046s
MRKR loop duration: 0.008s
MRLN loop duration: 0.008s
MRM loop duration: 0.007s
MRNA loop duration: 0.006s
MRNO loop duration: 0.008s
MRNOW loop duration: 0.007s
MRNX loop duration: 0.007s
MRNY loop duration: 0.007s
MRP loop duration: 0.007s
MRSH loop duration: 0.007s
MRSK loop duration: 0.667s
MRT loop duration: 0.007s
MRTN loop duration: 0.043s
MRVI loop duration: 0.039s
MRVL loop duration: 0.410s
MRVU loop duration: 0.041s
MRX loop duration: 0.300s
MS loop duration: 0.750s
MSA loop duration: 0.008s
MSAI loop duration: 0.007s
MSAIW loop duration: 0.046s
MSB loop duration: 0.007s
MSBI loop duration: 0.602s
MSBIP loop duration: 0.557s
MSC loop duration: 0.007s
MSCI loop duration: 0.715s
MSD loop duration: 0.007s
MSDD loop duration: 0.006s
MSDL loop duration: 0.006s
MSEX loop duration: 0.007s
MSFD loop duration: 0.007s
MSFL loop duration: 0.008s
MSFO loop duration: 0.007s
MSFT loop duration: 0.008s
MSFU loop duration: 0.007s
MSFW loop duration: 0.006s
MSFX loop duration: 0.007s
MSFY loop duration: 0.007s
MSGE loop duration: 0.700s
MSGM loop duration: 0.007s
MSGS loop duration: 0.373s
MSGY loop duration: 0.007s
MSI loop duration: 0.008s
MSIF loop duration: 0.007s
MSII loop duration: 0.007s
MSLC loop duration: 0.591s
MSLE loop duration: 0.006s
MSM loop duration: 0.809s
MSMR loop duration: 0.546s
Scanned 7100/12092...
MSN loop duration: 0.013s
MSOO loop duration: 0.007s
MSOS loop duration: 0.007s
MSOX loop duration: 0.006s
MSS loop duration: 0.007s
MSSM loop duration: 0.553s
MSSS loop duration: 0.636s
MSST loop duration: 0.007s
MST loop duration: 0.007s
MSTB loop duration: 1.026s
MSTI loop duration: 0.315s
MSTP loop duration: 0.044s
MSTQ loop duration: 0.413s
MSTR loop duration: 0.007s
MSTU loop duration: 0.007s
MSTW loop duration: 0.006s
MSTX loop duration: 0.006s
MSTY loop duration: 0.006s
MSTZ loop duration: 0.006s
MSW loop duration: 0.007s
MT loop duration: 0.686s
MTA loop duration: 0.007s
MTAL loop duration: 0.006s
MTB loop duration: 0.349s
MTBA loop duration: 0.427s
MTC loop duration: 0.008s
MTCH loop duration: 0.371s
MTD loop duration: 0.008s
MTDR loop duration: 0.008s
MTEK loop duration: 0.007s
MTEKW loop duration: 0.006s
MTEN loop duration: 0.007s
MTEX loop duration: 0.007s
MTG loop duration: 0.007s
MTGP loop duration: 0.041s
MTH loop duration: 0.008s
MTLS loop duration: 0.040s
MTN loop duration: 0.008s
MTNB loop duration: 0.007s
MTR loop duration: 0.007s
MTRA loop duration: 0.317s
MTRN loop duration: 0.761s
MTRX loop duration: 0.008s
MTSI loop duration: 0.331s
MTUL loop duration: 0.641s
MTUM loop duration: 0.598s
MTUS loop duration: 0.008s
MTVA loop duration: 0.043s
MTW loop duration: 0.007s
MTX loop duration: 0.007s
MTYY loop duration: 0.006s
MTZ loop duration: 0.007s
MU loop duration: 0.758s
MUA loop duration: 0.008s
MUB loop duration: 0.296s
MUC loop duration: 0.435s
MUD loop duration: 0.008s
MUFG loop duration: 0.357s
MUJ loop duration: 0.491s
MULL loop duration: 0.633s
MULT loop duration: 0.547s
MUNA loop duration: 0.554s
MUNB loop duration: 0.406s
MUNC loop duration: 0.264s
MUND loop duration: 0.273s
MUNI loop duration: 0.342s
MUNX loop duration: 0.303s
MUNY loop duration: 0.265s
MUR loop duration: 0.007s
MUSA loop duration: 0.007s
MUSE loop duration: 0.272s
MUSI loop duration: 0.375s
MUSQ loop duration: 0.008s
MUST loop duration: 0.043s
MUU loop duration: 0.570s
MUX loop duration: 0.008s
MUZEU loop duration: 0.333s
MVAL loop duration: 0.007s
MVBF loop duration: 0.008s
MVFD loop duration: 0.382s
MVFG loop duration: 0.586s
MVIS loop duration: 0.013s
MVLL loop duration: 0.077s
MVO loop duration: 0.008s
MVPA loop duration: 0.008s
MVPL loop duration: 0.647s
MVRL loop duration: 0.007s
MVST loop duration: 0.007s
MVSTW loop duration: 0.006s
MVV loop duration: 0.798s
MWA loop duration: 0.007s
MWG loop duration: 0.240s
MWH loop duration: 0.005s
MWYN loop duration: 0.276s
MX loop duration: 0.049s
Scanned 7200/12092...
MXC loop duration: 0.008s
MXCT loop duration: 0.046s
MXE loop duration: 0.046s
MXF loop duration: 0.386s
MXI loop duration: 0.391s
MXL loop duration: 0.552s
MYCF loop duration: 0.407s
MYCG loop duration: 0.638s
MYCH loop duration: 0.576s
MYCI loop duration: 0.664s
MYCJ loop duration: 0.362s
MYCK loop duration: 0.282s
MYCL loop duration: 0.267s
MYCM loop duration: 0.365s
MYCN loop duration: 0.409s
MYCO loop duration: 0.228s
MYE loop duration: 0.758s
MYFW loop duration: 0.528s
MYGN loop duration: 0.007s
MYI loop duration: 0.363s
MYLD loop duration: 0.603s
MYMF loop duration: 0.624s
MYMG loop duration: 0.619s
MYMH loop duration: 0.350s
MYMI loop duration: 0.568s
MYMJ loop duration: 0.404s
MYMK loop duration: 0.299s
MYN loop duration: 0.043s
MYND loop duration: 0.007s
MYO loop duration: 0.102s
MYPS loop duration: 0.008s
MYPSW loop duration: 0.007s
MYRG loop duration: 0.584s
MYSE loop duration: 0.007s
MYSEW loop duration: 0.008s
MYSZ loop duration: 0.007s
MYY loop duration: 0.007s
MZTI loop duration: 0.007s
MZZ loop duration: 0.007s
NA loop duration: 0.043s
NAAS loop duration: 0.048s
NABL loop duration: 0.007s
NAC loop duration: 0.541s
NACP loop duration: 0.779s
NAD loop duration: 0.391s
NAGE loop duration: 0.007s
NAII loop duration: 0.006s
NAIL loop duration: 0.007s
NAK loop duration: 0.007s
NAKA loop duration: 0.042s
NAMI loop duration: 0.007s
NAMM loop duration: 0.006s
NAMMW loop duration: 0.007s
NAMS loop duration: 0.044s
NAMSW loop duration: 0.048s
NAN loop duration: 0.380s
NANC loop duration: 0.767s
NANR loop duration: 0.335s
NAPR loop duration: 0.638s
NAT loop duration: 0.007s
NATH loop duration: 0.007s
NATL loop duration: 0.406s
NATO loop duration: 0.278s
NATR loop duration: 0.008s
NAUG loop duration: 0.593s
NAUT loop duration: 0.007s
NAVI loop duration: 0.007s
NAVN loop duration: 0.006s
NAZ loop duration: 0.449s
NB loop duration: 0.008s
NBB loop duration: 0.361s
NBBK loop duration: 0.007s
NBCE loop duration: 0.706s
NBCM loop duration: 0.365s
NBCR loop duration: 0.597s
NBDS loop duration: 0.749s
NBET loop duration: 0.367s
NBFC loop duration: 0.318s
NBGX loop duration: 0.539s
NBH loop duration: 0.414s
NBHC loop duration: 0.047s
NBIG loop duration: 0.045s
NBIL loop duration: 0.048s
NBIS loop duration: 0.045s
NBIX loop duration: 0.325s
NBIZ loop duration: 0.006s
NBJP loop duration: 0.568s
Scanned 7300/12092...
NBN loop duration: 0.459s
NBOS loop duration: 0.865s
NBP loop duration: 0.008s
NBR loop duration: 0.007s
NBRGU loop duration: 0.455s
NBSD loop duration: 0.575s
NBSM loop duration: 0.393s
NBTB loop duration: 0.047s
NBTR loop duration: 0.285s
NBTX loop duration: 0.044s
NBXG loop duration: 0.585s
NC loop duration: 0.007s
NCA loop duration: 0.368s
NCDL loop duration: 0.006s
NCEL loop duration: 0.007s
NCEW loop duration: 0.007s
NCI loop duration: 0.042s
NCIQ loop duration: 0.008s
NCL loop duration: 0.008s
NCLH loop duration: 0.007s
NCLO loop duration: 0.515s
NCMI loop duration: 0.009s
NCNA loop duration: 0.009s
NCNO loop duration: 0.008s
NCPB loop duration: 0.469s
NCPL loop duration: 0.041s
NCPLW loop duration: 0.046s
NCRA loop duration: 0.007s
NCSM loop duration: 0.006s
NCT loop duration: 0.008s
NCTY loop duration: 0.007s
NCV loop duration: 0.699s
NCZ loop duration: 0.722s
NDAA loop duration: 0.616s
NDAQ loop duration: 0.007s
NDEC loop duration: 0.621s
NDIA loop duration: 0.007s
NDIV loop duration: 0.289s
NDLS loop duration: 0.007s
NDMO loop duration: 0.047s
NDOW loop duration: 0.581s
NDRA loop duration: 0.007s
NDSN loop duration: 0.044s
NE loop duration: 0.007s
NEA loop duration: 0.044s
NEAR loop duration: 0.625s
NEBX loop duration: 0.044s
NECB loop duration: 0.008s
NEE loop duration: 0.007s
NEGG loop duration: 0.007s
NEHI loop duration: 0.005s
NELS loop duration: 0.446s
NEM loop duration: 0.007s
NEMD loop duration: 0.642s
NEMG loop duration: 0.007s
NEN loop duration: 0.007s
NEO loop duration: 0.006s
NEOG loop duration: 0.007s
NEON loop duration: 0.007s
NEOV loop duration: 0.007s
NEOVW loop duration: 0.007s
NEPH loop duration: 0.006s
NERD loop duration: 0.007s
NERV loop duration: 0.007s
NESR loop duration: 0.238s
NET loop duration: 0.008s
NETG loop duration: 0.006s
NETL loop duration: 0.402s
NEU loop duration: 0.007s
NEUP loop duration: 0.006s
NEWP loop duration: 0.006s
NEWT loop duration: 0.008s
NEWTG loop duration: 0.663s
NEWTH loop duration: 0.293s
NEWTI loop duration: 0.348s
NEWTO loop duration: 0.277s
NEWTP loop duration: 0.576s
NEWZ loop duration: 0.273s
NEXA loop duration: 0.007s
NEXM loop duration: 0.007s
NEXN loop duration: 0.008s
NEXR loop duration: 0.008s
NEXRW loop duration: 0.046s
NEXT loop duration: 0.009s
NFBK loop duration: 0.727s
NFE loop duration: 0.007s
NFEB loop duration: 0.501s
NFG loop duration: 0.007s
NFGC loop duration: 0.007s
NFJ loop duration: 0.748s
NFLP loop duration: 0.007s
NFLT loop duration: 0.669s
NFLU loop duration: 0.007s
NFLW loop duration: 0.006s
NFLX loop duration: 0.006s
NFLY loop duration: 0.006s
NFRA loop duration: 0.647s
NFRX loop duration: 0.007s
Scanned 7400/12092...
NFTY loop duration: 0.007s
NFXL loop duration: 0.008s
NFXS loop duration: 0.007s
NG loop duration: 0.007s
NGEN loop duration: 0.007s
NGG loop duration: 0.007s
NGL loop duration: 0.008s
NGNE loop duration: 0.007s
NGS loop duration: 0.243s
NGVC loop duration: 0.007s
NGVT loop duration: 0.006s
NHC loop duration: 0.381s
NHI loop duration: 0.008s
NHIC loop duration: 0.314s
NHICU loop duration: 0.257s
NHICW loop duration: 0.311s
NHPAP loop duration: 0.649s
NHPBP loop duration: 0.858s
NHS loop duration: 0.007s
NHTC loop duration: 0.007s
NHYB loop duration: 0.535s
NHYM loop duration: 0.044s
NI loop duration: 0.438s
NIC loop duration: 0.007s
NICE loop duration: 0.007s
NIE loop duration: 0.745s
NIHI loop duration: 0.227s
NIKL loop duration: 0.007s
NIM loop duration: 0.440s
NINE loop duration: 0.294s
NIO loop duration: 0.007s
NIOBW loop duration: 0.007s
NIOG loop duration: 0.006s
NIPG loop duration: 0.007s
NIQ loop duration: 0.006s
NITE loop duration: 0.599s
NIU loop duration: 0.008s
NIVF loop duration: 0.007s
NIVFW loop duration: 0.040s
NIXT loop duration: 0.555s
NIXX loop duration: 0.006s
NIXXW loop duration: 0.008s
NJAN loop duration: 0.810s
NJNK loop duration: 0.570s
NJR loop duration: 0.045s
NJUL loop duration: 0.552s
NJUN loop duration: 0.528s
NKE loop duration: 0.007s
NKLR loop duration: 0.007s
NKSH loop duration: 0.006s
NKTR loop duration: 0.006s
NKTX loop duration: 0.007s
NKX loop duration: 0.044s
NL loop duration: 0.043s
NLOP loop duration: 0.006s
NLR loop duration: 0.006s
NLSI loop duration: 0.455s
NLY loop duration: 0.007s
NMAI loop duration: 0.676s
NMAR loop duration: 0.718s
NMAX loop duration: 0.042s
NMAY loop duration: 0.535s
NMB loop duration: 0.247s
NMBL loop duration: 0.398s
NMCO loop duration: 0.045s
NMFC loop duration: 0.008s
NMFCZ loop duration: 0.372s
NMG loop duration: 0.008s
NMI loop duration: 0.366s
NMIH loop duration: 0.007s
NML loop duration: 0.328s
NMM loop duration: 0.007s
NMP loop duration: 0.566s
NMPAR loop duration: 0.045s
NMPAU loop duration: 0.230s
NMR loop duration: 0.006s
NMRA loop duration: 0.006s
NMRK loop duration: 0.006s
NMS loop duration: 0.042s
NMT loop duration: 0.322s
NMTC loop duration: 0.009s
NMZ loop duration: 0.044s
NN loop duration: 0.007s
NNAVW loop duration: 0.040s
NNBR loop duration: 0.047s
NNDM loop duration: 0.007s
NNE loop duration: 0.040s
NNI loop duration: 0.006s
NNN loop duration: 0.661s
NNNN loop duration: 0.007s
NNOV loop duration: 0.567s
NNOX loop duration: 0.007s
NNVC loop duration: 0.045s
NNY loop duration: 0.419s
Scanned 7500/12092...
NOA loop duration: 0.008s
NOAH loop duration: 0.008s
NOBL loop duration: 0.343s
NOC loop duration: 0.007s
NOCT loop duration: 0.740s
NODE loop duration: 0.658s
NODK loop duration: 0.043s
NOEM loop duration: 0.331s
NOEMR loop duration: 0.045s
NOEMU loop duration: 0.007s
NOEMW loop duration: 0.041s
NOG loop duration: 0.008s
NOK loop duration: 0.379s
NOMA loop duration: 0.005s
NOMD loop duration: 0.006s
NORW loop duration: 0.306s
NOTV loop duration: 0.007s
NOV loop duration: 0.352s
NOVM loop duration: 0.545s
NOVP loop duration: 0.615s
NOVT loop duration: 0.043s
NOVTU loop duration: 0.546s
NOVZ loop duration: 0.843s
NOW loop duration: 0.007s
NOWL loop duration: 0.038s
NP loop duration: 0.006s
NPAC loop duration: 0.532s
NPACU loop duration: 0.043s
NPACW loop duration: 0.007s
NPB loop duration: 0.007s
NPCE loop duration: 0.007s
NPCT loop duration: 0.006s
NPFD loop duration: 0.381s
NPFI loop duration: 0.574s
NPK loop duration: 0.008s
NPKI loop duration: 0.276s
NPO loop duration: 0.403s
NPT loop duration: 0.007s
NPV loop duration: 0.043s
NPWR loop duration: 0.007s
NRC loop duration: 0.006s
NRDS loop duration: 0.007s
NRDY loop duration: 0.006s
NREF loop duration: 0.049s
NRES loop duration: 0.292s
NRG loop duration: 0.007s
NRGD loop duration: 0.007s
NRGU loop duration: 0.007s
NRGV loop duration: 0.039s
NRIM loop duration: 0.007s
NRIX loop duration: 0.006s
NRK loop duration: 0.326s
NRO loop duration: 0.008s
NRP loop duration: 0.007s
NRSH loop duration: 0.696s
NRSN loop duration: 0.007s
NRSNW loop duration: 0.006s
NRT loop duration: 0.006s
NRUC loop duration: 0.367s
NRXP loop duration: 0.048s
NRXS loop duration: 0.008s
NSA loop duration: 0.045s
NSC loop duration: 0.766s
NSCI loop duration: 0.491s
NSEP loop duration: 0.640s
NSI loop duration: 0.313s
NSIT loop duration: 0.042s
NSP loop duration: 0.007s
NSPR loop duration: 0.007s
NSRX loop duration: 0.006s
NSSC loop duration: 0.007s
NSTS loop duration: 0.518s
NSYS loop duration: 0.008s
NTAP loop duration: 0.719s
NTB loop duration: 0.761s
NTCL loop duration: 0.044s
NTCT loop duration: 0.305s
NTES loop duration: 0.007s
NTGR loop duration: 0.007s
NTHI loop duration: 0.007s
NTIC loop duration: 0.006s
NTIP loop duration: 0.007s
NTLA loop duration: 0.007s
NTNX loop duration: 0.006s
NTR loop duration: 0.006s
NTRA loop duration: 0.006s
NTRB loop duration: 0.006s
NTRBW loop duration: 0.006s
NTRP loop duration: 0.006s
NTRS loop duration: 0.363s
NTRSO loop duration: 0.007s
NTSE loop duration: 0.571s
NTSI loop duration: 0.334s
NTSK loop duration: 0.007s
NTST loop duration: 0.426s
NTSX loop duration: 0.611s
NTWK loop duration: 0.043s
Scanned 7600/12092...
NTWO loop duration: 0.529s
NTWOU loop duration: 0.043s
NTWOW loop duration: 0.007s
NTZ loop duration: 0.007s
NU loop duration: 0.007s
NUAG loop duration: 0.396s
NUAI loop duration: 0.008s
NUAIW loop duration: 0.007s
NUBD loop duration: 0.343s
NUDM loop duration: 0.609s
NUDV loop duration: 0.691s
NUE loop duration: 0.968s
NUEM loop duration: 0.622s
NUG loop duration: 0.007s
NUGO loop duration: 0.641s
NUGT loop duration: 0.008s
NUGY loop duration: 0.006s
NUHY loop duration: 0.684s
NUKZ loop duration: 0.298s
NULC loop duration: 0.648s
NULG loop duration: 0.655s
NULV loop duration: 0.661s
NUMG loop duration: 0.007s
NUMI loop duration: 0.644s
NUMV loop duration: 0.580s
NURE loop duration: 0.041s
NUS loop duration: 0.007s
NUSA loop duration: 0.750s
NUSB loop duration: 0.700s
NUSC loop duration: 0.726s
NUTR loop duration: 0.006s
NUTX loop duration: 0.006s
NUV loop duration: 0.417s
NUVB loop duration: 0.007s
NUVL loop duration: 0.045s
NUW loop duration: 0.458s
NUWE loop duration: 0.007s
NVA loop duration: 0.007s
NVAWW loop duration: 0.006s
NVAX loop duration: 0.038s
NVBT loop duration: 0.543s
NVBU loop duration: 0.667s
NVBW loop duration: 0.522s
NVCR loop duration: 0.052s
NVCT loop duration: 0.007s
NVD loop duration: 0.007s
NVDA loop duration: 0.006s
NVDB loop duration: 0.006s
NVDD loop duration: 0.006s
NVDG loop duration: 0.006s
NVDL loop duration: 0.007s
NVDO loop duration: 0.268s
NVDQ loop duration: 0.008s
NVDS loop duration: 0.008s
NVDU loop duration: 0.008s
NVDW loop duration: 0.007s
NVDX loop duration: 0.008s
NVDY loop duration: 0.007s
NVEC loop duration: 0.041s
NVG loop duration: 0.008s
NVGS loop duration: 0.282s
NVII loop duration: 0.007s
NVIR loop duration: 0.049s
NVIT loop duration: 0.304s
NVMI loop duration: 0.007s
NVNI loop duration: 0.007s
NVNIW loop duration: 0.006s
NVNO loop duration: 0.006s
NVO loop duration: 0.006s
NVOH loop duration: 0.006s
NVOX loop duration: 0.006s
NVR loop duration: 0.006s
NVRI loop duration: 0.656s
NVS loop duration: 0.008s
NVST loop duration: 0.007s
NVT loop duration: 0.295s
NVTS loop duration: 0.038s
NVTX loop duration: 0.046s
NVVE loop duration: 0.007s
NVX loop duration: 0.006s
NVYY loop duration: 0.006s
NWAX loop duration: 0.622s
NWBI loop duration: 0.411s
NWE loop duration: 0.731s
NWFL loop duration: 0.043s
NWG loop duration: 0.007s
NWGL loop duration: 0.006s
NWL loop duration: 0.006s
NWN loop duration: 0.006s
NWPX loop duration: 0.781s
NWS loop duration: 0.008s
NWSA loop duration: 0.008s
NWTG loop duration: 0.008s
NX loop duration: 0.007s
NXDR loop duration: 0.045s
NXDT loop duration: 0.048s
NXE loop duration: 0.008s
Scanned 7700/12092...
NXG loop duration: 0.448s
NXGL loop duration: 0.006s
NXGLW loop duration: 0.006s
NXL loop duration: 0.044s
NXP loop duration: 0.043s
NXPI loop duration: 0.641s
NXPL loop duration: 0.537s
NXPLW loop duration: 0.007s
NXRT loop duration: 0.006s
NXST loop duration: 0.006s
NXT loop duration: 0.007s
NXTC loop duration: 0.006s
NXTE loop duration: 0.650s
NXTG loop duration: 0.625s
NXTI loop duration: 0.649s
NXTS loop duration: 0.007s
NXTT loop duration: 0.006s
NXUS loop duration: 0.006s
NXXT loop duration: 0.041s
NYAX loop duration: 0.758s
NYC loop duration: 0.006s
NYF loop duration: 0.388s
NYM loop duration: 0.470s
NYT loop duration: 0.006s
NYXH loop duration: 0.007s
NZAC loop duration: 0.645s
NZF loop duration: 0.043s
O loop duration: 0.404s
OABI loop duration: 0.043s
OABIW loop duration: 0.007s
OACC loop duration: 0.670s
OACCU loop duration: 0.324s
OACCW loop duration: 0.007s
OACP loop duration: 0.309s
OAEM loop duration: 0.567s
OAIM loop duration: 0.756s
OAKG loop duration: 0.244s
OAKI loop duration: 0.226s
OAKM loop duration: 0.304s
OALC loop duration: 0.536s
OARK loop duration: 0.007s
OASC loop duration: 0.484s
OBA loop duration: 0.453s
OBAI loop duration: 0.006s
OBAWU loop duration: 0.219s
OBAWW loop duration: 0.006s
OBDC loop duration: 0.007s
OBE loop duration: 0.007s
OBIL loop duration: 0.594s
OBIO loop duration: 0.006s
OBK loop duration: 0.661s
OBND loop duration: 0.383s
OBOR loop duration: 0.007s
OBT loop duration: 0.007s
OBTC loop duration: 0.005s
OC loop duration: 0.007s
OCC loop duration: 0.283s
OCCI loop duration: 0.007s
OCCIM loop duration: 0.045s
OCCIN loop duration: 0.598s
OCFC loop duration: 0.009s
OCG loop duration: 0.008s
OCGN loop duration: 0.007s
OCIO loop duration: 0.712s
OCS loop duration: 0.008s
OCSAW loop duration: 0.047s
OCSL loop duration: 0.007s
OCTB loop duration: 0.497s
OCTH loop duration: 0.523s
OCTJ loop duration: 0.595s
OCTM loop duration: 0.516s
OCTP loop duration: 0.534s
OCTT loop duration: 0.606s
OCTU loop duration: 0.557s
OCTW loop duration: 0.778s
OCTZ loop duration: 0.613s
OCUL loop duration: 0.008s
ODC loop duration: 0.044s
ODD loop duration: 0.007s
ODDS loop duration: 0.007s
ODFL loop duration: 0.043s
ODHY loop duration: 0.524s
ODV loop duration: 0.007s
ODVWZ loop duration: 0.006s
ODYS loop duration: 0.007s
OEC loop duration: 0.006s
OEF loop duration: 0.716s
OEFA loop duration: 0.323s
OEI loop duration: 0.505s
OESX loop duration: 0.006s
OFAL loop duration: 0.006s
OFG loop duration: 0.402s
OFIX loop duration: 0.007s
Scanned 7800/12092...
OFLX loop duration: 0.007s
OFRM loop duration: 0.005s
OFS loop duration: 0.006s
OFSSH loop duration: 0.536s
OFSSO loop duration: 0.244s
OGCP loop duration: 0.006s
OGE loop duration: 0.420s
OGEN loop duration: 0.007s
OGI loop duration: 0.007s
OGIG loop duration: 0.006s
OGN loop duration: 0.045s
OGS loop duration: 0.007s
OGSP loop duration: 0.488s
OHI loop duration: 0.397s
OI loop duration: 0.008s
OIA loop duration: 0.042s
OIH loop duration: 0.372s
OII loop duration: 0.672s
OILD loop duration: 0.007s
OILK loop duration: 0.316s
OILT loop duration: 0.006s
OILU loop duration: 0.006s
OIMAU loop duration: 0.503s
OIO loop duration: 0.007s
OIOWW loop duration: 0.007s
OIS loop duration: 0.006s
OKE loop duration: 0.007s
OKLL loop duration: 0.006s
OKLO loop duration: 0.007s
OKLS loop duration: 0.006s
OKTA loop duration: 0.006s
OKTG loop duration: 0.050s
OKUR loop duration: 0.007s
OKYO loop duration: 0.006s
OLB loop duration: 0.006s
OLED loop duration: 0.006s
OLLI loop duration: 0.006s
OLMA loop duration: 0.006s
OLN loop duration: 0.006s
OLOX loop duration: 0.046s
OLP loop duration: 0.008s
OLPX loop duration: 0.043s
OM loop duration: 0.007s
OMAB loop duration: 0.007s
OMAH loop duration: 0.347s
OMC loop duration: 0.006s
OMCL loop duration: 0.006s
OMDA loop duration: 0.006s
OMER loop duration: 0.006s
OMEX loop duration: 0.006s
OMF loop duration: 0.006s
OMFL loop duration: 0.629s
OMFS loop duration: 0.924s
OMSE loop duration: 0.006s
ON loop duration: 0.606s
ONB loop duration: 0.396s
ONBPO loop duration: 0.298s
ONBPP loop duration: 0.346s
ONC loop duration: 0.008s
ONCH loop duration: 0.240s
ONCHU loop duration: 0.007s
ONCHW loop duration: 0.007s
ONCO loop duration: 0.043s
ONCY loop duration: 0.008s
OND loop duration: 0.007s
ONDG loop duration: 0.006s
ONDL loop duration: 0.005s
ONDS loop duration: 0.006s
ONDU loop duration: 0.005s
ONEG loop duration: 0.006s
ONEH loop duration: 0.226s
ONEO loop duration: 0.565s
ONEQ loop duration: 0.602s
ONEV loop duration: 0.694s
ONEW loop duration: 0.006s
ONEY loop duration: 0.688s
ONEZ loop duration: 0.582s
ONFO loop duration: 0.008s
ONFOW loop duration: 0.007s
ONIT loop duration: 0.007s
ONL loop duration: 0.046s
ONLN loop duration: 0.320s
ONMD loop duration: 0.007s
ONMDW loop duration: 0.006s
ONOF loop duration: 0.577s
ONON loop duration: 0.007s
ONT loop duration: 0.007s
ONTO loop duration: 0.007s
OOMA loop duration: 0.007s
OOSP loop duration: 0.568s
OPAD loop duration: 0.007s
OPAL loop duration: 0.007s
OPBK loop duration: 0.007s
OPCH loop duration: 0.007s
OPEG loop duration: 0.006s
OPEN loop duration: 0.007s
Scanned 7900/12092...
OPENL loop duration: 0.006s
OPENW loop duration: 0.006s
OPENZ loop duration: 0.006s
OPER loop duration: 0.602s
OPEX loop duration: 0.006s
OPFI loop duration: 0.006s
OPHC loop duration: 0.519s
OPK loop duration: 0.007s
OPLN loop duration: 0.386s
OPP loop duration: 0.007s
OPPE loop duration: 0.703s
OPPJ loop duration: 0.334s
OPRA loop duration: 0.007s
OPRT loop duration: 0.007s
OPRX loop duration: 0.007s
OPTT loop duration: 0.007s
OPTU loop duration: 0.006s
OPTX loop duration: 0.391s
OPTXW loop duration: 0.050s
OPTZ loop duration: 0.705s
OPXS loop duration: 0.007s
OPY loop duration: 0.007s
OR loop duration: 0.007s
ORA loop duration: 0.612s
ORBS loop duration: 0.007s
ORC loop duration: 0.007s
ORCL loop duration: 0.008s
ORCS loop duration: 0.007s
ORCU loop duration: 0.044s
ORCX loop duration: 0.046s
ORGN loop duration: 0.008s
ORGNW loop duration: 0.007s
ORGO loop duration: 0.006s
ORI loop duration: 0.006s
ORIC loop duration: 0.007s
ORIO loop duration: 0.006s
ORIQ loop duration: 0.452s
ORIQU loop duration: 0.277s
ORIQW loop duration: 0.006s
ORIS loop duration: 0.007s
ORKA loop duration: 0.007s
ORKT loop duration: 0.007s
ORLA loop duration: 0.007s
ORLG loop duration: 0.006s
ORLY loop duration: 0.007s
ORMP loop duration: 0.007s
ORN loop duration: 0.008s
ORO loop duration: 0.236s
ORR loop duration: 0.242s
ORRF loop duration: 0.008s
OSBC loop duration: 0.367s
OSCG loop duration: 0.053s
OSCR loop duration: 0.044s
OSCV loop duration: 0.735s
OSCX loop duration: 0.046s
OSEA loop duration: 0.383s
OSG loop duration: 0.043s
OSIS loop duration: 0.008s
OSK loop duration: 0.007s
OSPN loop duration: 0.007s
OSRH loop duration: 0.006s
OSRHW loop duration: 0.006s
OSS loop duration: 0.715s
OST loop duration: 0.007s
OSTX loop duration: 0.007s
OSUR loop duration: 0.043s
OSW loop duration: 0.441s
OTEX loop duration: 0.007s
OTF loop duration: 0.006s
OTGA loop duration: 0.612s
OTGAU loop duration: 0.453s
OTGAW loop duration: 0.008s
OTGL loop duration: 0.234s
OTH loop duration: 0.007s
OTIS loop duration: 0.007s
OTLK loop duration: 0.043s
OTLY loop duration: 0.006s
OTTR loop duration: 0.041s
OUNZ loop duration: 0.007s
OUSA loop duration: 0.780s
OUSM loop duration: 0.595s
OUST loop duration: 0.266s
OUT loop duration: 0.345s
OVB loop duration: 0.042s
OVBC loop duration: 0.831s
OVF loop duration: 0.568s
OVID loop duration: 0.006s
OVL loop duration: 0.741s
OVLH loop duration: 0.608s
OVLY loop duration: 0.356s
OVM loop duration: 0.047s
OVS loop duration: 0.658s
OVT loop duration: 0.396s
OVV loop duration: 0.006s
OWL loop duration: 0.006s
OWLS loop duration: 0.006s
OWLT loop duration: 0.006s
Scanned 8000/12092...
OWNB loop duration: 0.006s
OWNS loop duration: 0.372s
OXBR loop duration: 0.007s
OXBRW loop duration: 0.006s
OXLC loop duration: 0.006s
OXLCG loop duration: 0.540s
OXLCI loop duration: 0.719s
OXLCL loop duration: 0.692s
OXLCN loop duration: 0.758s
OXLCO loop duration: 0.319s
OXLCP loop duration: 0.664s
OXLCZ loop duration: 0.632s
OXM loop duration: 0.007s
OXSQ loop duration: 0.006s
OXSQG loop duration: 0.278s
OXSQH loop duration: 0.007s
OXY loop duration: 0.006s
OYSE loop duration: 0.562s
OYSER loop duration: 0.009s
OYSEU loop duration: 0.009s
OZ loop duration: 0.008s
OZEM loop duration: 0.008s
OZK loop duration: 0.008s
OZKAP loop duration: 0.007s
P loop duration: 0.051s
PAA loop duration: 0.042s
PAAA loop duration: 0.521s
PAACU loop duration: 0.570s
PAAS loop duration: 0.007s
PAB loop duration: 0.372s
PABD loop duration: 0.539s
PABU loop duration: 0.801s
PAC loop duration: 0.007s
PACB loop duration: 0.007s
PACH loop duration: 0.506s
PACHU loop duration: 0.009s
PACHW loop duration: 0.007s
PACK loop duration: 0.044s
PACS loop duration: 0.008s
PAG loop duration: 0.007s
PAGP loop duration: 0.038s
PAGS loop duration: 0.007s
PAHC loop duration: 0.007s
PAI loop duration: 0.007s
PAII loop duration: 0.511s
PAL loop duration: 0.008s
PALC loop duration: 0.751s
PALD loop duration: 0.007s
PALI loop duration: 0.007s
PALL loop duration: 0.006s
PALOU loop duration: 0.239s
PALU loop duration: 0.316s
PAM loop duration: 0.009s
PAMC loop duration: 0.627s
PAMT loop duration: 0.042s
PANG loop duration: 0.267s
PANL loop duration: 0.007s
PANW loop duration: 0.043s
PAPI loop duration: 0.311s
PAPL loop duration: 0.007s
PAPR loop duration: 0.556s
PAR loop duration: 0.007s
PARK loop duration: 0.006s
PARR loop duration: 0.007s
PASG loop duration: 0.008s
PASW loop duration: 0.008s
PATH loop duration: 0.006s
PATK loop duration: 0.007s
PATN loop duration: 0.543s
PATX loop duration: 0.006s
PAUG loop duration: 0.787s
PAVE loop duration: 0.362s
PAVM loop duration: 0.007s
PAVS loop duration: 0.008s
PAWZ loop duration: 0.007s
PAX loop duration: 0.007s
PAXS loop duration: 0.007s
PAY loop duration: 0.006s
PAYC loop duration: 0.007s
PAYH loop duration: 0.504s
PAYM loop duration: 0.610s
PAYO loop duration: 0.007s
PAYR loop duration: 0.299s
PAYS loop duration: 0.008s
PAYX loop duration: 0.007s
PB loop duration: 0.007s
PBA loop duration: 0.341s
PBAP loop duration: 0.538s
PBAU loop duration: 0.515s
PBD loop duration: 0.637s
PBDC loop duration: 0.006s
PBDE loop duration: 0.498s
PBE loop duration: 0.373s
Scanned 8100/12092...
PBEU loop duration: 0.516s
PBF loop duration: 0.007s
PBFB loop duration: 0.532s
PBFR loop duration: 0.565s
PBFS loop duration: 0.601s
PBH loop duration: 0.007s
PBHC loop duration: 0.008s
PBI loop duration: 0.438s
PBJ loop duration: 0.431s
PBJA loop duration: 0.531s
PBJL loop duration: 0.491s
PBJN loop duration: 0.538s
PBL loop duration: 0.639s
PBM loop duration: 0.006s
PBMR loop duration: 0.667s
PBMWW loop duration: 0.007s
PBMY loop duration: 0.563s
PBNV loop duration: 0.549s
PBOC loop duration: 0.580s
PBOG loop duration: 0.006s
PBOT loop duration: 0.308s
PBP loop duration: 0.396s
PBPH loop duration: 0.006s
PBQQ loop duration: 0.637s
PBR loop duration: 0.008s
PBRG loop duration: 0.005s
PBSE loop duration: 0.568s
PBT loop duration: 0.037s
PBTP loop duration: 0.771s
PBUS loop duration: 0.993s
PBW loop duration: 0.585s
PBYI loop duration: 0.258s
PC loop duration: 0.007s
PCAP loop duration: 0.007s
PCAPU loop duration: 0.006s
PCAPW loop duration: 0.007s
PCAR loop duration: 0.007s
PCB loop duration: 0.647s
PCCE loop duration: 0.007s
PCEF loop duration: 0.644s
PCF loop duration: 0.007s
PCFI loop duration: 0.008s
PCG loop duration: 0.007s
PCGG loop duration: 0.008s
PCHI loop duration: 0.041s
PCI loop duration: 0.247s
PCIG loop duration: 0.007s
PCL loop duration: 0.006s
PCLA loop duration: 0.038s
PCLG loop duration: 0.007s
PCLN loop duration: 0.514s
PCLO loop duration: 0.264s
PCM loop duration: 0.008s
PCMM loop duration: 0.303s
PCN loop duration: 0.008s
PCOR loop duration: 0.008s
PCQ loop duration: 0.245s
PCR loop duration: 0.011s
PCRB loop duration: 0.293s
PCRX loop duration: 0.007s
PCS loop duration: 0.454s
PCSA loop duration: 0.007s
PCSC loop duration: 0.008s
PCT loop duration: 0.050s
PCTTU loop duration: 0.007s
PCTTW loop duration: 0.043s
PCTY loop duration: 0.007s
PCVX loop duration: 0.008s
PCY loop duration: 0.426s
PCYO loop duration: 0.008s
PD loop duration: 0.007s
PDBA loop duration: 0.043s
PDBC loop duration: 0.279s
PDC loop duration: 0.008s
PDCC loop duration: 0.007s
PDD loop duration: 0.007s
PDDL loop duration: 0.007s
PDEC loop duration: 0.689s
PDEX loop duration: 0.302s
PDFS loop duration: 0.007s
PDI loop duration: 0.007s
PDLB loop duration: 0.623s
PDM loop duration: 0.008s
PDN loop duration: 0.727s
PDO loop duration: 0.281s
PDP loop duration: 0.793s
PDPA loop duration: 0.302s
PDS loop duration: 0.007s
PDSB loop duration: 0.008s
PDT loop duration: 0.332s
PDX loop duration: 0.007s
PDYN loop duration: 0.052s
PDYNW loop duration: 0.007s
PEB loop duration: 0.580s
PEBK loop duration: 0.692s
PEBO loop duration: 0.501s
Scanned 8200/12092...
PECO loop duration: 0.589s
PED loop duration: 0.007s
PEG loop duration: 0.006s
PEGA loop duration: 0.006s
PEJ loop duration: 0.340s
PEMX loop duration: 0.641s
PEN loop duration: 0.007s
PENG loop duration: 0.575s
PENN loop duration: 0.008s
PEO loop duration: 0.007s
PEP loop duration: 0.007s
PEPG loop duration: 0.007s
PEPS loop duration: 0.719s
PERF loop duration: 0.007s
PERI loop duration: 0.007s
PESI loop duration: 0.007s
PETS loop duration: 0.006s
PETZ loop duration: 0.007s
PEVC loop duration: 0.533s
PEW loop duration: 0.007s
PEX loop duration: 0.006s
PEXL loop duration: 0.665s
PEY loop duration: 0.443s
PEZ loop duration: 0.007s
PFAI loop duration: 0.007s
PFBC loop duration: 0.448s
PFD loop duration: 0.446s
PFDE loop duration: 0.489s
PFE loop duration: 0.006s
PFEB loop duration: 0.494s
PFF loop duration: 0.396s
PFFA loop duration: 0.354s
PFFD loop duration: 0.043s
PFFL loop duration: 0.006s
PFFR loop duration: 0.006s
PFFV loop duration: 0.429s
PFG loop duration: 0.660s
PFGC loop duration: 0.007s
PFH loop duration: 0.006s
PFI loop duration: 0.344s
PFIG loop duration: 0.044s
PFIS loop duration: 0.708s
PFIX loop duration: 0.007s
PFL loop duration: 0.007s
PFLD loop duration: 0.340s
PFLT loop duration: 0.007s
PFM loop duration: 0.772s
PFN loop duration: 0.008s
PFO loop duration: 0.354s
PFOE loop duration: 0.006s
PFRL loop duration: 0.438s
PFS loop duration: 0.297s
PFSA loop duration: 0.006s
PFSI loop duration: 0.006s
PFUT loop duration: 0.304s
PFX loop duration: 0.007s
PFXF loop duration: 0.711s
PFXNZ loop duration: 0.807s
PG loop duration: 0.009s
PGAC loop duration: 0.555s
PGACR loop duration: 0.007s
PGACU loop duration: 0.540s
PGC loop duration: 0.616s
PGEN loop duration: 0.007s
PGF loop duration: 0.006s
PGHY loop duration: 0.552s
PGJ loop duration: 0.007s
PGNY loop duration: 0.041s
PGP loop duration: 0.294s
PGR loop duration: 0.007s
PGRI loop duration: 0.448s
PGRO loop duration: 0.646s
PGX loop duration: 0.006s
PGY loop duration: 0.006s
PGYWW loop duration: 0.006s
PGZ loop duration: 0.006s
PH loop duration: 0.006s
PHAR loop duration: 0.007s
PHAT loop duration: 0.006s
PHDG loop duration: 0.731s
PHEQ loop duration: 0.853s
PHG loop duration: 0.007s
PHGE loop duration: 0.045s
PHI loop duration: 0.007s
PHIN loop duration: 0.316s
PHIO loop duration: 0.007s
PHK loop duration: 0.007s
PHM loop duration: 0.007s
PHO loop duration: 0.007s
PHOE loop duration: 0.006s
PHR loop duration: 0.007s
PHUN loop duration: 0.007s
PHVS loop duration: 0.007s
PHYD loop duration: 0.365s
PHYL loop duration: 0.583s
PHYS loop duration: 0.007s
PI loop duration: 0.042s
PICB loop duration: 0.332s
PICK loop duration: 0.376s
Scanned 8300/12092...
PICS loop duration: 0.005s
PID loop duration: 0.386s
PIE loop duration: 0.612s
PIEL loop duration: 0.531s
PIEQ loop duration: 0.518s
PIFI loop duration: 0.539s
PII loop duration: 0.008s
PIII loop duration: 0.253s
PIIIW loop duration: 0.044s
PILL loop duration: 0.007s
PIM loop duration: 0.433s
PINE loop duration: 0.378s
PINK loop duration: 0.369s
PINS loop duration: 0.009s
PIO loop duration: 0.367s
PIPE loop duration: 0.329s
PIPR loop duration: 0.006s
PIT loop duration: 0.259s
PIZ loop duration: 0.426s
PJAN loop duration: 0.544s
PJBF loop duration: 0.528s
PJFG loop duration: 0.511s
PJFM loop duration: 0.349s
PJFV loop duration: 0.680s
PJIO loop duration: 0.567s
PJP loop duration: 0.673s
PJT loop duration: 0.008s
PJUL loop duration: 0.620s
PJUN loop duration: 0.712s
PK loop duration: 0.043s
PKB loop duration: 0.335s
PKBK loop duration: 0.786s
PKE loop duration: 0.355s
PKG loop duration: 0.007s
PKOH loop duration: 0.607s
PKW loop duration: 0.393s
PKX loop duration: 0.007s
PL loop duration: 0.548s
PLAB loop duration: 0.321s
PLAG loop duration: 0.007s
PLAY loop duration: 0.007s
PLBC loop duration: 0.624s
PLBL loop duration: 0.007s
PLBY loop duration: 0.006s
PLCE loop duration: 0.006s
PLD loop duration: 0.754s
PLDR loop duration: 0.565s
PLG loop duration: 0.007s
PLGI loop duration: 0.260s
PLGO loop duration: 0.008s
PLMK loop duration: 0.281s
PLMKU loop duration: 0.007s
PLMKW loop duration: 0.045s
PLMR loop duration: 0.007s
PLNT loop duration: 0.007s
PLOO loop duration: 0.005s
PLOW loop duration: 0.006s
PLPC loop duration: 0.652s
PLRX loop duration: 0.007s
PLRZ loop duration: 0.286s
PLSE loop duration: 0.042s
PLSM loop duration: 0.043s
PLTA loop duration: 0.006s
PLTD loop duration: 0.007s
PLTG loop duration: 0.006s
PLTI loop duration: 0.005s
PLTK loop duration: 0.006s
PLTM loop duration: 0.006s
PLTR loop duration: 0.006s
PLTS loop duration: 0.323s
PLTU loop duration: 0.007s
PLTW loop duration: 0.006s
PLTY loop duration: 0.006s
PLTZ loop duration: 0.006s
PLU loop duration: 0.268s
PLUG loop duration: 0.652s
PLUL loop duration: 0.594s
PLUR loop duration: 0.007s
PLUS loop duration: 0.044s
PLUT loop duration: 0.006s
PLX loop duration: 0.006s
PLXS loop duration: 0.576s
PLYX loop duration: 0.006s
PLYY loop duration: 0.006s
PM loop duration: 0.395s
PMAP loop duration: 0.621s
PMAR loop duration: 0.549s
PMAU loop duration: 0.442s
PMAX loop duration: 0.037s
PMAY loop duration: 0.667s
PMBS loop duration: 0.528s
PMCB loop duration: 0.008s
PMDE loop duration: 0.528s
PMEC loop duration: 0.007s
PMFB loop duration: 0.569s
PMI loop duration: 0.007s
PMIO loop duration: 0.558s
PMJA loop duration: 0.513s
Scanned 8400/12092...
PMJL loop duration: 0.604s
PMJN loop duration: 0.604s
PML loop duration: 0.007s
PMM loop duration: 0.430s
PMMF loop duration: 0.540s
PMMR loop duration: 0.807s
PMMY loop duration: 0.618s
PMN loop duration: 0.008s
PMNT loop duration: 0.008s
PMNV loop duration: 0.551s
PMO loop duration: 0.451s
PMOC loop duration: 0.464s
PMSE loop duration: 0.486s
PMT loop duration: 0.006s
PMTR loop duration: 0.243s
PMTRU loop duration: 0.007s
PMTRW loop duration: 0.045s
PMTS loop duration: 0.008s
PMTU loop duration: 0.359s
PMTV loop duration: 0.609s
PMTW loop duration: 0.631s
PMVP loop duration: 0.008s
PN loop duration: 0.046s
PNBK loop duration: 0.007s
PNC loop duration: 0.378s
PNFP loop duration: 0.008s
PNI loop duration: 0.048s
PNNT loop duration: 0.007s
PNOV loop duration: 0.677s
PNQI loop duration: 0.007s
PNR loop duration: 0.006s
PNRG loop duration: 0.006s
PNTG loop duration: 0.310s
PNW loop duration: 0.370s
POAS loop duration: 0.007s
POCI loop duration: 0.039s
POCT loop duration: 0.601s
PODC loop duration: 0.610s
PODD loop duration: 0.007s
POET loop duration: 0.046s
POLA loop duration: 0.007s
POLE loop duration: 0.560s
POLEU loop duration: 0.008s
POLEW loop duration: 0.254s
POM loop duration: 0.006s
PONX loop duration: 0.007s
PONY loop duration: 0.007s
POOL loop duration: 0.006s
POR loop duration: 0.292s
POST loop duration: 0.007s
POW loop duration: 0.007s
POWA loop duration: 0.333s
POWI loop duration: 0.753s
POWL loop duration: 0.007s
POWR loop duration: 0.395s
POWW loop duration: 0.047s
POWWP loop duration: 0.348s
PPA loop duration: 0.294s
PPBT loop duration: 0.007s
PPC loop duration: 0.006s
PPCB loop duration: 0.043s
PPEM loop duration: 0.007s
PPG loop duration: 0.007s
PPH loop duration: 0.006s
PPHC loop duration: 0.005s
PPI loop duration: 0.333s
PPIE loop duration: 0.357s
PPIH loop duration: 0.008s
PPL loop duration: 0.007s
PPLT loop duration: 0.008s
PPSI loop duration: 0.045s
PPT loop duration: 0.484s
PPTA loop duration: 0.008s
PPTY loop duration: 0.320s
PQAP loop duration: 0.475s
PQDI loop duration: 0.769s
PQJA loop duration: 0.664s
PQJL loop duration: 0.632s
PQNT loop duration: 0.580s
PQOC loop duration: 0.593s
PR loop duration: 0.007s
PRA loop duration: 0.733s
PRAA loop duration: 0.009s
PRAE loop duration: 0.662s
PRAX loop duration: 0.306s
PRAY loop duration: 0.629s
PRCH loop duration: 0.009s
PRCS loop duration: 0.613s
PRCT loop duration: 0.041s
PRDO loop duration: 0.007s
PRE loop duration: 0.006s
PREF loop duration: 0.755s
PRENW loop duration: 0.006s
Scanned 8500/12092...
PRF loop duration: 0.670s
PRFD loop duration: 0.044s
PRFX loop duration: 0.007s
PRFZ loop duration: 0.676s
PRG loop duration: 0.007s
PRGO loop duration: 0.007s
PRGS loop duration: 0.006s
PRH loop duration: 0.007s
PRHI loop duration: 0.007s
PRHIZ loop duration: 0.008s
PRI loop duration: 0.047s
PRIM loop duration: 0.008s
PRIV loop duration: 0.310s
PRK loop duration: 0.046s
PRKS loop duration: 0.047s
PRLB loop duration: 0.640s
PRLD loop duration: 0.007s
PRM loop duration: 0.353s
PRMB loop duration: 0.040s
PRME loop duration: 0.006s
PRMR loop duration: 0.522s
PRN loop duration: 0.859s
PRNT loop duration: 0.720s
PROF loop duration: 0.008s
PROK loop duration: 0.007s
PROP loop duration: 0.007s
PROV loop duration: 0.884s
PRPL loop duration: 0.007s
PRPO loop duration: 0.007s
PRQR loop duration: 0.006s
PRS loop duration: 0.006s
PRSD loop duration: 0.290s
PRSO loop duration: 0.007s
PRSU loop duration: 0.677s
PRT loop duration: 0.007s
PRTA loop duration: 0.007s
PRTH loop duration: 0.043s
PRTS loop duration: 0.352s
PRU loop duration: 0.007s
PRVA loop duration: 0.006s
PRVS loop duration: 0.625s
PRXG loop duration: 0.650s
PRXV loop duration: 0.654s
PRZO loop duration: 0.008s
PSA loop duration: 0.047s
PSBD loop duration: 0.007s
PSC loop duration: 0.583s
PSCC loop duration: 0.008s
PSCD loop duration: 0.007s
PSCE loop duration: 0.297s
PSCF loop duration: 0.732s
PSCH loop duration: 0.316s
PSCI loop duration: 0.518s
PSCJ loop duration: 0.630s
PSCM loop duration: 0.350s
PSCQ loop duration: 0.655s
PSCT loop duration: 0.770s
PSCU loop duration: 0.629s
PSCW loop duration: 0.646s
PSCX loop duration: 0.805s
PSDM loop duration: 0.548s
PSEC loop duration: 0.007s
PSEP loop duration: 0.549s
PSET loop duration: 0.321s
PSF loop duration: 0.296s
PSFD loop duration: 0.674s
PSFE loop duration: 0.008s
PSFF loop duration: 0.720s
PSFJ loop duration: 0.591s
PSFM loop duration: 0.684s
PSFO loop duration: 0.610s
PSH loop duration: 0.320s
PSHG loop duration: 0.008s
PSI loop duration: 0.687s
PSIG loop duration: 0.546s
PSIL loop duration: 0.365s
PSIX loop duration: 0.007s
PSK loop duration: 0.007s
PSKY loop duration: 0.006s
PSL loop duration: 0.292s
PSLV loop duration: 0.008s
PSMD loop duration: 0.632s
PSMJ loop duration: 0.635s
PSMO loop duration: 0.534s
PSMR loop duration: 0.596s
PSMT loop duration: 0.648s
PSN loop duration: 0.008s
PSNL loop duration: 0.052s
PSNY loop duration: 0.335s
PSNYW loop duration: 0.010s
PSO loop duration: 0.013s
PSP loop duration: 0.009s
PSQ loop duration: 0.007s
PSQA loop duration: 0.504s
PSQH loop duration: 0.007s
PSQO loop duration: 0.756s
PSR loop duration: 0.696s
Scanned 8600/12092...
PST loop duration: 0.385s
PSTL loop duration: 0.588s
PSTP loop duration: 0.740s
PSTR loop duration: 0.604s
PSTV loop duration: 0.008s
PSWD loop duration: 0.311s
PSX loop duration: 0.284s
PTA loop duration: 0.293s
PTBD loop duration: 0.320s
PTC loop duration: 0.007s
PTCT loop duration: 0.007s
PTEN loop duration: 0.007s
PTEU loop duration: 0.813s
PTF loop duration: 0.675s
PTGX loop duration: 0.321s
PTH loop duration: 0.338s
PTHS loop duration: 0.007s
PTIN loop duration: 0.753s
PTIR loop duration: 0.008s
PTL loop duration: 0.639s
PTLC loop duration: 0.631s
PTLE loop duration: 0.008s
PTLO loop duration: 0.007s
PTMC loop duration: 0.598s
PTN loop duration: 0.006s
PTNM loop duration: 0.006s
PTNQ loop duration: 0.702s
PTON loop duration: 0.008s
PTORU loop duration: 0.718s
PTRB loop duration: 0.377s
PTRN loop duration: 0.545s
PTY loop duration: 0.007s
PUBM loop duration: 0.007s
PUI loop duration: 0.044s
PUK loop duration: 0.008s
PULM loop duration: 0.006s
PULS loop duration: 0.590s
PULT loop duration: 0.698s
PUMP loop duration: 0.007s
PURR loop duration: 0.263s
PUSA loop duration: 0.006s
PUSH loop duration: 0.298s
PVAL loop duration: 0.536s
PVEX loop duration: 0.517s
PVH loop duration: 0.041s
PVI loop duration: 0.406s
PVL loop duration: 0.008s
PVLA loop duration: 0.007s
PW loop duration: 0.007s
PWB loop duration: 0.734s
PWER loop duration: 0.626s
PWP loop duration: 0.007s
PWR loop duration: 0.276s
PWRD loop duration: 0.366s
PWS loop duration: 0.365s
PWV loop duration: 0.636s
PWZ loop duration: 0.038s
PXE loop duration: 0.006s
PXED loop duration: 0.006s
PXF loop duration: 0.671s
PXH loop duration: 0.784s
PXI loop duration: 0.356s
PXJ loop duration: 0.426s
PXLW loop duration: 0.043s
PXS loop duration: 0.042s
PY loop duration: 0.677s
PYLD loop duration: 0.312s
PYPD loop duration: 0.044s
PYPG loop duration: 0.006s
PYPL loop duration: 0.006s
PYPY loop duration: 0.006s
PYT loop duration: 0.391s
PYXS loop duration: 0.008s
PYZ loop duration: 0.349s
PZA loop duration: 0.044s
PZG loop duration: 0.007s
PZT loop duration: 0.044s
PZZA loop duration: 0.007s
Q loop duration: 0.241s
QABA loop duration: 0.330s
QAI loop duration: 0.653s
QALT loop duration: 0.515s
QARP loop duration: 0.555s
QAT loop duration: 0.008s
QB loop duration: 0.662s
QBER loop duration: 0.042s
QBF loop duration: 0.007s
Scanned 8700/12092...
QBIG loop duration: 0.303s
QBSF loop duration: 0.529s
QBTS loop duration: 0.041s
QBTX loop duration: 0.038s
QBTZ loop duration: 0.006s
QBUF loop duration: 0.545s
QBUL loop duration: 0.009s
QBY loop duration: 0.007s
QCAP loop duration: 0.600s
QCJA loop duration: 0.508s
QCJL loop duration: 0.578s
QCLN loop duration: 0.698s
QCLR loop duration: 0.007s
QCLS loop duration: 0.007s
QCMD loop duration: 0.006s
QCML loop duration: 0.045s
QCMU loop duration: 0.048s
QCOC loop duration: 0.503s
QCOM loop duration: 0.464s
QCRH loop duration: 0.323s
QDEC loop duration: 0.797s
QDEF loop duration: 0.580s
QDEL loop duration: 0.007s
QDF loop duration: 0.687s
QDIV loop duration: 0.048s
QDPL loop duration: 0.583s
QDTE loop duration: 0.008s
QDTY loop duration: 0.007s
QDVO loop duration: 0.577s
QEFA loop duration: 0.690s
QEMM loop duration: 0.626s
QETA loop duration: 0.290s
QETAR loop duration: 0.008s
QETAU loop duration: 0.307s
QETH loop duration: 0.009s
QFHD loop duration: 0.007s
QFIN loop duration: 0.046s
QFLR loop duration: 0.494s
QFRD loop duration: 0.585s
QGEN loop duration: 0.007s
QGRD loop duration: 0.506s
QGRO loop duration: 0.643s
QGRW loop duration: 0.630s
QHDG loop duration: 0.589s
QHY loop duration: 0.432s
QID loop duration: 0.007s
QIDX loop duration: 0.640s
QIG loop duration: 0.464s
QINT loop duration: 0.557s
QIS loop duration: 0.007s
QJUN loop duration: 0.639s
QLC loop duration: 0.587s
QLD loop duration: 0.006s
QLDY loop duration: 0.252s
QLTA loop duration: 0.053s
QLTI loop duration: 0.282s
QLTY loop duration: 0.612s
QLV loop duration: 0.553s
QLVD loop duration: 0.373s
QLVE loop duration: 0.670s
QLYS loop duration: 0.007s
QMAG loop duration: 0.928s
QMAR loop duration: 0.642s
QMCO loop duration: 0.044s
QMFE loop duration: 0.588s
QMID loop duration: 0.315s
QMMY loop duration: 0.592s
QMNV loop duration: 0.534s
QMOM loop duration: 0.602s
QNCX loop duration: 0.008s
QNRX loop duration: 0.007s
QNST loop duration: 0.006s
QNTM loop duration: 0.042s
QNXT loop duration: 0.550s
QOWZ loop duration: 0.250s
QPUX loop duration: 0.041s
QPX loop duration: 0.690s
QQA loop duration: 0.668s
QQDN loop duration: 0.007s
QQEW loop duration: 0.617s
QQH loop duration: 0.573s
QQHG loop duration: 0.550s
QQLV loop duration: 0.320s
QQMG loop duration: 0.547s
QQQ loop duration: 0.832s
QQQA loop duration: 0.611s
QQQD loop duration: 0.009s
QQQE loop duration: 0.700s
QQQG loop duration: 0.599s
QQQH loop duration: 0.606s
Scanned 8800/12092...
QQQI loop duration: 0.555s
QQQJ loop duration: 0.578s
QQQM loop duration: 0.607s
QQQP loop duration: 0.596s
QQQS loop duration: 0.606s
QQQT loop duration: 0.327s
QQQU loop duration: 0.476s
QQQX loop duration: 0.711s
QQQY loop duration: 0.008s
QQUP loop duration: 0.337s
QQWZ loop duration: 0.552s
QQXL loop duration: 0.524s
QQXT loop duration: 0.374s
QRFT loop duration: 0.649s
QRHC loop duration: 0.006s
QRMI loop duration: 0.042s
QRVO loop duration: 0.038s
QS loop duration: 0.043s
QSEA loop duration: 0.496s
QSEAR loop duration: 0.041s
QSEAU loop duration: 0.489s
QSI loop duration: 0.041s
QSIAW loop duration: 0.007s
QSIG loop duration: 0.864s
QSIX loop duration: 0.593s
QSML loop duration: 0.633s
QSOL loop duration: 0.006s
QSPT loop duration: 0.703s
QSR loop duration: 0.373s
QSU loop duration: 0.042s
QTAC loop duration: 0.246s
QTAP loop duration: 0.621s
QTEC loop duration: 0.596s
QTEX loop duration: 0.046s
QTEXW loop duration: 0.044s
QTI loop duration: 0.007s
QTJA loop duration: 0.598s
QTJL loop duration: 0.727s
QTOC loop duration: 0.608s
QTOP loop duration: 0.609s
QTPI loop duration: 0.627s
QTR loop duration: 0.279s
QTRX loop duration: 0.007s
QTTB loop duration: 0.048s
QTUM loop duration: 0.605s
QTWO loop duration: 0.007s
QUAD loop duration: 0.007s
QUAL loop duration: 0.785s
QUBT loop duration: 0.047s
QUBX loop duration: 0.043s
QUCY loop duration: 0.046s
QUIK loop duration: 0.682s
QUIZ loop duration: 0.531s
QULL loop duration: 0.607s
QUMS loop duration: 0.475s
QUMSR loop duration: 0.008s
QUMSU loop duration: 0.448s
QURE loop duration: 0.045s
QUS loop duration: 0.610s
QUSA loop duration: 0.007s
QVAL loop duration: 0.284s
QVML loop duration: 0.634s
QVMM loop duration: 0.678s
QVMS loop duration: 0.741s
QVMT loop duration: 0.755s
QVOY loop duration: 0.648s
QWLD loop duration: 0.666s
QXL loop duration: 0.046s
QXO loop duration: 0.009s
QXQ loop duration: 0.710s
QYLD loop duration: 0.463s
QYLG loop duration: 0.087s
R loop duration: 0.999s
RA loop duration: 0.305s
RAA loop duration: 0.702s
RAAA loop duration: 0.645s
RAAQ loop duration: 0.008s
RAAQU loop duration: 0.248s
RAAQW loop duration: 0.044s
RAAR loop duration: 0.529s
RAAX loop duration: 0.388s
RAAY loop duration: 0.486s
RAC loop duration: 0.600s
RACE loop duration: 0.007s
RADX loop duration: 0.006s
RAFE loop duration: 0.602s
RAIL loop duration: 0.007s
RAIN loop duration: 0.007s
RAINW loop duration: 0.007s
RAL loop duration: 0.489s
RAMP loop duration: 0.392s
RAND loop duration: 0.008s
RANG loop duration: 0.560s
RANGR loop duration: 0.008s
RANGU loop duration: 0.037s
RANI loop duration: 0.007s
RAPP loop duration: 0.697s
Scanned 8900/12092...
RARE loop duration: 0.007s
RAUS loop duration: 0.613s
RAVE loop duration: 0.008s
RAVI loop duration: 0.709s
RAY loop duration: 0.036s
RAYA loop duration: 0.008s
RAYJ loop duration: 0.312s
RB loop duration: 0.576s
RBA loop duration: 0.008s
RBB loop duration: 0.323s
RBBN loop duration: 0.039s
RBC loop duration: 0.007s
RBCAA loop duration: 0.909s
RBIL loop duration: 0.353s
RBKB loop duration: 0.006s
RBLD loop duration: 0.774s
RBLU loop duration: 0.008s
RBLX loop duration: 0.007s
RBLY loop duration: 0.007s
RBNE loop duration: 0.007s
RBRK loop duration: 0.092s
RBUF loop duration: 0.641s
RC loop duration: 0.007s
RCAT loop duration: 0.007s
RCAX loop duration: 0.005s
RCD loop duration: 0.007s
RCEL loop duration: 0.007s
RCG loop duration: 0.006s
RCGE loop duration: 0.598s
RCI loop duration: 0.007s
RCKT loop duration: 0.007s
RCKTW loop duration: 0.007s
RCKY loop duration: 0.007s
RCL loop duration: 0.007s
RCLO loop duration: 0.510s
RCLR loop duration: 0.489s
RCLY loop duration: 0.583s
RCMT loop duration: 0.007s
RCON loop duration: 0.007s
RCS loop duration: 0.006s
RCT loop duration: 0.006s
RCTR loop duration: 0.300s
RCUS loop duration: 0.007s
RDAC loop duration: 0.007s
RDACR loop duration: 0.007s
RDACU loop duration: 0.007s
RDAG loop duration: 0.290s
RDAGU loop duration: 0.007s
RDAGW loop duration: 0.264s
RDCM loop duration: 0.008s
RDDT loop duration: 0.007s
RDFI loop duration: 0.042s
RDGT loop duration: 0.007s
RDHL loop duration: 0.007s
RDI loop duration: 0.006s
RDIB loop duration: 0.007s
RDIV loop duration: 0.307s
RDN loop duration: 0.407s
RDNT loop duration: 0.007s
RDNW loop duration: 0.719s
RDOG loop duration: 0.360s
RDTE loop duration: 0.008s
RDTL loop duration: 0.007s
RDTY loop duration: 0.007s
RDVI loop duration: 0.611s
RDVT loop duration: 0.044s
RDVY loop duration: 0.613s
RDW loop duration: 0.048s
RDWR loop duration: 0.306s
RDWU loop duration: 0.330s
RDY loop duration: 0.008s
RDYY loop duration: 0.006s
RDZN loop duration: 0.007s
RDZNW loop duration: 0.045s
REAI loop duration: 0.354s
REAL loop duration: 0.007s
REAX loop duration: 0.007s
REBN loop duration: 0.011s
RECS loop duration: 0.642s
RECT loop duration: 0.008s
REE loop duration: 0.007s
REED loop duration: 0.006s
REET loop duration: 0.645s
REFA loop duration: 0.335s
REFI loop duration: 0.008s
REFR loop duration: 0.007s
REG loop duration: 0.425s
REGCO loop duration: 0.267s
REGCP loop duration: 0.302s
REGL loop duration: 0.325s
REGN loop duration: 0.007s
REI loop duration: 0.008s
REIT loop duration: 0.612s
REK loop duration: 0.007s
REKR loop duration: 0.006s
RELL loop duration: 0.048s
RELX loop duration: 0.007s
RELY loop duration: 0.007s
Scanned 9000/12092...
REM loop duration: 0.006s
REMC loop duration: 0.477s
REMG loop duration: 0.591s
REMX loop duration: 0.008s
RENT loop duration: 0.008s
RENX loop duration: 0.007s
REPL loop duration: 0.044s
REPX loop duration: 0.006s
RERE loop duration: 0.006s
RES loop duration: 0.006s
RESM loop duration: 0.511s
RETL loop duration: 0.007s
RETO loop duration: 0.044s
REVB loop duration: 0.007s
REVS loop duration: 0.731s
REW loop duration: 0.007s
REX loop duration: 0.007s
REXR loop duration: 0.007s
REYN loop duration: 0.007s
REZ loop duration: 0.856s
REZI loop duration: 0.007s
RF loop duration: 0.007s
RFAI loop duration: 0.572s
RFAIR loop duration: 0.007s
RFAIU loop duration: 0.351s
RFAMU loop duration: 0.248s
RFCI loop duration: 0.474s
RFDA loop duration: 0.682s
RFDI loop duration: 0.463s
RFEM loop duration: 0.591s
RFFC loop duration: 0.562s
RFG loop duration: 0.713s
RFI loop duration: 0.006s
RFIL loop duration: 0.601s
RFIX loop duration: 0.006s
RFL loop duration: 0.006s
RFLR loop duration: 0.529s
RFM loop duration: 0.042s
RFMZ loop duration: 0.039s
RFV loop duration: 0.606s
RGA loop duration: 0.006s
RGCO loop duration: 0.334s
RGEF loop duration: 0.600s
RGEN loop duration: 0.007s
RGLD loop duration: 0.007s
RGLO loop duration: 0.533s
RGNT loop duration: 0.006s
RGNX loop duration: 0.006s
RGP loop duration: 0.006s
RGR loop duration: 0.007s
RGS loop duration: 0.044s
RGT loop duration: 0.360s
RGTI loop duration: 0.043s
RGTIW loop duration: 0.043s
RGTU loop duration: 0.037s
RGTX loop duration: 0.043s
RGTZ loop duration: 0.006s
RGYY loop duration: 0.006s
RH loop duration: 0.007s
RHI loop duration: 0.006s
RHLD loop duration: 0.006s
RHP loop duration: 0.374s
RHRX loop duration: 0.838s
RHTX loop duration: 0.622s
RIBB loop duration: 0.279s
RIBBR loop duration: 0.008s
RIBBU loop duration: 0.008s
RICK loop duration: 0.007s
RIET loop duration: 0.044s
RIFR loop duration: 0.268s
RIG loop duration: 0.006s
RIGL loop duration: 0.006s
RIGS loop duration: 0.460s
RILA loop duration: 0.336s
RILY loop duration: 0.046s
RILYG loop duration: 0.640s
RILYL loop duration: 0.045s
RILYN loop duration: 0.623s
RILYP loop duration: 0.045s
RILYT loop duration: 0.422s
RILYZ loop duration: 0.341s
RIME loop duration: 0.007s
RINF loop duration: 0.361s
RING loop duration: 0.006s
RINT loop duration: 0.577s
RIO loop duration: 0.359s
RIOT loop duration: 0.639s
RIOX loop duration: 0.602s
RISN loop duration: 0.292s
RISR loop duration: 0.046s
RITA loop duration: 0.337s
RITM loop duration: 0.006s
RITR loop duration: 0.007s
RIV loop duration: 0.007s
RIVN loop duration: 0.006s
Scanned 9100/12092...
RJDI loop duration: 0.520s
RJET loop duration: 0.045s
RJF loop duration: 0.008s
RJMI loop duration: 0.271s
RJVI loop duration: 0.259s
RKDA loop duration: 0.008s
RKLB loop duration: 0.603s
RKLX loop duration: 0.043s
RKLZ loop duration: 0.007s
RKNG loop duration: 0.559s
RKT loop duration: 0.008s
RKTL loop duration: 0.006s
RL loop duration: 0.043s
RLAY loop duration: 0.007s
RLGT loop duration: 0.292s
RLI loop duration: 0.007s
RLJ loop duration: 0.323s
RLMD loop duration: 0.007s
RLTY loop duration: 0.044s
RLX loop duration: 0.009s
RLY loop duration: 0.311s
RLYB loop duration: 0.363s
RM loop duration: 0.007s
RMAX loop duration: 0.006s
RMBI loop duration: 0.284s
RMBS loop duration: 0.355s
RMCA loop duration: 0.304s
RMCF loop duration: 0.007s
RMCO loop duration: 0.007s
RMCOW loop duration: 0.007s
RMD loop duration: 0.006s
RMI loop duration: 0.319s
RMIF loop duration: 0.352s
RMIX loop duration: 0.007s
RMM loop duration: 0.045s
RMME loop duration: 0.260s
RMMZ loop duration: 0.044s
RMNI loop duration: 0.007s
RMNY loop duration: 0.042s
RMOP loop duration: 0.295s
RMR loop duration: 0.042s
RMSG loop duration: 0.007s
RMSGW loop duration: 0.006s
RMT loop duration: 0.890s
RMTI loop duration: 0.010s
RNA loop duration: 0.008s
RNAC loop duration: 0.008s
RNAZ loop duration: 0.008s
RND loop duration: 0.537s
RNEM loop duration: 0.373s
RNG loop duration: 0.007s
RNGR loop duration: 0.006s
RNGT loop duration: 0.552s
RNGTU loop duration: 0.234s
RNGTW loop duration: 0.007s
RNIN loop duration: 0.499s
RNP loop duration: 0.008s
RNR loop duration: 0.006s
RNRG loop duration: 0.406s
RNST loop duration: 0.357s
RNTX loop duration: 0.007s
RNTY loop duration: 0.339s
RNW loop duration: 0.047s
RNWWW loop duration: 0.036s
RNWZ loop duration: 0.376s
RNXT loop duration: 0.006s
ROAD loop duration: 0.006s
ROAM loop duration: 0.670s
ROBN loop duration: 0.008s
ROBO loop duration: 0.647s
ROBT loop duration: 0.699s
ROC loop duration: 0.006s
ROCK loop duration: 0.007s
RODM loop duration: 1.086s
ROE loop duration: 0.610s
ROG loop duration: 0.794s
ROIV loop duration: 0.008s
ROK loop duration: 0.839s
ROKT loop duration: 0.626s
ROKU loop duration: 0.620s
ROL loop duration: 0.007s
ROLR loop duration: 0.008s
ROM loop duration: 0.614s
ROMA loop duration: 0.007s
ROMO loop duration: 0.419s
RONB loop duration: 0.366s
ROOT loop duration: 0.008s
ROP loop duration: 0.008s
ROPE loop duration: 0.543s
ROSC loop duration: 0.609s
ROST loop duration: 0.327s
ROUS loop duration: 0.603s
RPAR loop duration: 0.522s
RPAY loop duration: 0.008s
RPC loop duration: 0.007s
RPD loop duration: 0.007s
Scanned 9200/12092...
RPG loop duration: 0.741s
RPGL loop duration: 0.006s
RPHS loop duration: 0.369s
RPID loop duration: 0.008s
RPM loop duration: 0.007s
RPRX loop duration: 0.794s
RPT loop duration: 0.008s
RPV loop duration: 0.617s
RQI loop duration: 0.346s
RR loop duration: 0.043s
RRBI loop duration: 0.466s
RRC loop duration: 0.007s
RRGB loop duration: 0.045s
RRR loop duration: 0.009s
RRX loop duration: 0.008s
RS loop duration: 0.770s
RSBA loop duration: 0.316s
RSBT loop duration: 0.486s
RSBY loop duration: 0.045s
RSDE loop duration: 0.386s
RSEE loop duration: 0.607s
RSF loop duration: 0.318s
RSG loop duration: 0.007s
RSHO loop duration: 0.660s
RSI loop duration: 0.300s
RSJN loop duration: 0.566s
RSKD loop duration: 0.008s
RSMC loop duration: 0.270s
RSMR loop duration: 0.717s
RSMV loop duration: 0.946s
RSP loop duration: 1.048s
RSPA loop duration: 0.518s
RSPC loop duration: 0.296s
RSPD loop duration: 0.008s
RSPE loop duration: 0.631s
RSPF loop duration: 0.302s
RSPG loop duration: 0.301s
RSPH loop duration: 0.306s
RSPM loop duration: 0.047s
RSPN loop duration: 0.405s
RSPR loop duration: 0.405s
RSPS loop duration: 0.008s
RSPT loop duration: 0.622s
RSPU loop duration: 0.296s
RSSB loop duration: 0.555s
RSSE loop duration: 0.505s
RSSL loop duration: 0.582s
RSSS loop duration: 0.007s
RSST loop duration: 0.556s
RSSX loop duration: 0.007s
RSSY loop duration: 0.506s
RSVR loop duration: 0.528s
RSVRW loop duration: 0.007s
RTAC loop duration: 0.007s
RTACU loop duration: 0.007s
RTACW loop duration: 0.007s
RTAI loop duration: 0.046s
RTB loop duration: 0.007s
RTH loop duration: 0.469s
RTO loop duration: 0.315s
RTRE loop duration: 0.300s
RTX loop duration: 0.008s
RTXG loop duration: 0.006s
RTYY loop duration: 0.005s
RUBI loop duration: 0.007s
RULE loop duration: 0.599s
RUM loop duration: 0.038s
RUMBW loop duration: 0.042s
RUN loop duration: 0.038s
RUNN loop duration: 0.422s
RUSC loop duration: 0.532s
RUSHA loop duration: 0.434s
RUSHB loop duration: 0.008s
RVER loop duration: 0.388s
RVLV loop duration: 0.008s
RVMD loop duration: 0.559s
RVMDW loop duration: 0.299s
RVNL loop duration: 0.008s
RVNU loop duration: 0.045s
RVP loop duration: 0.007s
RVSB loop duration: 0.039s
RVSN loop duration: 0.007s
RVSNW loop duration: 0.007s
RVT loop duration: 0.895s
RVTY loop duration: 0.008s
RW loop duration: 0.247s
RWAY loop duration: 0.007s
RWAYI loop duration: 0.006s
RWAYL loop duration: 0.292s
RWEM loop duration: 0.557s
RWJ loop duration: 0.727s
RWK loop duration: 0.620s
RWL loop duration: 0.868s
RWLC loop duration: 0.370s
Scanned 9300/12092...
RWM loop duration: 0.007s
RWO loop duration: 0.702s
RWR loop duration: 0.712s
RWT loop duration: 0.007s
RWTN loop duration: 0.320s
RWTO loop duration: 0.380s
RWTP loop duration: 0.322s
RWTQ loop duration: 0.367s
RWX loop duration: 0.428s
RXD loop duration: 0.006s
RXI loop duration: 0.522s
RXL loop duration: 0.007s
RXO loop duration: 0.040s
RXRX loop duration: 0.006s
RXST loop duration: 0.007s
RXT loop duration: 0.038s
RY loop duration: 0.749s
RYAAY loop duration: 0.007s
RYAM loop duration: 0.007s
RYAN loop duration: 0.006s
RYDE loop duration: 0.008s
RYET loop duration: 0.006s
RYLD loop duration: 0.418s
RYLG loop duration: 0.044s
RYM loop duration: 0.008s
RYN loop duration: 0.008s
RYOJ loop duration: 0.043s
RYTM loop duration: 0.007s
RYZ loop duration: 0.330s
RZB loop duration: 0.613s
RZC loop duration: 0.345s
RZG loop duration: 0.583s
RZLT loop duration: 0.008s
RZLV loop duration: 0.007s
RZLVW loop duration: 0.007s
RZV loop duration: 0.654s
S loop duration: 0.038s
SA loop duration: 0.007s
SAA loop duration: 0.699s
SAAQU loop duration: 0.528s
SABA loop duration: 0.440s
SABR loop duration: 0.008s
SABS loop duration: 0.008s
SABSW loop duration: 0.008s
SAC loop duration: 0.456s
SACH loop duration: 0.008s
SAEF loop duration: 0.641s
SAFE loop duration: 0.007s
SAFT loop duration: 0.006s
SAFX loop duration: 0.006s
SAGP loop duration: 0.376s
SAGT loop duration: 0.008s
SAH loop duration: 0.302s
SAIA loop duration: 0.042s
SAIC loop duration: 0.007s
SAIH loop duration: 0.006s
SAIHW loop duration: 0.006s
SAIL loop duration: 0.045s
SAJ loop duration: 0.042s
SAM loop duration: 0.008s
SAMG loop duration: 0.008s
SAMM loop duration: 0.573s
SAMT loop duration: 0.690s
SAN loop duration: 0.552s
SANA loop duration: 0.007s
SANG loop duration: 0.007s
SANM loop duration: 0.626s
SAP loop duration: 0.008s
SAPH loop duration: 0.007s
SAR loop duration: 0.008s
SARK loop duration: 0.007s
SARO loop duration: 0.008s
SAT loop duration: 0.334s
SATA loop duration: 0.443s
SATG loop duration: 0.006s
SATL loop duration: 0.043s
SATLW loop duration: 0.041s
SATO loop duration: 0.007s
SATS loop duration: 0.007s
SAUG loop duration: 0.590s
SAV loop duration: 0.277s
SAWG loop duration: 0.587s
SAWS loop duration: 0.583s
SAY loop duration: 0.306s
SAZ loop duration: 0.038s
SB loop duration: 0.006s
SBAC loop duration: 0.006s
SBAR loop duration: 0.294s
SBB loop duration: 0.007s
SBC loop duration: 0.007s
SBCF loop duration: 0.007s
SBCWW loop duration: 0.007s
SBET loop duration: 0.007s
SBEV loop duration: 0.007s
SBFG loop duration: 0.300s
SBFM loop duration: 0.007s
Scanned 9400/12092...
SBFMW loop duration: 0.007s
SBGI loop duration: 0.006s
SBH loop duration: 0.006s
SBI loop duration: 0.598s
SBIL loop duration: 0.310s
SBIO loop duration: 0.285s
SBIT loop duration: 0.007s
SBLK loop duration: 0.768s
SBND loop duration: 0.547s
SBR loop duration: 0.007s
SBRA loop duration: 0.437s
SBS loop duration: 0.007s
SBSI loop duration: 0.045s
SBSW loop duration: 0.008s
SBTU loop duration: 0.006s
SBU loop duration: 0.007s
SBUX loop duration: 0.041s
SBXD loop duration: 0.299s
SBXE loop duration: 0.613s
SCAG loop duration: 0.006s
SCAGW loop duration: 0.006s
SCAP loop duration: 0.654s
SCC loop duration: 0.007s
SCCD loop duration: 0.663s
SCCE loop duration: 0.631s
SCCF loop duration: 0.681s
SCCG loop duration: 0.265s
SCCO loop duration: 0.008s
SCCR loop duration: 0.321s
SCD loop duration: 0.008s
SCDL loop duration: 0.660s
SCDS loop duration: 0.554s
SCDV loop duration: 0.623s
SCEC loop duration: 0.373s
SCEP loop duration: 0.507s
SCHA loop duration: 0.050s
SCHB loop duration: 0.042s
SCHC loop duration: 0.717s
SCHD loop duration: 0.046s
SCHE loop duration: 0.629s
SCHF loop duration: 0.046s
SCHG loop duration: 0.042s
SCHH loop duration: 0.577s
SCHI loop duration: 0.042s
SCHJ loop duration: 0.042s
SCHK loop duration: 0.047s
SCHL loop duration: 0.684s
SCHM loop duration: 0.038s
SCHO loop duration: 0.037s
SCHP loop duration: 0.048s
SCHQ loop duration: 0.007s
SCHR loop duration: 0.045s
SCHV loop duration: 0.040s
SCHW loop duration: 0.007s
SCHX loop duration: 0.043s
SCHY loop duration: 0.420s
SCHZ loop duration: 0.046s
SCI loop duration: 0.007s
SCII loop duration: 0.504s
SCIIR loop duration: 0.006s
SCIIU loop duration: 0.439s
SCIO loop duration: 0.310s
SCJ loop duration: 0.642s
SCKT loop duration: 0.007s
SCL loop duration: 0.007s
SCLS loop duration: 0.366s
SCLX loop duration: 0.008s
SCLXW loop duration: 0.007s
SCLZ loop duration: 0.622s
SCM loop duration: 0.007s
SCMB loop duration: 0.046s
SCMC loop duration: 0.472s
SCNI loop duration: 0.006s
SCNM loop duration: 0.242s
SCNX loop duration: 0.007s
SCO loop duration: 0.007s
SCOR loop duration: 0.006s
SCOW loop duration: 0.234s
SCPQ loop duration: 0.441s
SCPQU loop duration: 0.311s
SCPQW loop duration: 0.268s
SCSC loop duration: 0.041s
SCUS loop duration: 0.284s
SCVL loop duration: 0.007s
SCWO loop duration: 0.007s
SCYB loop duration: 0.037s
SCYX loop duration: 0.008s
SCZ loop duration: 0.751s
SCZM loop duration: 0.006s
SD loop duration: 0.007s
SDA loop duration: 0.007s
SDAWW loop duration: 0.006s
SDCI loop duration: 0.485s
SDCP loop duration: 0.269s
Scanned 9500/12092...
SDD loop duration: 0.007s
SDEM loop duration: 0.369s
SDEV loop duration: 0.009s
SDFI loop duration: 0.578s
SDG loop duration: 0.431s
SDGR loop duration: 0.007s
SDHC loop duration: 0.006s
SDHI loop duration: 0.493s
SDHIR loop duration: 0.007s
SDHIU loop duration: 0.311s
SDHY loop duration: 0.342s
SDIV loop duration: 0.380s
SDMF loop duration: 0.601s
SDOG loop duration: 0.852s
SDOT loop duration: 0.059s
SDOW loop duration: 0.007s
SDP loop duration: 0.007s
SDRL loop duration: 0.006s
SDS loop duration: 0.006s
SDSI loop duration: 0.584s
SDST loop duration: 0.008s
SDSTW loop duration: 0.007s
SDTY loop duration: 0.007s
SDVD loop duration: 0.402s
SDVY loop duration: 0.628s
SDY loop duration: 0.045s
SE loop duration: 0.008s
SEA loop duration: 0.342s
SEAT loop duration: 0.044s
SEATW loop duration: 0.007s
SEB loop duration: 0.007s
SECR loop duration: 0.377s
SECT loop duration: 0.589s
SECU loop duration: 0.527s
SEDG loop duration: 0.271s
SEED loop duration: 0.007s
SEEM loop duration: 0.663s
SEER loop duration: 0.008s
SEF loop duration: 0.007s
SEG loop duration: 0.007s
SEGG loop duration: 0.044s
SEI loop duration: 0.007s
SEIC loop duration: 0.489s
SEIE loop duration: 0.742s
SEIM loop duration: 0.545s
SEIQ loop duration: 0.570s
SEIS loop duration: 0.617s
SEIV loop duration: 0.611s
SEIX loop duration: 0.388s
SELF loop duration: 0.007s
SELV loop duration: 0.042s
SELX loop duration: 0.007s
SEM loop duration: 0.045s
SEMG loop duration: 0.296s
SEMI loop duration: 0.600s
SEMY loop duration: 0.006s
SENEA loop duration: 0.007s
SENEB loop duration: 0.006s
SENS loop duration: 0.006s
SEPI loop duration: 0.525s
SEPM loop duration: 0.822s
SEPN loop duration: 0.041s
SEPP loop duration: 0.549s
SEPT loop duration: 0.508s
SEPU loop duration: 0.554s
SEPW loop duration: 0.620s
SEPZ loop duration: 0.648s
SER loop duration: 0.007s
SERA loop duration: 0.007s
SERV loop duration: 0.007s
SES loop duration: 0.042s
SETH loop duration: 0.007s
SETM loop duration: 0.006s
SEV loop duration: 0.005s
SEVN loop duration: 0.006s
SEZL loop duration: 0.044s
SF loop duration: 0.007s
SFB loop duration: 0.007s
SFBC loop duration: 0.006s
SFBS loop duration: 0.006s
SFD loop duration: 0.007s
SFEB loop duration: 0.615s
SFGV loop duration: 0.707s
SFHG loop duration: 0.009s
SFIX loop duration: 0.007s
SFL loop duration: 0.008s
SFLO loop duration: 0.925s
SFLR loop duration: 0.561s
SFM loop duration: 0.044s
SFNC loop duration: 0.047s
SFST loop duration: 0.283s
SFTX loop duration: 0.520s
SFTY loop duration: 0.549s
SFWL loop duration: 0.007s
SFY loop duration: 0.672s
SFYF loop duration: 0.530s
SG loop duration: 0.042s
SGA loop duration: 0.007s
SGC loop duration: 0.007s
SGDJ loop duration: 0.007s
Scanned 9600/12092...
SGDM loop duration: 0.006s
SGHC loop duration: 0.007s
SGHT loop duration: 0.042s
SGI loop duration: 0.007s
SGLC loop duration: 0.605s
SGLY loop duration: 0.007s
SGML loop duration: 0.007s
SGMT loop duration: 0.007s
SGOL loop duration: 0.007s
SGOV loop duration: 0.788s
SGP loop duration: 0.007s
SGRP loop duration: 0.008s
SGRT loop duration: 0.535s
SGRW loop duration: 0.490s
SGRY loop duration: 0.008s
SGU loop duration: 0.440s
SGVT loop duration: 0.546s
SH loop duration: 0.007s
SHAG loop duration: 0.694s
SHAK loop duration: 0.287s
SHAZ loop duration: 0.267s
SHBI loop duration: 0.377s
SHC loop duration: 0.007s
SHDG loop duration: 0.728s
SHE loop duration: 0.789s
SHEH loop duration: 0.007s
SHEL loop duration: 0.006s
SHEN loop duration: 0.044s
SHFS loop duration: 0.008s
SHFSW loop duration: 0.007s
SHG loop duration: 0.006s
SHIM loop duration: 0.007s
SHIP loop duration: 0.006s
SHLD loop duration: 0.006s
SHLS loop duration: 0.690s
SHM loop duration: 0.630s
SHMD loop duration: 0.007s
SHMDW loop duration: 0.040s
SHNY loop duration: 0.007s
SHO loop duration: 0.046s
SHOC loop duration: 0.564s
SHOO loop duration: 0.008s
SHOP loop duration: 0.009s
SHPP loop duration: 0.669s
SHPU loop duration: 0.007s
SHRT loop duration: 0.008s
SHRY loop duration: 0.312s
SHUS loop duration: 0.655s
SHV loop duration: 0.600s
SHW loop duration: 0.007s
SHY loop duration: 0.815s
SHYD loop duration: 0.665s
SHYG loop duration: 0.330s
SHYL loop duration: 0.298s
SHYM loop duration: 0.404s
SI loop duration: 0.042s
SIBN loop duration: 0.007s
SID loop duration: 0.007s
SIDU loop duration: 0.284s
SIEB loop duration: 0.008s
SIF loop duration: 0.657s
SIFI loop duration: 0.306s
SIFY loop duration: 0.354s
SIG loop duration: 0.007s
SIGA loop duration: 0.006s
SIGI loop duration: 0.045s
SIGIP loop duration: 0.008s
SIHY loop duration: 0.317s
SII loop duration: 0.007s
SIJ loop duration: 0.007s
SIL loop duration: 0.007s
SILA loop duration: 0.693s
SILC loop duration: 0.043s
SILJ loop duration: 0.006s
SILO loop duration: 0.007s
SIM loop duration: 0.006s
SIMA loop duration: 0.007s
SIMAU loop duration: 0.007s
SIMAW loop duration: 0.007s
SIMO loop duration: 0.829s
SIMS loop duration: 0.569s
SINT loop duration: 0.007s
SIO loop duration: 0.329s
SION loop duration: 0.008s
SIOO loop duration: 0.533s
SIRI loop duration: 0.741s
SITC loop duration: 0.007s
SITE loop duration: 0.007s
SITM loop duration: 0.044s
SIVR loop duration: 0.007s
SIXA loop duration: 0.598s
SIXD loop duration: 0.535s
SIXF loop duration: 0.786s
SIXH loop duration: 0.600s
SIXJ loop duration: 0.873s
SIXL loop duration: 0.460s
SIXO loop duration: 0.545s
SIXP loop duration: 0.508s
SIXS loop duration: 0.619s
SIXZ loop duration: 0.508s
Scanned 9700/12092...
SIZE loop duration: 0.547s
SJ loop duration: 0.008s
SJB loop duration: 0.042s
SJCP loop duration: 0.580s
SJLD loop duration: 0.561s
SJM loop duration: 0.009s
SJNK loop duration: 0.352s
SJT loop duration: 0.007s
SKBL loop duration: 0.007s
SKE loop duration: 0.007s
SKF loop duration: 0.007s
SKIL loop duration: 0.007s
SKIN loop duration: 0.006s
SKK loop duration: 0.042s
SKLZ loop duration: 0.041s
SKM loop duration: 0.431s
SKOR loop duration: 0.758s
SKRE loop duration: 0.007s
SKT loop duration: 0.432s
SKWD loop duration: 0.007s
SKY loop duration: 0.007s
SKYA loop duration: 0.225s
SKYE loop duration: 0.007s
SKYH loop duration: 0.007s
SKYQ loop duration: 0.006s
SKYT loop duration: 0.625s
SKYU loop duration: 0.042s
SKYW loop duration: 0.007s
SKYX loop duration: 0.007s
SKYY loop duration: 0.327s
SLAB loop duration: 0.524s
SLAI loop duration: 0.007s
SLB loop duration: 0.366s
SLDB loop duration: 0.007s
SLDE loop duration: 0.006s
SLDP loop duration: 0.007s
SLDPW loop duration: 0.007s
SLDR loop duration: 0.564s
SLE loop duration: 0.008s
SLF loop duration: 0.880s
SLG loop duration: 0.008s
SLGB loop duration: 0.007s
SLGL loop duration: 0.007s
SLGN loop duration: 0.007s
SLI loop duration: 0.007s
SLJY loop duration: 0.006s
SLM loop duration: 0.007s
SLMBP loop duration: 0.285s
SLMT loop duration: 0.043s
SLN loop duration: 0.007s
SLND loop duration: 0.007s
SLNG loop duration: 0.006s
SLNH loop duration: 0.041s
SLNHP loop duration: 0.044s
SLNZ loop duration: 0.043s
SLON loop duration: 0.007s
SLP loop duration: 0.007s
SLQD loop duration: 0.755s
SLQT loop duration: 0.008s
SLRC loop duration: 0.007s
SLS loop duration: 0.042s
SLSN loop duration: 0.008s
SLSR loop duration: 0.008s
SLTY loop duration: 0.006s
SLV loop duration: 0.006s
SLVM loop duration: 0.007s
SLVO loop duration: 0.007s
SLVP loop duration: 0.006s
SLVR loop duration: 0.006s
SLVX loop duration: 0.005s
SLX loop duration: 0.831s
SLXN loop duration: 0.009s
SLXNW loop duration: 0.043s
SLYG loop duration: 0.692s
SLYV loop duration: 0.769s
SM loop duration: 0.008s
SMA loop duration: 0.007s
SMAP loop duration: 0.499s
SMAX loop duration: 0.538s
SMAY loop duration: 0.714s
SMB loop duration: 0.664s
SMBC loop duration: 0.854s
SMBK loop duration: 0.417s
SMBS loop duration: 0.046s
SMC loop duration: 0.007s
SMCF loop duration: 0.544s
SMCI loop duration: 0.040s
SMCL loop duration: 0.632s
SMCO loop duration: 0.638s
SMCP loop duration: 0.006s
SMCX loop duration: 0.046s
SMCY loop duration: 0.046s
SMCZ loop duration: 0.007s
SMDD loop duration: 0.006s
SMDV loop duration: 0.514s
SMDX loop duration: 0.557s
SMFG loop duration: 0.287s
SMG loop duration: 0.007s
SMH loop duration: 0.634s
SMHB loop duration: 0.008s
Scanned 9800/12092...
SMHI loop duration: 0.007s
SMHX loop duration: 0.272s
SMID loop duration: 0.007s
SMIG loop duration: 0.682s
SMIN loop duration: 0.008s
SMIZ loop duration: 0.522s
SMJF loop duration: 0.044s
SMLF loop duration: 0.625s
SMLL loop duration: 0.007s
SMLV loop duration: 0.763s
SMMD loop duration: 0.779s
SMMT loop duration: 0.007s
SMMU loop duration: 0.277s
SMMV loop duration: 0.331s
SMN loop duration: 0.006s
SMOG loop duration: 0.341s
SMOM loop duration: 0.625s
SMOT loop duration: 0.662s
SMOX loop duration: 0.524s
SMP loop duration: 0.007s
SMPL loop duration: 0.006s
SMQ loop duration: 0.006s
SMR loop duration: 0.006s
SMRF loop duration: 0.308s
SMRI loop duration: 0.585s
SMRT loop duration: 0.007s
SMSI loop duration: 0.007s
SMST loop duration: 0.007s
SMTC loop duration: 0.302s
SMTH loop duration: 0.388s
SMTI loop duration: 0.044s
SMTK loop duration: 0.221s
SMU loop duration: 0.012s
SMUP loop duration: 0.010s
SMWB loop duration: 0.045s
SMX loop duration: 0.044s
SMXT loop duration: 0.008s
SMYY loop duration: 0.006s
SMZ loop duration: 0.006s
SN loop duration: 0.007s
SNA loop duration: 0.384s
SNAG loop duration: 0.006s
SNAL loop duration: 0.041s
SNAP loop duration: 0.007s
SNAV loop duration: 0.561s
SNBR loop duration: 0.007s
SND loop duration: 0.007s
SNDA loop duration: 0.315s
SNDK loop duration: 0.607s
SNDL loop duration: 0.007s
SNDR loop duration: 0.792s
SNDX loop duration: 0.007s
SNES loop duration: 0.043s
SNEX loop duration: 0.006s
SNFCA loop duration: 0.007s
SNGX loop duration: 0.043s
SNN loop duration: 0.007s
SNOA loop duration: 0.006s
SNOU loop duration: 0.042s
SNOV loop duration: 0.596s
SNOW loop duration: 0.047s
SNOY loop duration: 0.008s
SNPD loop duration: 0.312s
SNPE loop duration: 0.852s
SNPG loop duration: 0.593s
SNPS loop duration: 0.008s
SNSE loop duration: 0.007s
SNSR loop duration: 0.323s
SNT loop duration: 0.007s
SNTG loop duration: 0.007s
SNTH loop duration: 0.293s
SNTI loop duration: 0.007s
SNWV loop duration: 0.007s
SNX loop duration: 0.638s
SNXX loop duration: 0.518s
SNY loop duration: 0.007s
SNYR loop duration: 0.007s
SO loop duration: 0.310s
SOAR loop duration: 0.007s
SOBO loop duration: 0.292s
SOBR loop duration: 0.038s
SOC loop duration: 0.007s
SOCA loop duration: 0.521s
SOCAU loop duration: 0.528s
SOCAW loop duration: 0.007s
SOCL loop duration: 0.007s
SOEZ loop duration: 0.005s
SOFA loop duration: 0.006s
SOFI loop duration: 0.006s
SOFR loop duration: 0.669s
SOFX loop duration: 0.008s
SOGP loop duration: 0.007s
SOHU loop duration: 0.007s
SOJC loop duration: 0.008s
SOJD loop duration: 0.007s
SOJE loop duration: 0.006s
SOJF loop duration: 0.007s
Scanned 9900/12092...
SOLC loop duration: 0.005s
SOLM loop duration: 0.005s
SOLR loop duration: 0.753s
SOLS loop duration: 0.219s
SOLT loop duration: 0.006s
SOLV loop duration: 0.006s
SOLZ loop duration: 0.006s
SOMN loop duration: 0.343s
SON loop duration: 0.008s
SONM loop duration: 0.007s
SONO loop duration: 0.007s
SONY loop duration: 0.007s
SOPH loop duration: 0.007s
SOR loop duration: 0.006s
SORA loop duration: 0.007s
SORNU loop duration: 0.506s
SOS loop duration: 0.007s
SOTK loop duration: 0.041s
SOUL loop duration: 0.544s
SOUN loop duration: 0.007s
SOUNW loop duration: 0.007s
SOUX loop duration: 0.007s
SOVF loop duration: 0.008s
SOWG loop duration: 0.007s
SOXL loop duration: 0.042s
SOXQ loop duration: 0.689s
SOXS loop duration: 0.007s
SOXX loop duration: 0.690s
SOXY loop duration: 0.693s
SOYB loop duration: 0.364s
SPAB loop duration: 0.425s
SPAI loop duration: 0.008s
SPAM loop duration: 0.358s
SPAQ loop duration: 0.007s
SPB loop duration: 0.007s
SPBC loop duration: 0.605s
SPBO loop duration: 0.040s
SPBU loop duration: 0.592s
SPBW loop duration: 0.619s
SPBX loop duration: 0.677s
SPCB loop duration: 0.290s
SPCE loop duration: 0.058s
SPCK loop duration: 0.009s
SPCT loop duration: 0.500s
SPCZ loop duration: 0.008s
SPD loop duration: 0.643s
SPDG loop duration: 0.539s
SPDN loop duration: 0.007s
SPDV loop duration: 0.727s
SPDW loop duration: 0.740s
SPE loop duration: 0.007s
SPEG loop duration: 0.458s
SPEGR loop duration: 0.006s
SPEGU loop duration: 0.007s
SPEM loop duration: 0.591s
SPEU loop duration: 0.601s
SPFF loop duration: 0.411s
SPFI loop duration: 0.430s
SPG loop duration: 0.780s
SPGI loop duration: 0.006s
SPGM loop duration: 0.631s
SPGP loop duration: 0.632s
SPH loop duration: 0.006s
SPHB loop duration: 0.699s
SPHD loop duration: 0.051s
SPHL loop duration: 0.007s
SPHQ loop duration: 0.719s
SPHR loop duration: 0.007s
SPHY loop duration: 0.465s
SPIB loop duration: 0.789s
SPIN loop duration: 0.271s
SPIP loop duration: 0.420s
SPIR loop duration: 0.617s
SPIT loop duration: 0.622s
SPKL loop duration: 0.047s
SPKLU loop duration: 0.046s
SPKLW loop duration: 0.273s
SPLB loop duration: 0.008s
SPLS loop duration: 0.590s
SPLV loop duration: 0.342s
SPMA loop duration: 0.516s
SPMB loop duration: 0.039s
SPMC loop duration: 0.007s
SPMD loop duration: 0.744s
SPME loop duration: 0.303s
SPMO loop duration: 0.707s
SPNT loop duration: 0.494s
SPOG loop duration: 0.041s
SPOK loop duration: 0.007s
SPOT loop duration: 0.007s
SPPL loop duration: 0.006s
SPPP loop duration: 0.006s
SPRB loop duration: 0.006s
SPRC loop duration: 0.007s
SPRE loop duration: 0.449s
Scanned 10000/12092...
SPRO loop duration: 0.047s
SPRU loop duration: 0.008s
SPRX loop duration: 0.584s
SPRY loop duration: 0.007s
SPSB loop duration: 0.423s
SPSC loop duration: 0.007s
SPSK loop duration: 0.331s
SPSM loop duration: 0.564s
SPT loop duration: 0.008s
SPTB loop duration: 0.303s
SPTE loop duration: 0.575s
SPTI loop duration: 0.504s
SPTL loop duration: 0.011s
SPTM loop duration: 0.821s
SPTS loop duration: 0.556s
SPTU loop duration: 0.580s
SPUC loop duration: 0.422s
SPUS loop duration: 0.665s
SPUT loop duration: 0.374s
SPUU loop duration: 0.677s
SPVM loop duration: 0.839s
SPWH loop duration: 0.008s
SPWO loop duration: 0.630s
SPWR loop duration: 0.041s
SPWRW loop duration: 0.269s
SPXC loop duration: 0.009s
SPXD loop duration: 0.665s
SPXE loop duration: 0.585s
SPXL loop duration: 0.613s
SPXN loop duration: 0.635s
SPXS loop duration: 0.007s
SPXT loop duration: 0.758s
SPXU loop duration: 0.007s
SPXV loop duration: 0.558s
SPXX loop duration: 0.653s
SPY loop duration: 0.699s
SPYA loop duration: 0.647s
SPYC loop duration: 0.574s
SPYD loop duration: 0.856s
SPYG loop duration: 0.694s
SPYH loop duration: 0.592s
SPYI loop duration: 0.653s
SPYM loop duration: 0.811s
SPYQ loop duration: 0.535s
SPYT loop duration: 0.040s
SPYU loop duration: 0.008s
SPYV loop duration: 0.736s
SPYX loop duration: 0.570s
SQFT loop duration: 0.008s
SQFTP loop duration: 0.007s
SQFTW loop duration: 0.008s
SQLV loop duration: 0.765s
SQM loop duration: 0.007s
SQMX loop duration: 0.557s
SQNS loop duration: 0.018s
SQQQ loop duration: 0.007s
SR loop duration: 0.008s
SRAD loop duration: 0.007s
SRBK loop duration: 0.433s
SRCE loop duration: 0.864s
SRE loop duration: 0.388s
SREA loop duration: 0.007s
SRET loop duration: 0.632s
SRFM loop duration: 0.041s
SRG loop duration: 0.009s
SRHQ loop duration: 0.681s
SRHR loop duration: 0.288s
SRI loop duration: 0.007s
SRJN loop duration: 0.254s
SRL loop duration: 0.007s
SRLN loop duration: 0.416s
SROI loop duration: 0.554s
SRPT loop duration: 0.008s
SRPU loop duration: 0.006s
SRRK loop duration: 0.565s
SRS loop duration: 0.007s
SRTA loop duration: 0.808s
SRTS loop duration: 0.008s
SRTY loop duration: 0.008s
SRV loop duration: 0.302s
SRVR loop duration: 0.362s
SRXH loop duration: 0.007s
SRZN loop duration: 0.007s
SRZNW loop duration: 0.007s
SSACU loop duration: 0.285s
SSB loop duration: 0.007s
SSBI loop duration: 0.699s
SSD loop duration: 0.285s
SSEA loop duration: 0.611s
SSEAR loop duration: 0.007s
SSEAU loop duration: 0.662s
SSFI loop duration: 0.040s
SSG loop duration: 0.008s
Scanned 10100/12092...
SSII loop duration: 0.007s
SSK loop duration: 0.006s
SSL loop duration: 0.009s
SSM loop duration: 0.008s
SSNC loop duration: 0.006s
SSO loop duration: 0.006s
SSP loop duration: 0.007s
SSPY loop duration: 0.762s
SSRM loop duration: 0.007s
SSS loop duration: 0.247s
SSSS loop duration: 0.716s
SSSSL loop duration: 0.575s
SST loop duration: 0.009s
SSTI loop duration: 0.008s
SSTK loop duration: 0.007s
SSUS loop duration: 0.634s
SSXU loop duration: 0.446s
SSYS loop duration: 0.008s
ST loop duration: 0.634s
STAA loop duration: 0.046s
STAG loop duration: 0.350s
STAK loop duration: 0.007s
STAX loop duration: 0.507s
STBA loop duration: 0.838s
STBF loop duration: 0.360s
STBQ loop duration: 0.006s
STC loop duration: 0.008s
STCE loop duration: 0.042s
STE loop duration: 0.008s
STEL loop duration: 0.281s
STEM loop duration: 0.007s
STEN loop duration: 0.502s
STEP loop duration: 0.007s
STEW loop duration: 0.407s
STEX loop duration: 0.043s
STFS loop duration: 0.039s
STG loop duration: 0.007s
STGW loop duration: 0.042s
STHH loop duration: 0.427s
STHO loop duration: 0.044s
STI loop duration: 0.008s
STIM loop duration: 0.008s
STIP loop duration: 0.559s
STK loop duration: 0.557s
STKE loop duration: 0.036s
STKH loop duration: 0.007s
STKS loop duration: 0.007s
STLA loop duration: 0.007s
STLD loop duration: 0.694s
STM loop duration: 0.362s
STN loop duration: 0.007s
STNC loop duration: 0.843s
STNE loop duration: 0.008s
STNG loop duration: 0.007s
STOK loop duration: 0.007s
STOT loop duration: 0.291s
STOX loop duration: 0.522s
STPZ loop duration: 0.652s
STRA loop duration: 0.007s
STRC loop duration: 0.233s
STRD loop duration: 0.007s
STRF loop duration: 0.008s
STRK loop duration: 0.007s
STRL loop duration: 0.039s
STRN loop duration: 0.584s
STRO loop duration: 0.008s
STRR loop duration: 0.045s
STRRP loop duration: 0.041s
STRS loop duration: 0.007s
STRT loop duration: 0.006s
STRV loop duration: 0.682s
STRW loop duration: 0.331s
STRZ loop duration: 0.339s
STSM loop duration: 0.007s
STT loop duration: 0.664s
STTK loop duration: 0.007s
STUB loop duration: 0.070s
STVN loop duration: 0.007s
STWD loop duration: 0.007s
STX loop duration: 0.792s
STXD loop duration: 0.624s
STXE loop duration: 0.641s
STXG loop duration: 0.726s
STXK loop duration: 0.557s
STXS loop duration: 0.007s
STXT loop duration: 0.296s
STXV loop duration: 0.554s
STZ loop duration: 0.008s
SU loop duration: 0.629s
SUB loop duration: 0.679s
SUGP loop duration: 0.008s
SUI loop duration: 0.007s
SUIG loop duration: 0.007s
Scanned 10200/12092...
SUIS loop duration: 0.005s
SUN loop duration: 0.007s
SUNC loop duration: 0.232s
SUNE loop duration: 0.007s
SUNS loop duration: 0.007s
SUPL loop duration: 0.587s
SUPN loop duration: 0.007s
SUPP loop duration: 0.648s
SUPV loop duration: 0.007s
SUPX loop duration: 0.042s
SURE loop duration: 0.586s
SURG loop duration: 0.008s
SURI loop duration: 0.008s
SUSA loop duration: 0.716s
SUSB loop duration: 0.601s
SUSC loop duration: 0.044s
SUSL loop duration: 0.571s
SUUN loop duration: 0.045s
SUZ loop duration: 0.007s
SVA loop duration: 0.272s
SVAC loop duration: 0.007s
SVACU loop duration: 0.007s
SVACW loop duration: 0.006s
SVAL loop duration: 0.699s
SVAQ loop duration: 0.233s
SVAQU loop duration: 0.517s
SVAQW loop duration: 0.006s
SVC loop duration: 0.007s
SVCC loop duration: 0.514s
SVCCU loop duration: 0.007s
SVCCW loop duration: 0.006s
SVCO loop duration: 0.007s
SVIVU loop duration: 0.229s
SVIX loop duration: 0.008s
SVM loop duration: 0.007s
SVOL loop duration: 0.007s
SVRA loop duration: 0.007s
SVRE loop duration: 0.008s
SVREW loop duration: 0.008s
SVRN loop duration: 0.043s
SVV loop duration: 0.007s
SVXY loop duration: 0.062s
SW loop duration: 0.007s
SWAG loop duration: 0.044s
SWAGW loop duration: 0.007s
SWAN loop duration: 0.950s
SWBI loop duration: 0.052s
SWIM loop duration: 0.007s
SWK loop duration: 0.006s
SWKHL loop duration: 0.575s
SWKS loop duration: 0.044s
SWP loop duration: 0.044s
SWVL loop duration: 0.006s
SWVLW loop duration: 0.006s
SWX loop duration: 0.317s
SWZ loop duration: 0.007s
SXC loop duration: 0.042s
SXI loop duration: 0.448s
SXQG loop duration: 0.274s
SXT loop duration: 0.469s
SXTC loop duration: 0.008s
SXTP loop duration: 0.007s
SXTPW loop duration: 0.008s
SY loop duration: 0.008s
SYBT loop duration: 0.006s
SYF loop duration: 0.008s
SYFI loop duration: 0.585s
SYK loop duration: 0.007s
SYLD loop duration: 0.546s
SYM loop duration: 0.006s
SYNA loop duration: 0.302s
SYNX loop duration: 0.008s
SYPR loop duration: 0.008s
SYRE loop duration: 0.278s
SYSB loop duration: 0.664s
SYY loop duration: 0.008s
SYZ loop duration: 0.515s
SZK loop duration: 0.007s
SZZL loop duration: 0.503s
SZZLR loop duration: 0.008s
SZZLU loop duration: 0.041s
T loop duration: 0.008s
TABD loop duration: 0.231s
TAC loop duration: 0.009s
TACH loop duration: 0.574s
TACHU loop duration: 0.044s
TACHW loop duration: 0.007s
TACK loop duration: 0.711s
TACN loop duration: 0.435s
TACO loop duration: 0.365s
TACOU loop duration: 0.266s
Scanned 10300/12092...
TACOW loop duration: 0.047s
TACT loop duration: 0.046s
TACU loop duration: 0.554s
TAFI loop duration: 0.367s
TAFL loop duration: 0.099s
TAFM loop duration: 0.313s
TAGG loop duration: 0.316s
TAGS loop duration: 0.040s
TAIL loop duration: 0.008s
TAK loop duration: 0.007s
TAL loop duration: 0.007s
TALK loop duration: 0.604s
TALKW loop duration: 0.044s
TALO loop duration: 0.008s
TALV loop duration: 0.519s
TAN loop duration: 0.411s
TANH loop duration: 0.009s
TAOP loop duration: 0.008s
TAOX loop duration: 0.008s
TAP loop duration: 0.007s
TAPR loop duration: 0.619s
TARA loop duration: 0.007s
TARK loop duration: 0.007s
TARS loop duration: 0.008s
TASK loop duration: 0.006s
TATT loop duration: 0.007s
TAVI loop duration: 0.291s
TAVIR loop duration: 0.007s
TAVIU loop duration: 0.262s
TAX loop duration: 0.501s
TAXE loop duration: 0.635s
TAXF loop duration: 0.330s
TAXI loop duration: 0.557s
TAXM loop duration: 0.279s
TAXS loop duration: 0.517s
TAXT loop duration: 0.466s
TAXX loop duration: 0.646s
TAYD loop duration: 0.009s
TBB loop duration: 0.008s
TBBB loop duration: 0.354s
TBBK loop duration: 0.008s
TBCH loop duration: 0.008s
TBF loop duration: 0.315s
TBFC loop duration: 0.689s
TBFG loop duration: 0.570s
TBG loop duration: 0.674s
TBH loop duration: 0.009s
TBI loop duration: 0.007s
TBIL loop duration: 0.611s
TBJL loop duration: 0.339s
TBLA loop duration: 0.323s
TBLAW loop duration: 0.008s
TBLD loop duration: 0.751s
TBLL loop duration: 0.275s
TBLU loop duration: 0.009s
TBN loop duration: 0.009s
TBPH loop duration: 0.008s
TBRG loop duration: 0.043s
TBT loop duration: 0.306s
TBUX loop duration: 0.284s
TBX loop duration: 0.347s
TBXU loop duration: 0.007s
TC loop duration: 0.009s
TCAF loop duration: 0.599s
TCAI loop duration: 0.563s
TCAL loop duration: 0.006s
TCBI loop duration: 0.446s
TCBIO loop duration: 0.359s
TCBK loop duration: 0.358s
TCBS loop duration: 0.008s
TCBX loop duration: 0.008s
TCGL loop duration: 0.225s
TCHI loop duration: 0.317s
TCHP loop duration: 0.636s
TCI loop duration: 0.006s
TCMD loop duration: 0.007s
TCOM loop duration: 0.007s
TCPA loop duration: 0.298s
TCPB loop duration: 0.358s
TCPC loop duration: 0.008s
TCRT loop duration: 0.007s
TCRX loop duration: 0.007s
TCV loop duration: 0.565s
TCX loop duration: 0.007s
TD loop duration: 0.793s
TDAC loop duration: 0.042s
TDACU loop duration: 0.007s
TDACW loop duration: 0.043s
TDAQ loop duration: 0.443s
TDAX loop duration: 0.512s
TDAY loop duration: 0.551s
TDC loop duration: 0.044s
TDEC loop duration: 0.617s
TDF loop duration: 0.008s
TDG loop duration: 0.007s
TDI loop duration: 0.622s
TDIC loop duration: 0.007s
TDIV loop duration: 0.702s
Scanned 10400/12092...
TDOC loop duration: 0.007s
TDOG loop duration: 0.006s
TDS loop duration: 0.007s
TDSB loop duration: 0.571s
TDSC loop duration: 0.577s
TDTF loop duration: 0.358s
TDTH loop duration: 0.038s
TDTT loop duration: 0.649s
TDUP loop duration: 0.007s
TDV loop duration: 0.803s
TDVG loop duration: 0.546s
TDVI loop duration: 0.647s
TDW loop duration: 0.007s
TDWD loop duration: 0.447s
TDWDR loop duration: 0.006s
TDWDU loop duration: 0.441s
TDY loop duration: 0.008s
TE loop duration: 0.284s
TEAD loop duration: 0.047s
TEAM loop duration: 0.043s
TEC loop duration: 0.510s
TECB loop duration: 0.690s
TECH loop duration: 0.007s
TECK loop duration: 0.359s
TECL loop duration: 0.990s
TECS loop duration: 0.007s
TECX loop duration: 0.007s
TEI loop duration: 0.318s
TEK loop duration: 0.605s
TEKX loop duration: 0.682s
TEKY loop duration: 0.550s
TEL loop duration: 0.007s
TELA loop duration: 0.007s
TELO loop duration: 0.006s
TEM loop duration: 0.007s
TEMD loop duration: 0.250s
TEMT loop duration: 0.008s
TEMX loop duration: 0.519s
TEN loop duration: 0.007s
TENB loop duration: 0.008s
TEND loop duration: 0.573s
TENJ loop duration: 0.526s
TENM loop duration: 0.703s
TENX loop duration: 0.006s
TEO loop duration: 0.419s
TEQI loop duration: 0.683s
TER loop duration: 0.044s
TERG loop duration: 0.038s
TESL loop duration: 0.047s
TEST loop duration: 0.007s
TETH loop duration: 0.007s
TEVA loop duration: 0.387s
TEX loop duration: 0.007s
TEXN loop duration: 0.551s
TEXU loop duration: 0.007s
TEXX loop duration: 0.318s
TFC loop duration: 0.008s
TFI loop duration: 0.337s
TFII loop duration: 0.445s
TFIN loop duration: 0.074s
TFJL loop duration: 0.007s
TFLO loop duration: 0.679s
TFLR loop duration: 0.322s
TFNS loop duration: 0.291s
TFPM loop duration: 0.007s
TFPN loop duration: 0.545s
TFSL loop duration: 0.622s
TFX loop duration: 0.008s
TG loop duration: 0.006s
TGB loop duration: 0.007s
TGE loop duration: 0.006s
TGEN loop duration: 0.043s
TGHL loop duration: 0.006s
TGL loop duration: 0.007s
TGLB loop duration: 0.544s
TGLR loop duration: 0.621s
TGLS loop duration: 0.007s
TGRT loop duration: 0.539s
TGRW loop duration: 0.712s
TGS loop duration: 0.007s
TGT loop duration: 0.039s
TGTX loop duration: 0.007s
TH loop duration: 1.040s
THC loop duration: 0.009s
THCH loop duration: 0.009s
THD loop duration: 0.571s
THEQ loop duration: 0.745s
THFF loop duration: 0.648s
THG loop duration: 0.367s
THH loop duration: 0.008s
THIR loop duration: 0.569s
THLV loop duration: 0.287s
THM loop duration: 0.007s
THMZ loop duration: 0.520s
Scanned 10500/12092...
THNQ loop duration: 0.607s
THNR loop duration: 0.008s
THO loop duration: 0.006s
THQ loop duration: 0.007s
THR loop duration: 0.553s
THRM loop duration: 0.007s
THRO loop duration: 0.546s
THRV loop duration: 0.459s
THRY loop duration: 0.007s
THTA loop duration: 0.038s
THW loop duration: 0.420s
THY loop duration: 0.044s
THYF loop duration: 0.314s
THYM loop duration: 0.464s
TIC loop duration: 0.007s
TIER loop duration: 0.476s
TIGO loop duration: 0.382s
TIGR loop duration: 0.006s
TII loop duration: 0.006s
TIIV loop duration: 0.501s
TIL loop duration: 0.007s
TILE loop duration: 0.007s
TILL loop duration: 0.044s
TILT loop duration: 0.727s
TIMB loop duration: 0.007s
TIME loop duration: 0.041s
TINS loop duration: 0.584s
TINT loop duration: 0.706s
TINY loop duration: 0.324s
TIP loop duration: 0.735s
TIPA loop duration: 0.539s
TIPB loop duration: 0.549s
TIPC loop duration: 0.229s
TIPD loop duration: 0.277s
TIPT loop duration: 0.007s
TIPX loop duration: 0.285s
TIPZ loop duration: 0.342s
TISI loop duration: 0.007s
TITN loop duration: 0.542s
TJAN loop duration: 0.699s
TJGC loop duration: 0.257s
TJUL loop duration: 0.629s
TJUN loop duration: 0.507s
TJX loop duration: 0.042s
TK loop duration: 0.007s
TKC loop duration: 0.006s
TKLF loop duration: 0.006s
TKNO loop duration: 0.038s
TKNQ loop duration: 0.007s
TKO loop duration: 0.006s
TKR loop duration: 0.385s
TLA loop duration: 0.556s
TLCI loop duration: 0.311s
TLDR loop duration: 0.585s
TLF loop duration: 0.008s
TLH loop duration: 0.006s
TLIH loop duration: 0.045s
TLK loop duration: 0.006s
TLN loop duration: 0.007s
TLNC loop duration: 0.575s
TLNCU loop duration: 0.624s
TLNCW loop duration: 0.006s
TLPH loop duration: 0.006s
TLRY loop duration: 0.007s
TLS loop duration: 0.006s
TLSA loop duration: 0.006s
TLSI loop duration: 0.006s
TLSIW loop duration: 0.006s
TLT loop duration: 0.006s
TLTD loop duration: 0.574s
TLTE loop duration: 0.799s
TLTI loop duration: 0.007s
TLTP loop duration: 0.007s
TLTW loop duration: 0.007s
TLTX loop duration: 0.006s
TLX loop duration: 0.006s
TLYS loop duration: 0.008s
TM loop duration: 0.008s
TMAR loop duration: 0.714s
TMAT loop duration: 0.558s
TMB loop duration: 0.644s
TMC loop duration: 0.008s
TMCI loop duration: 0.041s
TMCWW loop duration: 0.040s
TMDE loop duration: 0.007s
TMDV loop duration: 0.381s
TMDX loop duration: 0.008s
TME loop duration: 0.006s
TMED loop duration: 0.621s
TMET loop duration: 0.008s
TMF loop duration: 0.007s
TMFC loop duration: 0.788s
TMFE loop duration: 0.599s
TMFG loop duration: 0.470s
TMFM loop duration: 0.007s
TMFS loop duration: 0.007s
Scanned 10600/12092...
TMFX loop duration: 0.410s
TMH loop duration: 0.008s
TMHC loop duration: 0.009s
TMLP loop duration: 0.350s
TMNL loop duration: 0.537s
TMNS loop duration: 0.603s
TMO loop duration: 0.007s
TMP loop duration: 0.893s
TMQ loop duration: 0.007s
TMSF loop duration: 0.513s
TMSL loop duration: 0.680s
TMTSU loop duration: 0.543s
TMUS loop duration: 0.008s
TMUSI loop duration: 0.007s
TMUSL loop duration: 0.325s
TMUSZ loop duration: 0.007s
TMV loop duration: 0.007s
TMVE loop duration: 0.511s
TNA loop duration: 0.659s
TNC loop duration: 0.056s
TNDM loop duration: 0.007s
TNET loop duration: 0.007s
TNGX loop duration: 0.008s
TNGY loop duration: 0.006s
TNK loop duration: 0.007s
TNL loop duration: 0.006s
TNMG loop duration: 0.008s
TNON loop duration: 0.007s
TNONW loop duration: 0.007s
TNUK loop duration: 0.006s
TNXP loop duration: 0.007s
TNXT loop duration: 0.508s
TNYA loop duration: 0.007s
TOAK loop duration: 0.682s
TOCT loop duration: 0.555s
TOGA loop duration: 0.008s
TOI loop duration: 0.339s
TOIIW loop duration: 0.007s
TOK loop duration: 0.676s
TOL loop duration: 0.007s
TOLL loop duration: 0.652s
TOLZ loop duration: 0.045s
TOMZ loop duration: 0.039s
TONX loop duration: 0.043s
TOON loop duration: 0.008s
TOP loop duration: 0.007s
TOPC loop duration: 0.493s
TOPP loop duration: 0.043s
TOPS loop duration: 0.008s
TOPT loop duration: 0.570s
TOPW loop duration: 0.007s
TORO loop duration: 0.007s
TOS loop duration: 0.505s
TOST loop duration: 0.007s
TOT loop duration: 0.586s
TOTL loop duration: 0.343s
TOTR loop duration: 0.323s
TOUR loop duration: 0.008s
TOUS loop duration: 0.514s
TOV loop duration: 0.588s
TOVX loop duration: 0.009s
TOWN loop duration: 0.008s
TOXR loop duration: 0.006s
TOYO loop duration: 0.619s
TPAY loop duration: 0.465s
TPB loop duration: 0.006s
TPC loop duration: 0.006s
TPCS loop duration: 0.007s
TPET loop duration: 0.007s
TPG loop duration: 0.007s
TPGXL loop duration: 0.251s
TPHD loop duration: 0.393s
TPIF loop duration: 0.312s
TPL loop duration: 0.007s
TPLC loop duration: 0.642s
TPLS loop duration: 0.321s
TPOR loop duration: 0.500s
TPR loop duration: 0.007s
TPSC loop duration: 0.625s
TPST loop duration: 0.007s
TPTA loop duration: 0.444s
TPVG loop duration: 0.007s
TPYP loop duration: 0.473s
TPZ loop duration: 0.046s
TQQQ loop duration: 0.044s
TQQY loop duration: 0.008s
TR loop duration: 0.008s
TRAK loop duration: 0.009s
TRAW loop duration: 0.008s
TRBF loop duration: 0.241s
Scanned 10700/12092...
TRC loop duration: 0.370s
TRDA loop duration: 0.008s
TREE loop duration: 0.008s
TREX loop duration: 0.007s
TRFK loop duration: 0.598s
TRFM loop duration: 0.564s
TRGP loop duration: 0.341s
TRI loop duration: 0.007s
TRIB loop duration: 0.006s
TRIN loop duration: 0.481s
TRINI loop duration: 0.341s
TRINZ loop duration: 0.628s
TRIO loop duration: 0.265s
TRIP loop duration: 0.007s
TRMB loop duration: 0.007s
TRMD loop duration: 0.006s
TRMK loop duration: 0.518s
TRN loop duration: 0.007s
TRND loop duration: 0.609s
TRNO loop duration: 0.361s
TRNR loop duration: 0.007s
TRNS loop duration: 0.007s
TRON loop duration: 0.007s
TROO loop duration: 0.007s
TROW loop duration: 0.007s
TROX loop duration: 0.007s
TRP loop duration: 0.495s
TRPA loop duration: 0.619s
TRS loop duration: 0.321s
TRSG loop duration: 0.008s
TRST loop duration: 1.018s
TRSY loop duration: 0.500s
TRT loop duration: 0.042s
TRTX loop duration: 0.008s
TRTY loop duration: 0.704s
TRU loop duration: 0.007s
TRUC loop duration: 0.555s
TRUD loop duration: 0.522s
TRUG loop duration: 0.008s
TRUP loop duration: 0.008s
TRUT loop duration: 0.485s
TRV loop duration: 0.046s
TRVG loop duration: 0.042s
TRVI loop duration: 0.007s
TRX loop duration: 0.006s
TS loop duration: 0.407s
TSAT loop duration: 0.633s
TSBK loop duration: 0.479s
TSCM loop duration: 0.236s
TSCO loop duration: 0.007s
TSCV loop duration: 0.494s
TSDD loop duration: 0.008s
TSEC loop duration: 0.041s
TSEL loop duration: 0.246s
TSEM loop duration: 0.330s
TSEP loop duration: 0.575s
TSES loop duration: 0.262s
TSHA loop duration: 0.007s
TSI loop duration: 0.006s
TSIC loop duration: 0.230s
TSII loop duration: 0.006s
TSL loop duration: 0.040s
TSLA loop duration: 0.007s
TSLG loop duration: 0.041s
TSLI loop duration: 0.037s
TSLL loop duration: 0.038s
TSLO loop duration: 0.006s
TSLP loop duration: 0.007s
TSLQ loop duration: 0.006s
TSLR loop duration: 0.042s
TSLS loop duration: 0.007s
TSLT loop duration: 0.046s
TSLW loop duration: 0.007s
TSLX loop duration: 0.007s
TSLY loop duration: 0.007s
TSLZ loop duration: 0.006s
TSM loop duration: 1.024s
TSME loop duration: 0.654s
TSMG loop duration: 0.665s
TSMU loop duration: 0.616s
TSMX loop duration: 0.521s
TSMY loop duration: 0.043s
TSMZ loop duration: 0.007s
TSN loop duration: 0.517s
TSNF loop duration: 0.628s
TSOL loop duration: 0.006s
TSPA loop duration: 0.860s
TSPX loop duration: 0.536s
TSPY loop duration: 0.626s
TSQ loop duration: 0.007s
TSRS loop duration: 0.634s
TSSD loop duration: 0.006s
TSSI loop duration: 0.007s
Scanned 10800/12092...
TSXD loop duration: 0.006s
TSXU loop duration: 0.532s
TSYW loop duration: 0.006s
TSYX loop duration: 0.519s
TSYY loop duration: 0.006s
TT loop duration: 0.361s
TTAM loop duration: 0.007s
TTAN loop duration: 0.007s
TTC loop duration: 0.007s
TTD loop duration: 0.006s
TTDU loop duration: 0.006s
TTE loop duration: 0.006s
TTEC loop duration: 0.006s
TTEK loop duration: 0.006s
TTEQ loop duration: 0.630s
TTGT loop duration: 0.007s
TTI loop duration: 0.006s
TTMI loop duration: 0.363s
TTOP loop duration: 0.006s
TTRX loop duration: 0.041s
TTT loop duration: 0.007s
TTWO loop duration: 0.007s
TTXD loop duration: 0.005s
TTXU loop duration: 0.534s
TU loop duration: 0.009s
TUA loop duration: 0.007s
TUG loop duration: 0.802s
TUGN loop duration: 0.602s
TULP loop duration: 0.008s
TUR loop duration: 0.007s
TURB loop duration: 0.006s
TURF loop duration: 0.006s
TUSB loop duration: 0.548s
TUSI loop duration: 0.624s
TUSK loop duration: 0.008s
TUYA loop duration: 0.007s
TV loop duration: 0.007s
TVA loop duration: 0.007s
TVACU loop duration: 0.006s
TVACW loop duration: 0.006s
TVAI loop duration: 0.579s
TVAIR loop duration: 0.045s
TVAIU loop duration: 0.267s
TVAL loop duration: 0.556s
TVC loop duration: 0.975s
TVE loop duration: 0.354s
TVGN loop duration: 0.007s
TVGNW loop duration: 0.007s
TVRD loop duration: 0.007s
TVTX loop duration: 0.805s
TW loop duration: 0.007s
TWAV loop duration: 0.006s
TWFG loop duration: 0.006s
TWG loop duration: 0.006s
TWI loop duration: 0.006s
TWIN loop duration: 0.007s
TWLO loop duration: 0.044s
TWLV loop duration: 0.006s
TWLVR loop duration: 0.005s
TWLVU loop duration: 0.225s
TWM loop duration: 0.007s
TWN loop duration: 0.774s
TWO loop duration: 0.007s
TWOD loop duration: 0.310s
TWOX loop duration: 0.491s
TWST loop duration: 0.262s
TX loop duration: 0.392s
TXBC loop duration: 0.008s
TXG loop duration: 0.373s
TXMD loop duration: 0.008s
TXN loop duration: 0.419s
TXNM loop duration: 0.867s
TXO loop duration: 0.009s
TXRH loop duration: 0.009s
TXS loop duration: 0.614s
TXT loop duration: 0.369s
TXUE loop duration: 0.547s
TXUG loop duration: 0.600s
TXXD loop duration: 0.007s
TXXI loop duration: 0.562s
TXXS loop duration: 0.006s
TY loop duration: 0.713s
TYA loop duration: 0.007s
TYD loop duration: 0.006s
TYG loop duration: 0.006s
TYGO loop duration: 0.007s
TYL loop duration: 0.006s
TYLD loop duration: 0.515s
TYLG loop duration: 0.639s
TYO loop duration: 0.387s
TYRA loop duration: 0.008s
TZA loop duration: 0.008s
TZOO loop duration: 0.009s
U loop duration: 0.007s
UA loop duration: 0.006s
UAA loop duration: 0.006s
UAC loop duration: 0.573s
Scanned 10900/12092...
UAE loop duration: 0.007s
UAL loop duration: 0.045s
UAMY loop duration: 0.007s
UAN loop duration: 0.006s
UAPR loop duration: 0.601s
UAUG loop duration: 0.539s
UAVS loop duration: 0.007s
UBCP loop duration: 0.007s
UBER loop duration: 0.006s
UBEW loop duration: 0.006s
UBND loop duration: 0.407s
UBOT loop duration: 0.287s
UBR loop duration: 0.008s
UBRL loop duration: 0.007s
UBS loop duration: 0.332s
UBSI loop duration: 0.385s
UBT loop duration: 0.011s
UBXG loop duration: 0.047s
UCAR loop duration: 0.007s
UCB loop duration: 0.454s
UCC loop duration: 0.007s
UCFI loop duration: 0.006s
UCFIW loop duration: 0.006s
UCIB loop duration: 0.006s
UCL loop duration: 0.006s
UCO loop duration: 0.007s
UCON loop duration: 0.391s
UCRD loop duration: 0.037s
UCTT loop duration: 0.800s
UCYB loop duration: 0.048s
UDEC loop duration: 0.553s
UDI loop duration: 0.601s
UDIV loop duration: 0.281s
UDN loop duration: 0.372s
UDOW loop duration: 0.006s
UDR loop duration: 0.007s
UE loop duration: 0.365s
UEC loop duration: 0.007s
UECG loop duration: 0.005s
UEIC loop duration: 0.006s
UEVM loop duration: 0.337s
UFCS loop duration: 0.396s
UFEB loop duration: 0.634s
UFG loop duration: 0.007s
UFI loop duration: 0.008s
UFIV loop duration: 0.375s
UFO loop duration: 0.589s
UFOD loop duration: 0.868s
UFOX loop duration: 0.577s
UFPI loop duration: 0.007s
UFPT loop duration: 0.047s
UG loop duration: 0.007s
UGA loop duration: 0.007s
UGE loop duration: 0.007s
UGI loop duration: 0.007s
UGL loop duration: 0.007s
UGP loop duration: 0.006s
UGRO loop duration: 0.007s
UHAL loop duration: 0.007s
UHS loop duration: 0.006s
UHT loop duration: 0.046s
UI loop duration: 0.007s
UIS loop duration: 0.038s
UITB loop duration: 0.327s
UIVM loop duration: 0.621s
UJAN loop duration: 0.612s
UJB loop duration: 0.591s
UJUL loop duration: 0.614s
UJUN loop duration: 0.534s
UK loop duration: 0.045s
UL loop duration: 0.007s
ULBI loop duration: 0.007s
ULCC loop duration: 0.042s
ULE loop duration: 0.330s
ULH loop duration: 0.009s
ULS loop duration: 0.470s
ULST loop duration: 0.583s
ULTA loop duration: 0.007s
ULTI loop duration: 0.043s
ULTY loop duration: 0.007s
ULVM loop duration: 0.663s
UMAC loop duration: 0.045s
UMAR loop duration: 0.661s
UMAY loop duration: 0.528s
UMBF loop duration: 1.117s
UMBFO loop duration: 0.283s
UMC loop duration: 0.699s
UMDD loop duration: 0.449s
UMH loop duration: 0.008s
UMI loop duration: 0.321s
UMMA loop duration: 0.556s
UNB loop duration: 0.008s
UNCY loop duration: 0.007s
UNF loop duration: 0.416s
UNFI loop duration: 0.717s
UNG loop duration: 0.008s
UNH loop duration: 0.044s
UNHG loop duration: 0.007s
Scanned 11000/12092...
UNHW loop duration: 0.266s
UNIT loop duration: 0.293s
UNIY loop duration: 0.363s
UNL loop duration: 0.007s
UNM loop duration: 0.766s
UNMA loop duration: 0.007s
UNOV loop duration: 0.674s
UNP loop duration: 1.038s
UNTY loop duration: 0.335s
UNX loop duration: 0.008s
UOCT loop duration: 0.597s
UONE loop duration: 0.007s
UONEK loop duration: 0.007s
UP loop duration: 0.044s
UPAR loop duration: 0.413s
UPB loop duration: 0.008s
UPBD loop duration: 0.007s
UPC loop duration: 0.007s
UPGD loop duration: 0.630s
UPGR loop duration: 0.675s
UPLD loop duration: 0.047s
UPRO loop duration: 0.591s
UPS loop duration: 0.008s
UPSD loop duration: 0.591s
UPSG loop duration: 0.006s
UPST loop duration: 0.007s
UPSX loop duration: 0.006s
UPV loop duration: 0.422s
UPW loop duration: 0.007s
UPWK loop duration: 0.008s
UPXI loop duration: 0.007s
URA loop duration: 0.007s
URAA loop duration: 0.007s
URAN loop duration: 0.006s
URBN loop duration: 0.006s
URE loop duration: 0.129s
URG loop duration: 0.007s
URGN loop duration: 0.332s
URI loop duration: 0.329s
URNJ loop duration: 0.007s
URNM loop duration: 0.007s
UROY loop duration: 0.006s
URSP loop duration: 0.541s
URTH loop duration: 0.575s
URTY loop duration: 0.581s
USA loop duration: 0.007s
USAC loop duration: 0.428s
USAF loop duration: 0.350s
USAI loop duration: 0.353s
USAR loop duration: 0.009s
USAS loop duration: 0.008s
USAU loop duration: 0.008s
USAX loop duration: 0.040s
USB loop duration: 0.007s
USBC loop duration: 0.007s
USCA loop duration: 0.655s
USCB loop duration: 0.006s
USCI loop duration: 0.374s
USCL loop duration: 0.707s
USD loop duration: 0.041s
USDU loop duration: 0.385s
USDX loop duration: 0.048s
USE loop duration: 0.007s
USEA loop duration: 0.338s
USEG loop duration: 0.008s
USEP loop duration: 0.537s
USEW loop duration: 0.509s
USFD loop duration: 0.008s
USFE loop duration: 0.234s
USFI loop duration: 0.319s
USFR loop duration: 0.396s
USG loop duration: 0.007s
USGG loop duration: 0.051s
USGO loop duration: 0.008s
USHY loop duration: 0.328s
USIG loop duration: 0.045s
USIN loop duration: 0.453s
USIO loop duration: 0.043s
USL loop duration: 0.269s
USLM loop duration: 0.007s
USMC loop duration: 0.744s
USMD loop duration: 0.457s
USMF loop duration: 0.664s
USML loop duration: 0.366s
USMV loop duration: 0.829s
USNA loop duration: 0.007s
USNG loop duration: 0.318s
USNZ loop duration: 0.859s
USO loop duration: 0.008s
USOI loop duration: 0.008s
USOY loop duration: 0.007s
USPH loop duration: 0.007s
USPX loop duration: 0.721s
USRD loop duration: 0.715s
USRT loop duration: 0.687s
Scanned 11100/12092...
USSE loop duration: 0.744s
USSG loop duration: 0.561s
USSH loop duration: 0.549s
UST loop duration: 0.008s
USTB loop duration: 0.636s
USVM loop duration: 0.798s
USVN loop duration: 0.357s
USXF loop duration: 0.866s
UTEN loop duration: 0.315s
UTES loop duration: 0.008s
UTF loop duration: 0.676s
UTG loop duration: 0.423s
UTHR loop duration: 0.392s
UTHY loop duration: 0.008s
UTI loop duration: 0.344s
UTL loop duration: 0.008s
UTMD loop duration: 0.008s
UTRE loop duration: 0.688s
UTSI loop duration: 0.007s
UTSL loop duration: 0.007s
UTWO loop duration: 0.590s
UTWY loop duration: 0.007s
UTZ loop duration: 0.007s
UUP loop duration: 0.400s
UUU loop duration: 0.007s
UUUG loop duration: 0.007s
UUUU loop duration: 0.006s
UVE loop duration: 0.474s
UVIX loop duration: 0.008s
UVSP loop duration: 0.760s
UVV loop duration: 0.010s
UVXY loop duration: 0.008s
UWM loop duration: 0.695s
UWMC loop duration: 0.008s
UX loop duration: 0.007s
UXAP loop duration: 0.594s
UXI loop duration: 0.377s
UXIN loop duration: 0.008s
UXJA loop duration: 0.622s
UXJL loop duration: 0.584s
UXOC loop duration: 0.650s
UXRP loop duration: 0.007s
UYG loop duration: 0.007s
UYLD loop duration: 0.656s
UYM loop duration: 0.007s
UYSC loop duration: 0.492s
UYSCR loop duration: 0.007s
UYSCU loop duration: 0.317s
UZD loop duration: 0.007s
UZE loop duration: 0.006s
UZF loop duration: 0.007s
UZX loop duration: 0.042s
V loop duration: 0.007s
VABK loop duration: 0.038s
VABS loop duration: 0.454s
VAC loop duration: 0.042s
VACH loop duration: 0.006s
VACHU loop duration: 0.371s
VACHW loop duration: 0.040s
VACI loop duration: 0.243s
VAL loop duration: 0.007s
VALE loop duration: 0.345s
VALG loop duration: 0.006s
VALN loop duration: 0.007s
VALQ loop duration: 0.602s
VALU loop duration: 0.008s
VAMO loop duration: 0.465s
VANI loop duration: 0.007s
VATE loop duration: 0.564s
VAVX loop duration: 0.006s
VAW loop duration: 0.473s
VB loop duration: 0.696s
VBF loop duration: 0.008s
VBIL loop duration: 0.793s
VBIO loop duration: 0.007s
VBK loop duration: 0.668s
VBND loop duration: 0.494s
VBNK loop duration: 0.455s
VBR loop duration: 0.666s
VC loop duration: 0.317s
VCEB loop duration: 0.044s
VCEL loop duration: 0.008s
VCIG loop duration: 0.046s
VCIT loop duration: 0.353s
VCLN loop duration: 0.747s
VCLT loop duration: 0.008s
VCOB loop duration: 0.006s
VCR loop duration: 0.340s
Scanned 11200/12092...
VCRB loop duration: 0.328s
VCRM loop duration: 0.664s
VCSH loop duration: 0.642s
VCTR loop duration: 0.617s
VCV loop duration: 0.345s
VCYT loop duration: 0.041s
VDC loop duration: 0.007s
VDE loop duration: 0.007s
VDI loop duration: 0.598s
VDIG loop duration: 0.587s
VEA loop duration: 0.574s
VECO loop duration: 0.405s
VEEA loop duration: 0.048s
VEEAW loop duration: 0.008s
VEEE loop duration: 0.048s
VEEV loop duration: 0.007s
VEGA loop duration: 0.712s
VEGI loop duration: 0.007s
VEGN loop duration: 0.553s
VEL loop duration: 0.006s
VELO loop duration: 0.571s
VEM loop duration: 0.529s
VEMY loop duration: 0.811s
VENU loop duration: 0.010s
VEON loop duration: 0.009s
VERA loop duration: 0.008s
VERI loop duration: 0.008s
VERS loop duration: 0.720s
VERU loop duration: 0.007s
VERX loop duration: 0.008s
VET loop duration: 0.007s
VETZ loop duration: 0.294s
VEU loop duration: 0.932s
VEXC loop duration: 0.562s
VFC loop duration: 0.009s
VFF loop duration: 0.008s
VFH loop duration: 0.332s
VFL loop duration: 0.045s
VFLO loop duration: 0.574s
VFMF loop duration: 0.748s
VFMO loop duration: 0.672s
VFMV loop duration: 0.739s
VFQY loop duration: 0.707s
VFS loop duration: 0.006s
VFSWW loop duration: 0.006s
VFVA loop duration: 0.711s
VG loop duration: 0.008s
VGAS loop duration: 0.008s
VGASW loop duration: 0.008s
VGHY loop duration: 0.552s
VGI loop duration: 0.007s
VGIT loop duration: 0.372s
VGK loop duration: 0.765s
VGLT loop duration: 0.007s
VGM loop duration: 0.428s
VGMS loop duration: 0.447s
VGRO loop duration: 0.545s
VGSH loop duration: 0.663s
VGSR loop duration: 0.743s
VGT loop duration: 0.007s
VGUS loop duration: 0.267s
VGVT loop duration: 0.007s
VGZ loop duration: 0.007s
VHC loop duration: 0.006s
VHCP loop duration: 0.546s
VHCPU loop duration: 0.245s
VHCPW loop duration: 0.005s
VHI loop duration: 0.007s
VHT loop duration: 0.007s
VHUB loop duration: 0.044s
VIA loop duration: 0.006s
VIASP loop duration: 0.312s
VIAV loop duration: 0.040s
VICE loop duration: 0.270s
VICI loop duration: 0.007s
VICR loop duration: 0.711s
VIDI loop duration: 0.687s
VIG loop duration: 0.674s
VIGI loop duration: 0.341s
VIK loop duration: 0.499s
VINP loop duration: 0.007s
VIOG loop duration: 0.691s
VIOO loop duration: 0.669s
VIOT loop duration: 0.007s
VIOV loop duration: 0.674s
VIPS loop duration: 0.007s
VIR loop duration: 0.006s
VIRC loop duration: 0.006s
VIRT loop duration: 0.006s
VIS loop duration: 0.609s
VISN loop duration: 0.008s
VIST loop duration: 0.008s
VITL loop duration: 0.007s
Scanned 11300/12092...
VIV loop duration: 0.006s
VIVO loop duration: 0.045s
VIVS loop duration: 0.007s
VIXM loop duration: 0.006s
VIXY loop duration: 0.006s
VKI loop duration: 0.347s
VKQ loop duration: 0.043s
VKTX loop duration: 0.007s
VLGEA loop duration: 0.688s
VLLU loop duration: 0.521s
VLN loop duration: 0.341s
VLO loop duration: 0.008s
VLRS loop duration: 0.007s
VLT loop duration: 0.007s
VLTO loop duration: 0.007s
VLU loop duration: 0.808s
VLUE loop duration: 0.668s
VLY loop duration: 0.719s
VLYPN loop duration: 0.385s
VLYPO loop duration: 0.422s
VLYPP loop duration: 0.339s
VMAR loop duration: 0.008s
VMAX loop duration: 0.591s
VMBS loop duration: 0.047s
VMC loop duration: 0.008s
VMD loop duration: 0.305s
VMI loop duration: 0.746s
VMO loop duration: 0.041s
VMSB loop duration: 0.479s
VNAM loop duration: 0.270s
VNCE loop duration: 0.008s
VNDA loop duration: 0.007s
VNET loop duration: 0.040s
VNIE loop duration: 0.361s
VNLA loop duration: 0.735s
VNM loop duration: 0.313s
VNME loop duration: 0.590s
VNMEU loop duration: 0.307s
VNMEW loop duration: 0.009s
VNO loop duration: 0.010s
VNOM loop duration: 0.060s
VNQ loop duration: 0.345s
VNQI loop duration: 0.283s
VNRX loop duration: 0.274s
VNSE loop duration: 0.590s
VNT loop duration: 0.007s
VNTG loop duration: 0.007s
VO loop duration: 0.006s
VOC loop duration: 0.008s
VOD loop duration: 0.007s
VOE loop duration: 0.648s
VOLT loop duration: 0.420s
VONE loop duration: 0.703s
VONG loop duration: 0.607s
VONV loop duration: 0.791s
VOO loop duration: 0.603s
VOOG loop duration: 0.007s
VOOV loop duration: 0.740s
VOR loop duration: 0.008s
VOT loop duration: 0.575s
VOTE loop duration: 0.755s
VOX loop duration: 1.005s
VOXP loop duration: 0.558s
VOXR loop duration: 0.007s
VOYA loop duration: 0.414s
VOYG loop duration: 0.043s
VPC loop duration: 0.008s
VPG loop duration: 0.640s
VPL loop duration: 0.671s
VPLS loop duration: 0.384s
VPU loop duration: 0.404s
VPV loop duration: 0.439s
VRA loop duration: 0.007s
VRAI loop duration: 0.730s
VRAX loop duration: 0.043s
VRCA loop duration: 0.007s
VRDN loop duration: 0.038s
VREX loop duration: 0.007s
VRIG loop duration: 0.370s
VRM loop duration: 0.007s
VRME loop duration: 0.006s
VRNS loop duration: 0.006s
VRP loop duration: 0.365s
VRRM loop duration: 0.007s
VRSK loop duration: 0.007s
VRSN loop duration: 0.321s
VRT loop duration: 0.007s
VRTL loop duration: 0.006s
VRTS loop duration: 0.008s
VRTX loop duration: 0.007s
VS loop duration: 0.006s
VSA loop duration: 0.042s
VSAT loop duration: 0.685s
VSCO loop duration: 0.008s
VSDA loop duration: 0.289s
VSDB loop duration: 0.497s
VSDM loop duration: 0.519s
Scanned 11400/12092...
VSEC loop duration: 0.007s
VSECU loop duration: 0.006s
VSEE loop duration: 0.043s
VSEEW loop duration: 0.006s
VSGX loop duration: 0.752s
VSH loop duration: 0.481s
VSHY loop duration: 0.326s
VSLU loop duration: 0.566s
VSME loop duration: 0.007s
VSMV loop duration: 0.639s
VSNT loop duration: 0.006s
VSOL loop duration: 0.006s
VSS loop duration: 0.601s
VST loop duration: 0.007s
VSTD loop duration: 0.008s
VSTL loop duration: 0.006s
VSTM loop duration: 0.007s
VSTS loop duration: 0.045s
VT loop duration: 0.793s
VTAK loop duration: 0.007s
VTC loop duration: 0.038s
VTEB loop duration: 0.345s
VTEC loop duration: 0.042s
VTEI loop duration: 0.432s
VTEL loop duration: 0.601s
VTES loop duration: 0.653s
VTEX loop duration: 0.007s
VTG loop duration: 0.318s
VTGN loop duration: 0.008s
VTHR loop duration: 0.729s
VTI loop duration: 0.625s
VTIP loop duration: 0.564s
VTIX loop duration: 0.037s
VTMX loop duration: 0.273s
VTN loop duration: 0.007s
VTOL loop duration: 0.006s
VTP loop duration: 0.232s
VTR loop duration: 0.456s
VTRS loop duration: 0.436s
VTS loop duration: 0.007s
VTSI loop duration: 0.007s
VTV loop duration: 0.710s
VTVT loop duration: 0.007s
VTWG loop duration: 0.605s
VTWO loop duration: 0.874s
VTWV loop duration: 0.644s
VUG loop duration: 0.007s
VUS loop duration: 0.518s
VUSB loop duration: 0.640s
VUSE loop duration: 0.612s
VUSG loop duration: 0.557s
VUSI loop duration: 0.554s
VUSV loop duration: 0.528s
VUZI loop duration: 0.050s
VV loop duration: 0.793s
VVOS loop duration: 0.008s
VVR loop duration: 0.006s
VVV loop duration: 0.007s
VVX loop duration: 0.690s
VWAV loop duration: 0.006s
VWAVW loop duration: 0.006s
VWO loop duration: 0.720s
VWOB loop duration: 0.328s
VXF loop duration: 0.605s
VXUS loop duration: 0.565s
VXX loop duration: 0.007s
VXZ loop duration: 0.007s
VYGR loop duration: 0.007s
VYLD loop duration: 0.514s
VYM loop duration: 0.675s
VYMI loop duration: 0.720s
VYNE loop duration: 0.007s
VYX loop duration: 0.007s
VZ loop duration: 0.334s
VZLA loop duration: 0.007s
W loop duration: 0.007s
WAB loop duration: 0.369s
WABC loop duration: 0.461s
WABF loop duration: 0.333s
WAFD loop duration: 0.457s
WAFDP loop duration: 0.007s
WAFU loop duration: 0.007s
WAGN loop duration: 0.225s
WAI loop duration: 0.007s
WAL loop duration: 0.007s
WALD loop duration: 0.036s
WALDW loop duration: 0.007s
WANT loop duration: 0.011s
WAR loop duration: 0.533s
WASH loop duration: 0.006s
WAT loop duration: 0.007s
WATT loop duration: 0.007s
WAVE loop duration: 0.042s
WAY loop duration: 0.006s
WB loop duration: 0.006s
WBD loop duration: 0.283s
WBI loop duration: 0.239s
Scanned 11500/12092...
WBIF loop duration: 0.680s
WBIG loop duration: 0.041s
WBIL loop duration: 0.654s
WBIY loop duration: 0.282s
WBS loop duration: 0.885s
WBTN loop duration: 0.007s
WBUY loop duration: 0.006s
WBX loop duration: 0.006s
WCAP loop duration: 0.234s
WCBR loop duration: 0.311s
WCC loop duration: 0.524s
WCEO loop duration: 0.573s
WCLD loop duration: 0.008s
WCME loop duration: 0.617s
WCMI loop duration: 0.603s
WCN loop duration: 0.007s
WCPB loop duration: 0.320s
WCT loop duration: 0.007s
WD loop duration: 0.007s
WDAF loop duration: 0.006s
WDAY loop duration: 0.006s
WDC loop duration: 0.829s
WDCX loop duration: 0.478s
WDEF loop duration: 0.007s
WDFC loop duration: 0.007s
WDGF loop duration: 0.503s
WDH loop duration: 0.006s
WDI loop duration: 0.007s
WDIV loop duration: 0.701s
WDNA loop duration: 0.043s
WDS loop duration: 0.007s
WDTE loop duration: 0.007s
WEA loop duration: 0.334s
WEAT loop duration: 0.427s
WEAV loop duration: 0.007s
WEBL loop duration: 0.007s
WEBS loop duration: 0.006s
WEC loop duration: 0.463s
WEED loop duration: 0.239s
WEEI loop duration: 0.297s
WEEK loop duration: 0.280s
WEEL loop duration: 0.042s
WELL loop duration: 0.537s
WEN loop duration: 0.009s
WENN loop duration: 0.579s
WENNU loop duration: 0.008s
WENNW loop duration: 0.006s
WERN loop duration: 0.351s
WES loop duration: 0.294s
WEST loop duration: 0.044s
WETH loop duration: 0.008s
WETO loop duration: 0.044s
WEX loop duration: 0.007s
WEYS loop duration: 0.046s
WF loop duration: 0.007s
WFC loop duration: 0.007s
WFCF loop duration: 0.007s
WFF loop duration: 0.044s
WFG loop duration: 0.007s
WFRD loop duration: 0.040s
WGMI loop duration: 0.756s
WGO loop duration: 0.007s
WGRX loop duration: 0.044s
WGS loop duration: 0.007s
WGSWW loop duration: 0.046s
WH loop duration: 0.007s
WHD loop duration: 0.043s
WHF loop duration: 0.012s
WHFCL loop duration: 0.538s
WHG loop duration: 0.007s
WHLR loop duration: 0.007s
WHLRD loop duration: 0.007s
WHLRL loop duration: 0.006s
WHLRP loop duration: 0.006s
WHR loop duration: 0.006s
WHWK loop duration: 0.006s
WIA loop duration: 0.341s
WILC loop duration: 0.363s
WINA loop duration: 0.007s
WING loop duration: 0.007s
WINN loop duration: 0.758s
WIP loop duration: 0.042s
WISD loop duration: 0.572s
WISE loop duration: 0.007s
WIT loop duration: 0.006s
WIW loop duration: 0.007s
WIX loop duration: 0.007s
WK loop duration: 0.007s
WKC loop duration: 0.359s
WKEY loop duration: 0.048s
WKHS loop duration: 0.041s
WKSP loop duration: 0.007s
Scanned 11600/12092...
WLDN loop duration: 0.045s
WLDR loop duration: 0.787s
WLDS loop duration: 0.008s
WLDSW loop duration: 0.045s
WLFC loop duration: 0.008s
WLIIU loop duration: 0.233s
WLK loop duration: 0.007s
WLKP loop duration: 0.044s
WLTG loop duration: 0.568s
WLTH loop duration: 0.005s
WLY loop duration: 0.007s
WLYB loop duration: 0.007s
WM loop duration: 0.006s
WMB loop duration: 0.341s
WMG loop duration: 0.517s
WMK loop duration: 0.007s
WMS loop duration: 0.007s
WMSB loop duration: 0.520s
WMT loop duration: 0.007s
WMTI loop duration: 0.006s
WNC loop duration: 0.006s
WNEB loop duration: 0.282s
WNTR loop duration: 0.007s
WNW loop duration: 0.007s
WOK loop duration: 0.007s
WOLF loop duration: 0.046s
WOMN loop duration: 0.611s
WOOD loop duration: 0.006s
WOOF loop duration: 0.006s
WOR loop duration: 0.006s
WPC loop duration: 0.839s
WPM loop duration: 0.007s
WPP loop duration: 0.007s
WPRT loop duration: 0.006s
WQTM loop duration: 0.491s
WRAP loop duration: 0.009s
WRB loop duration: 0.008s
WRBY loop duration: 0.008s
WRD loop duration: 0.007s
WRLD loop duration: 0.007s
WRN loop duration: 0.008s
WRND loop duration: 0.617s
WS loop duration: 0.008s
WSBC loop duration: 0.397s
WSBCO loop duration: 0.824s
WSBF loop duration: 0.313s
WSBK loop duration: 0.351s
WSC loop duration: 0.009s
WSFS loop duration: 0.816s
WSGE loop duration: 0.489s
WSHP loop duration: 0.008s
WSM loop duration: 0.008s
WSML loop duration: 0.596s
WSO loop duration: 0.008s
WSR loop duration: 0.725s
WST loop duration: 0.048s
WSTN loop duration: 0.750s
WSTNR loop duration: 0.009s
WSTNU loop duration: 0.598s
WT loop duration: 0.342s
WTAI loop duration: 0.550s
WTBA loop duration: 0.007s
WTBN loop duration: 0.296s
WTF loop duration: 0.008s
WTFC loop duration: 0.295s
WTFCN loop duration: 0.277s
WTG loop duration: 0.479s
WTGUR loop duration: 0.006s
WTGUU loop duration: 0.007s
WTI loop duration: 0.007s
WTIB loop duration: 0.005s
WTID loop duration: 0.007s
WTIP loop duration: 0.228s
WTIU loop duration: 0.007s
WTLS loop duration: 0.525s
WTM loop duration: 0.442s
WTMF loop duration: 0.662s
WTMU loop duration: 0.047s
WTMY loop duration: 0.380s
WTO loop duration: 0.011s
WTPI loop duration: 0.557s
WTRE loop duration: 0.751s
WTRG loop duration: 0.006s
WTS loop duration: 0.007s
WTTR loop duration: 0.287s
WTV loop duration: 0.747s
WTW loop duration: 0.007s
WU loop duration: 0.006s
WUGI loop duration: 0.295s
WULF loop duration: 0.619s
WULX loop duration: 0.257s
Scanned 11700/12092...
WVE loop duration: 0.008s
WVVI loop duration: 0.007s
WVVIP loop duration: 0.007s
WW loop duration: 0.043s
WWD loop duration: 0.007s
WWJD loop duration: 0.580s
WWR loop duration: 0.006s
WWW loop duration: 0.007s
WXET loop duration: 0.006s
WXM loop duration: 0.006s
WY loop duration: 0.007s
WYFI loop duration: 0.043s
WYHG loop duration: 0.007s
WYNN loop duration: 0.006s
WYY loop duration: 0.373s
WZRD loop duration: 0.007s
XAGG loop duration: 0.007s
XAIR loop duration: 0.007s
XAIX loop duration: 0.680s
XAPR loop duration: 0.634s
XAR loop duration: 0.325s
XAUG loop duration: 0.544s
XB loop duration: 0.387s
XBAP loop duration: 0.536s
XBB loop duration: 0.637s
XBCI loop duration: 0.006s
XBI loop duration: 0.486s
XBIL loop duration: 0.519s
XBIO loop duration: 0.007s
XBIT loop duration: 0.006s
XBJA loop duration: 0.688s
XBJL loop duration: 0.605s
XBOC loop duration: 0.727s
XBP loop duration: 0.007s
XBPEW loop duration: 0.006s
XBTY loop duration: 0.006s
XC loop duration: 0.006s
XCBEU loop duration: 0.302s
XCCC loop duration: 0.338s
XCEM loop duration: 0.602s
XCH loop duration: 0.007s
XCHG loop duration: 0.611s
XCLR loop duration: 0.007s
XCNY loop duration: 0.846s
XCOR loop duration: 0.625s
XCUR loop duration: 0.007s
XDAT loop duration: 0.006s
XDEC loop duration: 0.567s
XDEF loop duration: 0.006s
XDIV loop duration: 0.475s
XDQQ loop duration: 0.545s
XDSQ loop duration: 0.527s
XDTE loop duration: 0.008s
XEL loop duration: 0.516s
XELB loop duration: 0.007s
XELLL loop duration: 0.005s
XEMD loop duration: 0.707s
XEML loop duration: 0.324s
XENE loop duration: 0.008s
XERS loop duration: 0.007s
XES loop duration: 0.595s
XFEB loop duration: 0.567s
XFIV loop duration: 0.319s
XFLT loop duration: 0.291s
XFLX loop duration: 0.008s
XFOR loop duration: 0.007s
XGN loop duration: 0.045s
XHB loop duration: 0.007s
XHE loop duration: 0.007s
XHG loop duration: 0.008s
XHLD loop duration: 0.007s
XHLF loop duration: 0.631s
XHR loop duration: 0.629s
XHS loop duration: 0.631s
XIDE loop duration: 0.587s
XIDV loop duration: 0.556s
XIFR loop duration: 0.043s
XIJN loop duration: 0.634s
XIMR loop duration: 0.673s
XISE loop duration: 0.730s
XITK loop duration: 0.691s
XJAN loop duration: 0.523s
XJH loop duration: 0.582s
XJR loop duration: 0.602s
XJUL loop duration: 0.675s
XJUN loop duration: 0.903s
XLB loop duration: 0.007s
XLBI loop duration: 0.239s
XLC loop duration: 0.440s
XLCI loop duration: 0.287s
XLE loop duration: 0.007s
Scanned 11800/12092...
XLEI loop duration: 0.276s
XLF loop duration: 0.457s
XLFI loop duration: 0.007s
XLG loop duration: 0.630s
XLI loop duration: 0.439s
XLII loop duration: 0.227s
XLK loop duration: 0.007s
XLKI loop duration: 0.470s
XLO loop duration: 0.007s
XLP loop duration: 0.292s
XLRE loop duration: 0.576s
XLRI loop duration: 0.314s
XLSI loop duration: 0.329s
XLSR loop duration: 0.595s
XLU loop duration: 0.007s
XLUI loop duration: 0.268s
XLV loop duration: 0.007s
XLVI loop duration: 0.238s
XLY loop duration: 0.007s
XLYI loop duration: 0.329s
XMAG loop duration: 0.590s
XMAR loop duration: 0.562s
XMAX loop duration: 0.325s
XMAY loop duration: 0.481s
XME loop duration: 0.007s
XMHQ loop duration: 0.322s
XMLV loop duration: 0.311s
XMMO loop duration: 0.828s
XMPT loop duration: 0.554s
XMTR loop duration: 0.606s
XMVM loop duration: 0.835s
XNAV loop duration: 0.596s
XNCR loop duration: 0.007s
XNDU loop duration: 0.007s
XNET loop duration: 0.006s
XNOV loop duration: 0.572s
XNTK loop duration: 0.690s
XOCT loop duration: 0.545s
XOEF loop duration: 0.586s
XOEX loop duration: 0.577s
XOM loop duration: 0.007s
XOMA loop duration: 0.791s
XOMAO loop duration: 0.332s
XOMAP loop duration: 0.007s
XOMO loop duration: 0.007s
XOMX loop duration: 0.007s
XONE loop duration: 0.614s
XOP loop duration: 0.007s
XOS loop duration: 0.041s
XOSWW loop duration: 0.007s
XOVR loop duration: 0.314s
XP loop duration: 0.006s
XPAY loop duration: 0.045s
XPEG loop duration: 0.007s
XPEL loop duration: 0.007s
XPER loop duration: 0.041s
XPEV loop duration: 0.007s
XPH loop duration: 0.410s
XPL loop duration: 0.007s
XPND loop duration: 0.698s
XPO loop duration: 0.259s
XPOF loop duration: 0.008s
XPON loop duration: 0.007s
XPP loop duration: 0.007s
XPRO loop duration: 0.007s
XQQI loop duration: 0.534s
XRAY loop duration: 0.008s
XRLX loop duration: 0.533s
XRMI loop duration: 0.042s
XRN loop duration: 0.430s
XRP loop duration: 0.007s
XRPC loop duration: 0.007s
XRPI loop duration: 0.006s
XRPM loop duration: 0.006s
XRPN loop duration: 0.577s
XRPNU loop duration: 0.008s
XRPNW loop duration: 0.044s
XRPR loop duration: 0.007s
XRPT loop duration: 0.007s
XRPZ loop duration: 0.006s
XRT loop duration: 0.007s
XRTX loop duration: 0.008s
XRX loop duration: 0.044s
XRXDW loop duration: 0.554s
XSD loop duration: 0.774s
XSEP loop duration: 0.603s
XSHD loop duration: 0.049s
XSHQ loop duration: 0.384s
XSLLU loop duration: 0.768s
XSLV loop duration: 0.401s
XSMO loop duration: 0.604s
XSOE loop duration: 0.713s
XSPI loop duration: 0.456s
XSVM loop duration: 0.710s
XSVN loop duration: 0.381s
XSW loop duration: 0.008s
Scanned 11900/12092...
XT loop duration: 0.871s
XTAP loop duration: 0.844s
XTEN loop duration: 0.336s
XTIA loop duration: 0.008s
XTJA loop duration: 0.694s
XTJL loop duration: 0.500s
XTL loop duration: 0.614s
XTLB loop duration: 0.008s
XTN loop duration: 0.370s
XTNT loop duration: 0.008s
XTOC loop duration: 0.537s
XTR loop duration: 0.009s
XTRE loop duration: 0.352s
XTWO loop duration: 0.537s
XTWY loop duration: 0.007s
XUDV loop duration: 0.580s
XUSP loop duration: 0.662s
XV loop duration: 0.009s
XVV loop duration: 0.647s
XWEL loop duration: 0.007s
XXI loop duration: 0.006s
XXII loop duration: 0.006s
XXRP loop duration: 0.006s
XXV loop duration: 0.006s
XXX loop duration: 0.292s
XYF loop duration: 0.006s
XYL loop duration: 0.006s
XYLD loop duration: 0.406s
XYLG loop duration: 0.042s
XYZ loop duration: 0.008s
XYZG loop duration: 0.294s
XYZY loop duration: 0.007s
XZO loop duration: 0.006s
YAAS loop duration: 0.007s
YALA loop duration: 0.006s
YALL loop duration: 0.387s
YANG loop duration: 0.008s
YB loop duration: 0.007s
YBIT loop duration: 0.007s
YBMN loop duration: 0.006s
YBST loop duration: 0.005s
YBTC loop duration: 0.007s
YBTY loop duration: 0.005s
YCBD loop duration: 0.006s
YCL loop duration: 0.006s
YCS loop duration: 0.041s
YCY loop duration: 0.428s
YDDL loop duration: 0.007s
YDEC loop duration: 0.622s
YDES loop duration: 0.007s
YDESW loop duration: 0.007s
YDKG loop duration: 0.007s
YEAR loop duration: 0.634s
YELP loop duration: 0.008s
YETH loop duration: 0.008s
YETI loop duration: 0.039s
YEXT loop duration: 0.007s
YFFI loop duration: 0.045s
YFYA loop duration: 0.752s
YGLD loop duration: 0.008s
YHC loop duration: 0.008s
YHGJ loop duration: 0.046s
YHNA loop duration: 0.262s
YHNAR loop duration: 0.007s
YHNAU loop duration: 0.338s
YI loop duration: 0.008s
YIBO loop duration: 0.007s
YINN loop duration: 0.007s
YJ loop duration: 0.007s
YJUN loop duration: 0.623s
YLD loop duration: 0.373s
YLDE loop duration: 0.600s
YLDW loop duration: 0.604s
YMAG loop duration: 0.007s
YMAR loop duration: 0.590s
YMAT loop duration: 0.042s
YMAX loop duration: 0.007s
YMM loop duration: 0.007s
YMT loop duration: 0.042s
YNOT loop duration: 0.506s
YOKE loop duration: 0.734s
YOLO loop duration: 0.010s
YOOV loop duration: 0.009s
YORW loop duration: 0.008s
YOU loop duration: 0.357s
YOUL loop duration: 0.008s
YPF loop duration: 0.333s
YQ loop duration: 0.041s
YQQQ loop duration: 0.007s
YRD loop duration: 0.007s
YSEP loop duration: 0.670s
YSG loop duration: 0.007s
YSPY loop duration: 0.007s
YSS loop duration: 0.006s
YSXT loop duration: 0.006s
YTRA loop duration: 0.006s
YUM loop duration: 0.006s
YUMC loop duration: 0.006s
Scanned 12000/12092...
YXI loop duration: 0.388s
YXT loop duration: 0.007s
YYAI loop duration: 0.046s
YYGH loop duration: 0.007s
YYY loop duration: 0.330s
Z loop duration: 0.007s
ZALT loop duration: 0.564s
ZAP loop duration: 0.529s
ZAPR loop duration: 0.599s
ZAUG loop duration: 0.516s
ZBAO loop duration: 0.054s
ZBH loop duration: 0.007s
ZBIO loop duration: 0.007s
ZBRA loop duration: 0.006s
ZCBA loop duration: 0.301s
ZCBB loop duration: 0.263s
ZCBC loop duration: 0.300s
ZCBE loop duration: 0.355s
ZCBF loop duration: 0.239s
ZCBG loop duration: 0.252s
ZCMD loop duration: 0.007s
ZD loop duration: 0.008s
ZDAI loop duration: 0.007s
ZDEK loop duration: 0.542s
ZDGE loop duration: 0.007s
ZECP loop duration: 0.523s
ZENA loop duration: 0.008s
ZEO loop duration: 0.008s
ZEOWW loop duration: 0.007s
ZEPP loop duration: 0.007s
ZETA loop duration: 0.008s
ZETX loop duration: 0.005s
ZFEB loop duration: 0.519s
ZG loop duration: 0.007s
ZGN loop duration: 0.674s
ZH loop duration: 0.008s
ZHDG loop duration: 0.711s
ZHOG loop duration: 0.339s
ZIG loop duration: 0.059s
ZIM loop duration: 0.008s
ZION loop duration: 0.457s
ZIONP loop duration: 0.007s
ZIP loop duration: 0.006s
ZIVO loop duration: 0.220s
ZJAN loop duration: 0.554s
ZJK loop duration: 0.007s
ZJUL loop duration: 0.644s
ZJUN loop duration: 0.481s
ZKH loop duration: 0.006s
ZKIN loop duration: 0.006s
ZKP loop duration: 0.464s
ZKPU loop duration: 0.561s
ZKPW loop duration: 0.043s
ZLAB loop duration: 0.007s
ZM loop duration: 0.007s
ZMAR loop duration: 0.476s
ZMAY loop duration: 0.511s
ZMUN loop duration: 0.551s
ZNB loop duration: 0.008s
ZNOV loop duration: 0.649s
ZNTL loop duration: 0.007s
ZOCT loop duration: 0.564s
ZONE loop duration: 0.039s
ZOOZ loop duration: 0.008s
ZOOZW loop duration: 0.007s
ZROZ loop duration: 0.006s
ZS loop duration: 0.007s
ZSB loop duration: 0.250s
ZSC loop duration: 0.275s
ZSEP loop duration: 0.503s
ZSL loop duration: 0.009s
ZSQR loop duration: 0.008s
ZSTK loop duration: 0.008s
ZTAX loop duration: 0.007s
ZTEK loop duration: 0.045s
ZTEN loop duration: 0.334s
ZTG loop duration: 0.007s
ZTO loop duration: 0.007s
ZTOP loop duration: 0.669s
ZTR loop duration: 0.551s
ZTRE loop duration: 0.617s
ZTS loop duration: 0.006s
ZTWO loop duration: 0.545s
ZUMZ loop duration: 0.008s
ZURA loop duration: 0.007s
ZVIA loop duration: 0.081s
ZVOL loop duration: 0.008s
ZVRA loop duration: 0.008s
ZWS loop duration: 0.404s
ZYBT loop duration: 0.007s
ZYME loop duration: 0.007s
Successfully wrote screener results to /Users/amitkumar/Desktop/SectorTrackerApp/public/screener_results.json
